Microchip MPLAB XC8 Compiler V1.34 ()

Linker command line:

-W-3 --edf=E:\XC8\dat\en_msgs.txt -cs \
  -h+dist/default/production\Lab10p4.X.production.sym \
  --cmf=dist/default/production\Lab10p4.X.production.cmf -z -Q18F4620 \
  -oC:\Users\johnn\AppData\Local\Temp\s2d7k.6 \
  -Mdist/default/production/Lab10p4.X.production.map -E1 -ver=XC8 \
  -ASTACK=0154h-0f7fh -pstack=STACK -ACODE=00h-0FFFFh -ACONST=00h-0FFFFh \
  -ASMALLCONST=01000h-010FFhx240 -AMEDIUMCONST=01000h-0FFFFh \
  -ACOMRAM=01h-07Fh -AABS1=00h-0F7Fh -ABIGRAM=01h-0F7Fh \
  -ARAM=080h-0FFh,0100h-01FFhx14,0F00h-0F7Fh -ABANK0=080h-0FFh \
  -ABANK1=0100h-01FFh -ABANK2=0200h-02FFh -ABANK3=0300h-03FFh \
  -ABANK4=0400h-04FFh -ABANK5=0500h-05FFh -ABANK6=0600h-06FFh \
  -ABANK7=0700h-07FFh -ABANK8=0800h-08FFh -ABANK9=0900h-09FFh \
  -ABANK10=0A00h-0AFFh -ABANK11=0B00h-0BFFh -ABANK12=0C00h-0CFFh \
  -ABANK13=0D00h-0DFFh -ABANK14=0E00h-0EFFh -ABANK15=0F00h-0F7Fh \
  -ASFR=0F80h-0FFFh \
  -preset_vec=00h,intcode=08h,intcodelo,powerup,init,end_init \
  -pramtop=01000h -psmallconst=SMALLCONST -pmediumconst=MEDIUMCONST \
  -pconst=CONST -AFARRAM=00h-00h -ACONFIG=0300000h-030000Dh -pconfig=CONFIG \
  -AIDLOC=0200000h-0200007h -pidloc=IDLOC -AEEDATA=0F00000h-0F003FFh \
  -peeprom_data=EEDATA \
  -prdata=COMRAM,nvrram=COMRAM,nvbit=COMRAM,rbss=COMRAM,rbit=COMRAM \
  -pfarbss=FARRAM,fardata=FARRAM,nvFARRAM=FARRAM \
  -pintsave_regs=BIGRAM,bigbss=BIGRAM,bigdata=BIGRAM -pbss=RAM \
  -pidata=CODE,irdata=CODE,ibigdata=CODE,ifardata=CODE -prparam=COMRAM \
  C:\Users\johnn\AppData\Local\Temp\s2d7k.obj \
  dist/default/production\Lab10p4.X.production.obj 

Object code version is 3.11

Machine type is 18F4620

Call graph: (short form)




                Name                               Link     Load   Length Selector   Space Scale
C:\Users\johnn\AppData\Local\Temp\s2d7k.obj
                end_init                             18       18        4        4       0
                reset_vec                             0        0        4        0       0
                idloc                            200000   200000        8   200000       0
                config                           300000   300000        E   300000       0
dist/default/production\Lab10p4.X.production.obj
                intcode                               8        8       10        4       0
                mediumconst                        FD48     FD48      2B8     7EA4       0
                text61                             1BC8     1BC8        8      BBC       0
                text60                              8DC      8DC      160        4       0
                text59                             1B86     1B86        C      BBC       0
                intcode_body                       12F6     12F6       7C        4       0
                text57                             1B7A     1B7A        C      BBC       0
                text56                             1BC0     1BC0        8      BBC       0
                text55                             1BB8     1BB8        8      BBC       0
                text54                             1BA6     1BA6        A      BBC       0
                text53                             1AA6     1AA6       16      BBC       0
                text52                             1B2C     1B2C       12      BBC       0
                text51                             1B9C     1B9C        A      BBC       0
                text50                             1778     1778       48      BBC       0
                text49                             1B1A     1B1A       12      BBC       0
                text48                             1B08     1B08       12      BBC       0
                text47                             1880     1880       3E      BBC       0
                text46                             18BE     18BE       3C      BBC       0
                text45                             1532     1532       64        4       0
                text44                             14CC     14CC       66        4       0
                text43                             1A74     1A74       1A      BBC       0
                text42                             1A00     1A00       20      BBC       0
                text41                             1A20     1A20       1E      BBC       0
                text40                             1B92     1B92        A      BBC       0
                text39                             19B6     19B6       28      BBC       0
                text38                             1644     1644       52        4       0
                text37                             1AF6     1AF6       12      BBC       0
                text36                             1AD0     1AD0       14      BBC       0
                text35                             1B4E     1B4E       10      BBC       0
                text34                             1B3E     1B3E       10      BBC       0
                text33                              DE0      DE0      110        4       0
                text32                             1842     1842       3E      BBC       0
                text31                              EF0      EF0       F2        4       0
                text30                             198C     198C       2A      BBC       0
                text29                             1696     1696       4E        4       0
                text28                             195C     195C       30      BBC       0
                text27                             126E     126E       88        4       0
                text26                             16E4     16E4       4A        4       0
                text25                              A3C      A3C      156        4       0
                text24                             1804     1804       3E      BBC       0
                text23                              CCA      CCA      116        4       0
                text22                              FE2      FE2       DC        4       0
                text21                             1A3E     1A3E       1C      BBC       0
                text20                             18FA     18FA       32      BBC       0
                text19                             1154     1154       8E        4       0
                text18                             192C     192C       30      BBC       0
                text17                             145C     145C       70        4       0
                text16                             1ABC     1ABC       14      BBC       0
                text15                             17C0     17C0       44      BBC       0
                text14                             1A8E     1A8E       18      BBC       0
                text13                             1AE4     1AE4       12      BBC       0
                text12                             1BB0     1BB0        8      BBC       0
                text11                             1A5A     1A5A       1A      BBC       0
                text10                             1B6C     1B6C        E      BBC       0
                text9                              10BE     10BE       96        4       0
                text8                               72E      72E      1AE        4       0
                text7                               B92      B92      138        4       0
                text6                              1596     1596       5A        4       0
                text5                              11E2     11E2       8C        4       0
                text4                              13EC     13EC       70        4       0
                text3                              19DE     19DE       22      BBC       0
                text2                              1B5E     1B5E        E      BBC       0
                text1                                1C       1C      4D6        4       0
                text0                               4F2      4F2      23C        4       0
                cstackCOMRAM                          1        1       40        1       1
                cstackBANK0                          EA       EA       14       80       1
                dataBANK1                           100      100       54      100       1
                dataBANK0                            80       80       49       80       1
                bssBANK0                             C9       C9       21       80       1
                dataCOMRAM                           6E       6E        2        1       1
                bssCOMRAM                            41       41       2D        1       1
                cinit                              1372     1372       7A        4       0
                idataBANK1                         15F0     15F0       54        4       0
                idataBANK0                         172E     172E       49        4       0
                idataCOMRAM                        1BD0     1BD0        2      BBC       0

TOTAL           Name                               Link     Load   Length     Space
        CLASS   STACK          

        CLASS   CODE           
                end_init                             18       18        4         0
                intcode                               8        8       10         0
                reset_vec                             0        0        4         0
                text61                             1BC8     1BC8        8         0
                text60                              8DC      8DC      160         0
                text59                             1B86     1B86        C         0
                intcode_body                       12F6     12F6       7C         0
                text57                             1B7A     1B7A        C         0
                text56                             1BC0     1BC0        8         0
                text55                             1BB8     1BB8        8         0
                text54                             1BA6     1BA6        A         0
                text53                             1AA6     1AA6       16         0
                text52                             1B2C     1B2C       12         0
                text51                             1B9C     1B9C        A         0
                text50                             1778     1778       48         0
                text49                             1B1A     1B1A       12         0
                text48                             1B08     1B08       12         0
                text47                             1880     1880       3E         0
                text46                             18BE     18BE       3C         0
                text45                             1532     1532       64         0
                text44                             14CC     14CC       66         0
                text43                             1A74     1A74       1A         0
                text42                             1A00     1A00       20         0
                text41                             1A20     1A20       1E         0
                text40                             1B92     1B92        A         0
                text39                             19B6     19B6       28         0
                text38                             1644     1644       52         0
                text37                             1AF6     1AF6       12         0
                text36                             1AD0     1AD0       14         0
                text35                             1B4E     1B4E       10         0
                text34                             1B3E     1B3E       10         0
                text33                              DE0      DE0      110         0
                text32                             1842     1842       3E         0
                text31                              EF0      EF0       F2         0
                text30                             198C     198C       2A         0
                text29                             1696     1696       4E         0
                text28                             195C     195C       30         0
                text27                             126E     126E       88         0
                text26                             16E4     16E4       4A         0
                text25                              A3C      A3C      156         0
                text24                             1804     1804       3E         0
                text23                              CCA      CCA      116         0
                text22                              FE2      FE2       DC         0
                text21                             1A3E     1A3E       1C         0
                text20                             18FA     18FA       32         0
                text19                             1154     1154       8E         0
                text18                             192C     192C       30         0
                text17                             145C     145C       70         0
                text16                             1ABC     1ABC       14         0
                text15                             17C0     17C0       44         0
                text14                             1A8E     1A8E       18         0
                text13                             1AE4     1AE4       12         0
                text12                             1BB0     1BB0        8         0
                text11                             1A5A     1A5A       1A         0
                text10                             1B6C     1B6C        E         0
                text9                              10BE     10BE       96         0
                text8                               72E      72E      1AE         0
                text7                               B92      B92      138         0
                text6                              1596     1596       5A         0
                text5                              11E2     11E2       8C         0
                text4                              13EC     13EC       70         0
                text3                              19DE     19DE       22         0
                text2                              1B5E     1B5E        E         0
                text1                                1C       1C      4D6         0
                text0                               4F2      4F2      23C         0
                cinit                              1372     1372       7A         0
                idataBANK1                         15F0     15F0       54         0
                idataBANK0                         172E     172E       49         0
                idataCOMRAM                        1BD0     1BD0        2         0

        CLASS   CONST          

        CLASS   SMALLCONST     

        CLASS   MEDIUMCONST    
                mediumconst                        FD48     FD48      2B8         0

        CLASS   COMRAM         
                cstackCOMRAM                          1        1       40         1
                dataCOMRAM                           6E       6E        2         1
                bssCOMRAM                            41       41       2D         1

        CLASS   ABS1           

        CLASS   BIGRAM         

        CLASS   RAM            

        CLASS   BANK0          
                cstackBANK0                          EA       EA       14         1
                dataBANK0                            80       80       49         1
                bssBANK0                             C9       C9       21         1

        CLASS   BANK1          
                dataBANK1                           100      100       54         1

        CLASS   BANK2          

        CLASS   BANK3          

        CLASS   BANK4          

        CLASS   BANK5          

        CLASS   BANK6          

        CLASS   BANK7          

        CLASS   BANK8          

        CLASS   BANK9          

        CLASS   BANK10         

        CLASS   BANK11         

        CLASS   BANK12         

        CLASS   BANK13         

        CLASS   BANK14         

        CLASS   BANK15         

        CLASS   SFR            

        CLASS   FARRAM         

        CLASS   CONFIG         
                config                           300000   300000        E         0

        CLASS   IDLOC          
                idloc                            200000   200000        8         0

        CLASS   EEDATA         



SEGMENTS        Name                           Load    Length   Top    Selector   Space  Class

                reset_vec                      000000  000004  000004         0       0  CODE    
                cstackCOMRAM                   000001  00006F  000070         1       1  COMRAM  
                intcode                        000008  00176F  001777         4       0  CODE    
                dataBANK0                      000080  00007E  0000FE        80       1  BANK0   
                dataBANK1                      000100  000054  000154       100       1  BANK1   
                text50                         001778  00045A  001BD2       BBC       0  CODE    
                mediumconst                    00FD48  0002B8  010000      7EA4       0  MEDIUMCO
                idloc                          200000  000008  200008    200000       0  IDLOC   
                config                         300000  00000E  30000E    300000       0  CONFIG  


UNUSED ADDRESS RANGES

        Name                Unused          Largest block    Delta
        BANK0            0000FE-0000FF                2
        BANK1            000154-0001FF               AC
        BANK10           000A00-000AFF              100
        BANK11           000B00-000BFF              100
        BANK12           000C00-000CFF              100
        BANK13           000D00-000DFF              100
        BANK14           000E00-000EFF              100
        BANK15           000F00-000F7F               80
        BANK2            000200-0002FF              100
        BANK3            000300-0003FF              100
        BANK4            000400-0004FF              100
        BANK5            000500-0005FF              100
        BANK6            000600-0006FF              100
        BANK7            000700-0007FF              100
        BANK8            000800-0008FF              100
        BANK9            000900-0009FF              100
        BIGRAM           000070-00007F               10
                         0000FE-0000FF                2
                         000154-000F7F              E2C
        CODE             000004-000007                4
                         001777-001777                1
                         001BD2-00FD47             E176
        COMRAM           000070-00007F               10
        CONST            000004-000007                4
                         001777-001777                1
                         001BD2-00FD47             E176
        EEDATA           F00000-F003FF              400
        MEDIUMCONST      001777-001777                1
                         001BD2-00FD47             E176
        RAM              0000FE-0000FF                2
                         000154-000F7F              100
        SFR              000F80-000FFF               80
        SMALLCONST       001777-001777                1
                         001BD2-00FD47              100
        STACK            000154-000F7F              E2C

                                  Symbol Table

?_DS1621_Read_Temp                   cstackCOMRAM 000014
?___awdiv                            cstackCOMRAM 000017
?___lldiv                            cstackCOMRAM 000011
?___llmod                            cstackCOMRAM 00001E
?___wmul                             cstackCOMRAM 000011
?_printf                             cstackCOMRAM 000027
?_strlen                             cstackCOMRAM 000011
DS1621_Init@Device                   cstackCOMRAM 000016
DS1621_Read_Temp@Cmd                 cstackCOMRAM 000016
DS1621_Read_Temp@Data_Ret            cstackCOMRAM 000017
DS1621_Read_Temp@Device              cstackCOMRAM 000018
DS3231_Read_Time@Address             cstackCOMRAM 000014
DS3231_Read_Time@Device              cstackCOMRAM 000015
DS3231_Setup_Time@Address            cstackCOMRAM 000014
DS3231_Setup_Time@Device             cstackCOMRAM 000013
Do_LED@digit                         cstackCOMRAM 000011
I2C_Init@c                           cstackCOMRAM 000011
I2C_Read@ack                         cstackCOMRAM 000011
I2C_Read@inByte                      cstackCOMRAM 000013
I2C_Read@n                           cstackCOMRAM 000012
I2C_Write@n                          cstackCOMRAM 000012
I2C_Write@outByte                    cstackCOMRAM 000011
I2C_Write_Cmd_Only@Cmd               cstackCOMRAM 000013
I2C_Write_Cmd_Only@Device            cstackCOMRAM 000014
I2C_Write_Cmd_Write_Data@Cmd         cstackCOMRAM 000013
I2C_Write_Cmd_Write_Data@Data_Out    cstackCOMRAM 000014
I2C_Write_Cmd_Write_Data@Device      cstackCOMRAM 000015
OpenUSART@config                     cstackCOMRAM 000013
OpenUSART@spbrg                      cstackCOMRAM 000011
_ADCON1                              (abs)        000FC1
_Activate_Buzzer                     text13       001AE4
_Address                             bssCOMRAM    00004B
_CCP2CON                             (abs)        000FBA
_CCPR2L                              (abs)        000FBB
_Cmd                                 bssCOMRAM    00004C
_DS1621_Init                         text41       001A20
_DS1621_Read_Temp                    text46       0018BE
_DS3231_Read_Time                    text45       001532
_DS3231_Setup_Time                   text44       0014CC
_Deactivate_Buzzer                   text12       001BB0
_Device                              bssCOMRAM    00004D
_Display_D1                          dataBANK0    0000BF
_Do_Init                             text15       0017C0
_Do_LED                              text14       001A8E
_I2C_Init                            text40       001B92
_I2C_ReStart                         text53       001AA6
_I2C_Read                            text50       001778
_I2C_Start                           text49       001B1A
_I2C_Stop                            text48       001B08
_I2C_Write                           text47       001880
_I2C_Write_Cmd_Only                  text43       001A74
_I2C_Write_Cmd_Write_Data            text42       001A00
_INT0_isr                            text60       0008DC
_INTCON2bits                         (abs)        000FF1
_INTCONbits                          (abs)        000FF2
_Initialize_Screen                   text19       001154
_LCD_Reset                           text37       001AF6
_Nec_code                            bssCOMRAM    000041
_Nec_code1                           bssCOMRAM    00004E
_Nec_state                           bssCOMRAM    00004F
_OSCCON                              (abs)        000FD3
_OpenUSART                           text17       00145C
_PIE1bits                            (abs)        000F9D
_PIR1bits                            (abs)        000F9E
_PIR2bits                            (abs)        000FA1
_PORTA                               (abs)        000F80
_PORTBbits                           (abs)        000F81
_PORTCbits                           (abs)        000F82
_PORTDbits                           (abs)        000F83
_PORTEbits                           (abs)        000F84
_PR2                                 (abs)        000FCB
_RBPU                                (abs)        007F8F
_RCSTA                               (abs)        000FAB
_RCSTAbits                           (abs)        000FAB
_Rcmd1                               text33       000DE0
_Rcmd2red                            text32       001842
_Rcmd3                               text31       000EF0
_SPBRG                               (abs)        000FAF
_SPBRGH                              (abs)        000FB0
_SSPBUF                              (abs)        000FC9
_SSPCON1                             (abs)        000FC6
_SSPSTAT                             (abs)        000FC7
_SSPSTATbits                         (abs)        000FC7
_T0CON                               (abs)        000FD5
_T0CONbits                           (abs)        000FD5
_T1CON                               (abs)        000FCD
_T1CONbits                           (abs)        000FCD
_T2CON                               (abs)        000FCA
_T3CON                               (abs)        000FB1
_T3CONbits                           (abs)        000FB1
_TFT_GreenTab_Initialize             text30       00198C
_TIMER1_isr                          text59       001B86
_TMR0H                               (abs)        000FD7
_TMR0L                               (abs)        000FD6
_TMR1H                               (abs)        000FCF
_TMR1L                               (abs)        000FCE
_TMR3H                               (abs)        000FB3
_TMR3L                               (abs)        000FB2
_TRISA                               (abs)        000F92
_TRISB                               (abs)        000F93
_TRISC                               (abs)        000F94
_TRISCbits                           (abs)        000F94
_TRISD                               (abs)        000F95
_TRISE                               (abs)        000F96
_TRMT                                (abs)        007D61
_TXREG                               (abs)        000FAD
_TXSTA                               (abs)        000FAC
_TXSTAbits                           (abs)        000FAC
_TempSecond                          bssCOMRAM    000050
_Time_Elapsed                        bssCOMRAM    000045
_Wait_Half_Second                    text11       001A5A
_Wait_Half_Second_With_Beep          text10       001B6C
__CFG_BOREN$OFF                      (abs)        000000
__CFG_CCP2MX$PORTBE                  (abs)        000000
__CFG_LVP$OFF                        (abs)        000000
__CFG_OSC$INTIO67                    (abs)        000000
__CFG_WDT$OFF                        (abs)        000000
__HRAM                               (abs)        000000
__Habs1                              abs1         000000
__Hbank0                             bank0        000000
__Hbank1                             bank1        000000
__Hbank10                            bank10       000000
__Hbank11                            bank11       000000
__Hbank12                            bank12       000000
__Hbank13                            bank13       000000
__Hbank14                            bank14       000000
__Hbank15                            bank15       000000
__Hbank2                             bank2        000000
__Hbank3                             bank3        000000
__Hbank4                             bank4        000000
__Hbank5                             bank5        000000
__Hbank6                             bank6        000000
__Hbank7                             bank7        000000
__Hbank8                             bank8        000000
__Hbank9                             bank9        000000
__Hbigbss                            bigbss       000000
__Hbigdata                           bigdata      000000
__Hbigram                            bigram       000000
__Hbss                               bss          000000
__HbssBANK0                          bssBANK0     000000
__HbssCOMRAM                         bssCOMRAM    000000
__Hcinit                             cinit        000000
__Hclrtext                           clrtext      000000
__Hcomram                            comram       000000
__Hconfig                            config       30000E
__Hconst                             const        000000
__HcstackBANK0                       cstackBANK0  000000
__HcstackCOMRAM                      cstackCOMRAM 000000
__Hdata                              data         000000
__HdataBANK0                         dataBANK0    000000
__HdataBANK1                         dataBANK1    000000
__HdataCOMRAM                        dataCOMRAM   000000
__Heeprom_data                       eeprom_data  000000
__Hend_init                          end_init     00001C
__Hfarbss                            farbss       000000
__Hfardata                           fardata      000000
__Hibigdata                          ibigdata     000000
__Hidata                             idata        000000
__HidataBANK0                        idataBANK0   000000
__HidataBANK1                        idataBANK1   000000
__HidataCOMRAM                       idataCOMRAM  000000
__Hidloc                             idloc        200008
__Hifardata                          ifardata     000000
__Hinit                              init         000018
__Hintcode                           intcode      000018
__Hintcode_body                      intcode_body 000000
__Hintcodelo                         intcodelo    000018
__Hintentry                          intentry     000000
__Hintret                            intret       000000
__Hintsave_regs                      intsave_regs 000000
__Hirdata                            irdata       000000
__Hmediumconst                       mediumconst  010000
__HnvFARRAM                          nvFARRAM     000000
__Hnvbit                             nvbit        000000
__Hnvrram                            nvrram       000000
__Hparam                             rparam       000000
__Hpowerup                           powerup      000018
__Hram                               ram          000000
__Hramtop                            ramtop       001000
__Hrbit                              rbit         000000
__Hrbss                              rbss         000000
__Hrdata                             rdata        000000
__Hreset_vec                         reset_vec    000004
__Hrparam                            rparam       000000
__Hsfr                               sfr          000000
__Hsmallconst                        smallconst   000000
__Hspace_0                           (abs)        30000E
__Hspace_1                           (abs)        000154
__Hspace_2                           (abs)        000000
__Hstack                             stack        000000
__Hstruct                            struct       000000
__Htemp                              temp         000000
__Htext                              text         000000
__Htext0                             text0        000000
__Htext1                             text1        000000
__Htext10                            text10       000000
__Htext11                            text11       000000
__Htext12                            text12       000000
__Htext13                            text13       000000
__Htext14                            text14       000000
__Htext15                            text15       000000
__Htext16                            text16       000000
__Htext17                            text17       000000
__Htext18                            text18       000000
__Htext19                            text19       000000
__Htext2                             text2        000000
__Htext20                            text20       000000
__Htext21                            text21       000000
__Htext22                            text22       000000
__Htext23                            text23       000000
__Htext24                            text24       000000
__Htext25                            text25       000000
__Htext26                            text26       000000
__Htext27                            text27       000000
__Htext28                            text28       000000
__Htext29                            text29       000000
__Htext3                             text3        000000
__Htext30                            text30       000000
__Htext31                            text31       000000
__Htext32                            text32       000000
__Htext33                            text33       000000
__Htext34                            text34       000000
__Htext35                            text35       000000
__Htext36                            text36       000000
__Htext37                            text37       000000
__Htext38                            text38       000000
__Htext39                            text39       000000
__Htext4                             text4        000000
__Htext40                            text40       000000
__Htext41                            text41       000000
__Htext42                            text42       000000
__Htext43                            text43       000000
__Htext44                            text44       000000
__Htext45                            text45       000000
__Htext46                            text46       000000
__Htext47                            text47       000000
__Htext48                            text48       000000
__Htext49                            text49       000000
__Htext5                             text5        000000
__Htext50                            text50       000000
__Htext51                            text51       000000
__Htext52                            text52       000000
__Htext53                            text53       000000
__Htext54                            text54       000000
__Htext55                            text55       000000
__Htext56                            text56       000000
__Htext57                            text57       000000
__Htext59                            text59       000000
__Htext6                             text6        000000
__Htext60                            text60       000000
__Htext61                            text61       000000
__Htext7                             text7        000000
__Htext8                             text8        000000
__Htext9                             text9        000000
__LRAM                               (abs)        000001
__Labs1                              abs1         000000
__Lbank0                             bank0        000000
__Lbank1                             bank1        000000
__Lbank10                            bank10       000000
__Lbank11                            bank11       000000
__Lbank12                            bank12       000000
__Lbank13                            bank13       000000
__Lbank14                            bank14       000000
__Lbank15                            bank15       000000
__Lbank2                             bank2        000000
__Lbank3                             bank3        000000
__Lbank4                             bank4        000000
__Lbank5                             bank5        000000
__Lbank6                             bank6        000000
__Lbank7                             bank7        000000
__Lbank8                             bank8        000000
__Lbank9                             bank9        000000
__Lbigbss                            bigbss       000000
__Lbigdata                           bigdata      000000
__Lbigram                            bigram       000000
__Lbss                               bss          000000
__LbssBANK0                          bssBANK0     000000
__LbssCOMRAM                         bssCOMRAM    000000
__Lcinit                             cinit        000000
__Lclrtext                           clrtext      000000
__Lcomram                            comram       000000
__Lconfig                            config       300000
__Lconst                             const        000000
__LcstackBANK0                       cstackBANK0  000000
__LcstackCOMRAM                      cstackCOMRAM 000000
__Ldata                              data         000000
__LdataBANK0                         dataBANK0    000000
__LdataBANK1                         dataBANK1    000000
__LdataCOMRAM                        dataCOMRAM   000000
__Leeprom_data                       eeprom_data  000000
__Lend_init                          end_init     000018
__Lfarbss                            farbss       000000
__Lfardata                           fardata      000000
__Libigdata                          ibigdata     000000
__Lidata                             idata        000000
__LidataBANK0                        idataBANK0   000000
__LidataBANK1                        idataBANK1   000000
__LidataCOMRAM                       idataCOMRAM  000000
__Lidloc                             idloc        200000
__Lifardata                          ifardata     000000
__Linit                              init         000018
__Lintcode                           intcode      000008
__Lintcode_body                      intcode_body 000000
__Lintcodelo                         intcodelo    000018
__Lintentry                          intentry     000000
__Lintret                            intret       000000
__Lintsave_regs                      intsave_regs 000000
__Lirdata                            irdata       000000
__Lmediumconst                       mediumconst  00FD48
__LnvFARRAM                          nvFARRAM     000000
__Lnvbit                             nvbit        000000
__Lnvrram                            nvrram       000000
__Lparam                             rparam       000000
__Lpowerup                           powerup      000018
__Lram                               ram          000000
__Lramtop                            ramtop       001000
__Lrbit                              rbit         000000
__Lrbss                              rbss         000000
__Lrdata                             rdata        000000
__Lreset_vec                         reset_vec    000000
__Lrparam                            rparam       000000
__Lsfr                               sfr          000000
__Lsmallconst                        smallconst   000000
__Lspace_0                           (abs)        000000
__Lspace_1                           (abs)        000000
__Lspace_2                           (abs)        000000
__Lstack                             stack        000000
__Lstruct                            struct       000000
__Ltemp                              temp         000000
__Ltext                              text         000000
__Ltext0                             text0        000000
__Ltext1                             text1        000000
__Ltext10                            text10       000000
__Ltext11                            text11       000000
__Ltext12                            text12       000000
__Ltext13                            text13       000000
__Ltext14                            text14       000000
__Ltext15                            text15       000000
__Ltext16                            text16       000000
__Ltext17                            text17       000000
__Ltext18                            text18       000000
__Ltext19                            text19       000000
__Ltext2                             text2        000000
__Ltext20                            text20       000000
__Ltext21                            text21       000000
__Ltext22                            text22       000000
__Ltext23                            text23       000000
__Ltext24                            text24       000000
__Ltext25                            text25       000000
__Ltext26                            text26       000000
__Ltext27                            text27       000000
__Ltext28                            text28       000000
__Ltext29                            text29       000000
__Ltext3                             text3        000000
__Ltext30                            text30       000000
__Ltext31                            text31       000000
__Ltext32                            text32       000000
__Ltext33                            text33       000000
__Ltext34                            text34       000000
__Ltext35                            text35       000000
__Ltext36                            text36       000000
__Ltext37                            text37       000000
__Ltext38                            text38       000000
__Ltext39                            text39       000000
__Ltext4                             text4        000000
__Ltext40                            text40       000000
__Ltext41                            text41       000000
__Ltext42                            text42       000000
__Ltext43                            text43       000000
__Ltext44                            text44       000000
__Ltext45                            text45       000000
__Ltext46                            text46       000000
__Ltext47                            text47       000000
__Ltext48                            text48       000000
__Ltext49                            text49       000000
__Ltext5                             text5        000000
__Ltext50                            text50       000000
__Ltext51                            text51       000000
__Ltext52                            text52       000000
__Ltext53                            text53       000000
__Ltext54                            text54       000000
__Ltext55                            text55       000000
__Ltext56                            text56       000000
__Ltext57                            text57       000000
__Ltext59                            text59       000000
__Ltext6                             text6        000000
__Ltext60                            text60       000000
__Ltext61                            text61       000000
__Ltext7                             text7        000000
__Ltext8                             text8        000000
__Ltext9                             text9        000000
__S0                                 (abs)        30000E
__S1                                 (abs)        000154
__S2                                 (abs)        000000
___awdiv                             text9        0010BE
___awdiv@counter                     cstackCOMRAM 00001B
___awdiv@dividend                    cstackCOMRAM 000017
___awdiv@divisor                     cstackCOMRAM 000019
___awdiv@quotient                    cstackCOMRAM 00001D
___awdiv@sign                        cstackCOMRAM 00001C
___inthi_sp                          stack        000000
___intlo_sp                          stack        000000
___lldiv                             text5        0011E2
___lldiv@counter                     cstackCOMRAM 00001D
___lldiv@dividend                    cstackCOMRAM 000011
___lldiv@divisor                     cstackCOMRAM 000015
___lldiv@quotient                    cstackCOMRAM 000019
___llmod                             text4        0013EC
___llmod@counter                     cstackCOMRAM 000026
___llmod@dividend                    cstackCOMRAM 00001E
___llmod@divisor                     cstackCOMRAM 000022
___param_bank                        (abs)        000010
___rparam_used                       (abs)        000001
___sp                                stack        000000
___wmul                              text39       0019B6
___wmul@multiplicand                 cstackCOMRAM 000013
___wmul@multiplier                   cstackCOMRAM 000011
___wmul@product                      cstackCOMRAM 000015
__accesstop                          (abs)        000080
__activetblptr                       (abs)        000002
__end_of_Activate_Buzzer             text13       001AF6
__end_of_DS1621_Init                 text41       001A3E
__end_of_DS1621_Read_Temp            text46       0018FA
__end_of_DS3231_Read_Time            text45       001596
__end_of_DS3231_Setup_Time           text44       001532
__end_of_Deactivate_Buzzer           text12       001BB8
__end_of_Do_Init                     text15       001804
__end_of_Do_LED                      text14       001AA6
__end_of_I2C_Init                    text40       001B9C
__end_of_I2C_ReStart                 text53       001ABC
__end_of_I2C_Read                    text50       0017C0
__end_of_I2C_Start                   text49       001B2C
__end_of_I2C_Stop                    text48       001B1A
__end_of_I2C_Write                   text47       0018BE
__end_of_I2C_Write_Cmd_Only          text43       001A8E
__end_of_I2C_Write_Cmd_Write_Data    text42       001A20
__end_of_INT0_isr                    text60       000A3C
__end_of_Initialize_Screen           text19       0011E2
__end_of_LCD_Reset                   text37       001B08
__end_of_OpenUSART                   text17       0014CC
__end_of_Rcmd1                       text33       000EF0
__end_of_Rcmd2red                    text32       001880
__end_of_Rcmd3                       text31       000FE2
__end_of_TFT_GreenTab_Initialize     text30       0019B6
__end_of_TIMER1_isr                  text59       001B92
__end_of_Wait_Half_Second            text11       001A74
__end_of_Wait_Half_Second_With_Beep  text10       001B7A
__end_of___awdiv                     text9        001154
__end_of___lldiv                     text5        00126E
__end_of___llmod                     text4        00145C
__end_of___wmul                      text39       0019DE
__end_of__initialization             cinit        0013E2
__end_of_chkisr                      intcode_body 001372
__end_of_delay_ms                    text38       001696
__end_of_dpowers                     mediumconst  00FF4C
__end_of_drawChar                    text25       000B92
__end_of_drawCircle                  text8        0008DC
__end_of_drawFastVLine               text27       0012F6
__end_of_drawPixel                   text28       00198C
__end_of_drawtext                    text23       000DE0
__end_of_fillCircle                  text6        0015F0
__end_of_fillCircleHelper            text7        000CCA
__end_of_fillRect                    text26       00172E
__end_of_fillRectangle               text22       0010BE
__end_of_fillScreen                  text21       001A5A
__end_of_font                        mediumconst  00FE48
__end_of_font2                       mediumconst  00FF24
__end_of_force_nec_state0            text61       001BD0
__end_of_hexpowers                   mediumconst  00FF6C
__end_of_i2cAck                      text52       001B3E
__end_of_i2cHighScl                  text57       001B86
__end_of_i2cHighSda                  text56       001BC8
__end_of_i2cLowScl                   text55       001BC0
__end_of_i2cLowSda                   text54       001BB0
__end_of_i2cNack                     text51       001BA6
__end_of_init_INTERRUPT              text18       00195C
__end_of_init_UART                   text16       001AD0
__end_of_isdigit                     text3        001A00
__end_of_main                        text0        00072E
__end_of_printf                      text1        0004F2
__end_of_putch                       text2        001B6C
__end_of_setAddrWindow               text29       0016E4
__end_of_spiwrite                    text36       001AE4
__end_of_strcpy                      text20       00192C
__end_of_strlen                      text24       001842
__end_of_write_command               text35       001B5E
__end_of_write_data                  text34       001B4E
__initialization                     cinit        001372
__mediumconst                        mediumconst  00FD48
__pbssBANK0                          bssBANK0     0000C9
__pbssCOMRAM                         bssCOMRAM    000041
__pcinit                             cinit        001372
__pcstackBANK0                       cstackBANK0  0000EA
__pcstackCOMRAM                      cstackCOMRAM 000001
__pdataBANK0                         dataBANK0    000080
__pdataBANK1                         dataBANK1    000100
__pdataCOMRAM                        dataCOMRAM   00006E
__pidataBANK0                        idataBANK0   00172E
__pidataBANK1                        idataBANK1   0015F0
__pidataCOMRAM                       idataCOMRAM  001BD0
__pintcode                           intcode      000008
__pintcode_body                      intcode_body 0012F6
__pmediumconst                       mediumconst  00FD48
__ptext0                             text0        0004F2
__ptext1                             text1        00001C
__ptext10                            text10       001B6C
__ptext11                            text11       001A5A
__ptext12                            text12       001BB0
__ptext13                            text13       001AE4
__ptext14                            text14       001A8E
__ptext15                            text15       0017C0
__ptext16                            text16       001ABC
__ptext17                            text17       00145C
__ptext18                            text18       00192C
__ptext19                            text19       001154
__ptext2                             text2        001B5E
__ptext20                            text20       0018FA
__ptext21                            text21       001A3E
__ptext22                            text22       000FE2
__ptext23                            text23       000CCA
__ptext24                            text24       001804
__ptext25                            text25       000A3C
__ptext26                            text26       0016E4
__ptext27                            text27       00126E
__ptext28                            text28       00195C
__ptext29                            text29       001696
__ptext3                             text3        0019DE
__ptext30                            text30       00198C
__ptext31                            text31       000EF0
__ptext32                            text32       001842
__ptext33                            text33       000DE0
__ptext34                            text34       001B3E
__ptext35                            text35       001B4E
__ptext36                            text36       001AD0
__ptext37                            text37       001AF6
__ptext38                            text38       001644
__ptext39                            text39       0019B6
__ptext4                             text4        0013EC
__ptext40                            text40       001B92
__ptext41                            text41       001A20
__ptext42                            text42       001A00
__ptext43                            text43       001A74
__ptext44                            text44       0014CC
__ptext45                            text45       001532
__ptext46                            text46       0018BE
__ptext47                            text47       001880
__ptext48                            text48       001B08
__ptext49                            text49       001B1A
__ptext5                             text5        0011E2
__ptext50                            text50       001778
__ptext51                            text51       001B9C
__ptext52                            text52       001B2C
__ptext53                            text53       001AA6
__ptext54                            text54       001BA6
__ptext55                            text55       001BB8
__ptext56                            text56       001BC0
__ptext57                            text57       001B7A
__ptext59                            text59       001B86
__ptext6                             text6        001596
__ptext60                            text60       0008DC
__ptext61                            text61       001BC8
__ptext7                             text7        000B92
__ptext8                             text8        00072E
__ptext9                             text9        0010BE
__ramtop                             ramtop       001000
__size_of_Activate_Buzzer            (abs)        000000
__size_of_DS1621_Init                (abs)        000000
__size_of_DS1621_Read_Temp           (abs)        000000
__size_of_DS3231_Read_Time           (abs)        000000
__size_of_DS3231_Setup_Time          (abs)        000000
__size_of_Deactivate_Buzzer          (abs)        000000
__size_of_Do_Init                    (abs)        000000
__size_of_Do_LED                     (abs)        000000
__size_of_I2C_Init                   (abs)        000000
__size_of_I2C_ReStart                (abs)        000000
__size_of_I2C_Read                   (abs)        000000
__size_of_I2C_Start                  (abs)        000000
__size_of_I2C_Stop                   (abs)        000000
__size_of_I2C_Write                  (abs)        000000
__size_of_I2C_Write_Cmd_Only         (abs)        000000
__size_of_I2C_Write_Cmd_Write_Data   (abs)        000000
__size_of_INT0_isr                   (abs)        000000
__size_of_Initialize_Screen          (abs)        000000
__size_of_LCD_Reset                  (abs)        000000
__size_of_OpenUSART                  (abs)        000000
__size_of_Rcmd1                      (abs)        000000
__size_of_Rcmd2red                   (abs)        000000
__size_of_Rcmd3                      (abs)        000000
__size_of_TFT_GreenTab_Initialize    (abs)        000000
__size_of_TIMER1_isr                 (abs)        000000
__size_of_Wait_Half_Second           (abs)        000000
__size_of_Wait_Half_Second_With_Beep (abs)        000000
__size_of___awdiv                    (abs)        000000
__size_of___lldiv                    (abs)        000000
__size_of___llmod                    (abs)        000000
__size_of___wmul                     (abs)        000000
__size_of_chkisr                     (abs)        000000
__size_of_delay_ms                   (abs)        000000
__size_of_drawChar                   (abs)        000000
__size_of_drawCircle                 (abs)        000000
__size_of_drawFastVLine              (abs)        000000
__size_of_drawPixel                  (abs)        000000
__size_of_drawtext                   (abs)        000000
__size_of_fillCircle                 (abs)        000000
__size_of_fillCircleHelper           (abs)        000000
__size_of_fillRect                   (abs)        000000
__size_of_fillRectangle              (abs)        000000
__size_of_fillScreen                 (abs)        000000
__size_of_force_nec_state0           (abs)        000000
__size_of_i2cAck                     (abs)        000000
__size_of_i2cHighScl                 (abs)        000000
__size_of_i2cHighSda                 (abs)        000000
__size_of_i2cLowScl                  (abs)        000000
__size_of_i2cLowSda                  (abs)        000000
__size_of_i2cNack                    (abs)        000000
__size_of_init_INTERRUPT             (abs)        000000
__size_of_init_UART                  (abs)        000000
__size_of_isdigit                    (abs)        000000
__size_of_main                       (abs)        000000
__size_of_printf                     (abs)        000000
__size_of_putch                      (abs)        000000
__size_of_setAddrWindow              (abs)        000000
__size_of_spiwrite                   (abs)        000000
__size_of_strcpy                     (abs)        000000
__size_of_strlen                     (abs)        000000
__size_of_write_command              (abs)        000000
__size_of_write_data                 (abs)        000000
__smallconst                         smallconst   000000
__tft_type                           bssCOMRAM    000051
_alarm_date                          bssCOMRAM    000052
_alarm_hour                          bssCOMRAM    000053
_alarm_minute                        bssCOMRAM    000054
_alarm_second                        bssCOMRAM    000055
_array1                              dataBANK0    0000AA
_bit_count                           bssCOMRAM    000056
_buffer                              bssBANK0     0000CB
_chkisr                              intcode      000008
_color                               dataBANK0    000080
_colstart                            bssCOMRAM    000057
_day                                 bssCOMRAM    000058
_delay_ms                            text38       001644
_dow                                 bssCOMRAM    000059
_dpowers                             mediumconst  00FF24
_drawChar                            text25       000A3C
_drawCircle                          text8        00072E
_drawFastVLine                       text27       00126E
_drawPixel                           text28       00195C
_drawtext                            text23       000CCA
_fillCircle                          text6        001596
_fillCircleHelper                    text7        000B92
_fillRect                            text26       0016E4
_fillRectangle                       text22       000FE2
_fillScreen                          text21       001A3E
_font                                mediumconst  00FD49
_font2                               mediumconst  00FE48
_force_nec_state0                    text61       001BC8
_found                               bssCOMRAM    00005A
_hexpowers                           mediumconst  00FF4C
_hour                                bssCOMRAM    00005B
_i                                   bssCOMRAM    00005C
_i2cAck                              text52       001B2C
_i2cHighScl                          text57       001B7A
_i2cHighSda                          text56       001BC0
_i2cLowScl                           text55       001BB8
_i2cLowSda                           text54       001BA6
_i2cNack                             text51       001B9C
_init_INTERRUPT                      text18       00192C
_init_UART                           text16       001ABC
_isdigit                             text3        0019DE
_isdigit$2066                        cstackCOMRAM 000012
_main                                text0        0004F2
_minute                              bssCOMRAM    00005D
_month                               bssCOMRAM    00005E
_nbr                                 bssBANK0     0000C9
_nec_ok                              bssCOMRAM    000047
_prev_second                         bssCOMRAM    00005F
_printf                              text1        00001C
_putch                               text2        001B5E
_rowstart                            bssCOMRAM    000060
_second                              bssCOMRAM    000061
_setAddrWindow                       text29       001696
_setup_alarm_hour                    bssCOMRAM    000062
_setup_alarm_minute                  bssCOMRAM    000063
_setup_alarm_second                  bssCOMRAM    000064
_setup_day                           bssCOMRAM    000065
_setup_hour                          bssCOMRAM    000066
_setup_minute                        bssCOMRAM    000067
_setup_month                         bssCOMRAM    000068
_setup_second                        bssCOMRAM    000069
_setup_year                          bssCOMRAM    00006A
_spiwrite                            text36       001AD0
_strcpy                              text20       0018FA
_strlen                              text24       001804
_tempF                               bssCOMRAM    00006B
_tempSecond                          dataCOMRAM   00006E
_tempc                               bssCOMRAM    00006C
_txt                                 bssCOMRAM    000049
_txt1                                dataBANK1    000100
_wrap                                dataCOMRAM   00006F
_write_command                       text35       001B4E
_write_data                          text34       001B3E
_year                                bssCOMRAM    00006D
delay_ms@count                       cstackCOMRAM 00001B
delay_ms@ms                          cstackCOMRAM 000017
drawChar@bg                          cstackCOMRAM 000032
drawChar@c                           cstackCOMRAM 00002F
drawChar@color                       cstackCOMRAM 000030
drawChar@i                           cstackCOMRAM 000038
drawChar@j                           cstackCOMRAM 000037
drawChar@line                        cstackCOMRAM 000035
drawChar@size                        cstackCOMRAM 000034
drawChar@x                           cstackCOMRAM 000036
drawChar@y                           cstackCOMRAM 00002E
drawCircle@color                     cstackCOMRAM 000022
drawCircle@ddF_x                     cstackCOMRAM 000026
drawCircle@ddF_y                     cstackCOMRAM 000028
drawCircle@f                         cstackCOMRAM 00002A
drawCircle@r                         cstackCOMRAM 000020
drawCircle@x                         cstackCOMRAM 00002C
drawCircle@x0                        cstackCOMRAM 00001C
drawCircle@y                         cstackCOMRAM 00002E
drawCircle@y0                        cstackCOMRAM 00001E
drawFastVLine@color                  cstackCOMRAM 00001A
drawFastVLine@h                      cstackCOMRAM 000019
drawFastVLine@hi                     cstackCOMRAM 000020
drawFastVLine@lo                     cstackCOMRAM 000021
drawFastVLine@x                      cstackCOMRAM 000022
drawFastVLine@y                      cstackCOMRAM 000018
drawPixel@color                      cstackCOMRAM 000019
drawPixel@x                          cstackCOMRAM 00001B
drawPixel@y                          cstackCOMRAM 000018
drawtext@_text                       cstackCOMRAM 00003A
drawtext@bg                          cstackCOMRAM 00003E
drawtext@color                       cstackCOMRAM 00003C
drawtext@cursor_x                    cstackBANK0  0000F2
drawtext@cursor_y                    cstackBANK0  0000F1
drawtext@i                           cstackBANK0  0000EF
drawtext@size                        cstackCOMRAM 000040
drawtext@textsize                    cstackBANK0  0000ED
drawtext@x                           cstackBANK0  0000EC
drawtext@y                           cstackCOMRAM 000039
end_of_initialization                cinit        0013E2
fillCircle@color                     cstackBANK0  0000F0
fillCircle@r                         cstackBANK0  0000EE
fillCircle@x0                        cstackBANK0  0000EA
fillCircle@y0                        cstackBANK0  0000EC
fillCircleHelper@color               cstackCOMRAM 00002D
fillCircleHelper@cornername          cstackCOMRAM 000029
fillCircleHelper@ddF_x               cstackCOMRAM 000031
fillCircleHelper@ddF_y               cstackCOMRAM 000033
fillCircleHelper@delta               cstackCOMRAM 00002B
fillCircleHelper@f                   cstackCOMRAM 000035
fillCircleHelper@r                   cstackCOMRAM 000027
fillCircleHelper@x                   cstackCOMRAM 000037
fillCircleHelper@x0                  cstackCOMRAM 000023
fillCircleHelper@y                   cstackCOMRAM 000039
fillCircleHelper@y0                  cstackCOMRAM 000025
fillRect@color                       cstackCOMRAM 000026
fillRect@h                           cstackCOMRAM 000025
fillRect@i                           cstackCOMRAM 00002C
fillRect@w                           cstackCOMRAM 000024
fillRect@x                           cstackCOMRAM 00002B
fillRect@y                           cstackCOMRAM 000023
fillRectangle@color                  cstackCOMRAM 00001B
fillRectangle@h                      cstackCOMRAM 00001A
fillRectangle@hi                     cstackCOMRAM 000021
fillRectangle@lo                     cstackCOMRAM 000022
fillRectangle@w                      cstackCOMRAM 000019
fillRectangle@x                      cstackCOMRAM 000023
fillRectangle@y                      cstackCOMRAM 000018
fillScreen@color                     cstackCOMRAM 000024
int_func                             intcode_body 0012F6
intlevel0                            text         000000
intlevel1                            text         000000
intlevel2                            text         000000
intlevel3                            text         000000
isdigit@c                            cstackCOMRAM 000013
main@U                               cstackBANK0  0000F8
main@found                           cstackBANK0  0000FD
main@i                               cstackBANK0  0000FB
main@tempC                           cstackBANK0  0000F9
main@tempF                           cstackBANK0  0000FA
printf@ap                            cstackBANK0  0000ED
printf@c                             cstackBANK0  0000F6
printf@f                             cstackCOMRAM 000027
printf@flag                          cstackBANK0  0000F5
printf@idx                           cstackBANK0  0000EA
printf@prec                          cstackBANK0  0000EB
printf@val                           cstackBANK0  0000EF
printf@width                         cstackBANK0  0000F3
putch@c                              cstackCOMRAM 000011
setAddrWindow@x0                     cstackCOMRAM 000017
setAddrWindow@x1                     cstackCOMRAM 000015
setAddrWindow@y0                     cstackCOMRAM 000014
setAddrWindow@y1                     cstackCOMRAM 000016
spiwrite@spidata                     cstackCOMRAM 000012
spiwrite@x                           cstackCOMRAM 000011
stackhi                              (abs)        000F7F
stacklo                              (abs)        000154
start                                init         000018
start_initialization                 cinit        001372
strcpy@cp                            cstackCOMRAM 000015
strcpy@from                          cstackCOMRAM 000013
strcpy@to                            cstackCOMRAM 000011
strlen@cp                            cstackCOMRAM 000015
strlen@s                             cstackCOMRAM 000011
write_command@cmd_                   cstackCOMRAM 000013
write_data@data_                     cstackCOMRAM 000013


FUNCTION INFORMATION:

 *************** function _main *****************
 Defined at:
		line 209 in file "Lab10p4.c"
 Parameters:    Size  Location     Type
		None
 Auto vars:     Size  Location     Type
  i               2   17[BANK0 ] int 
  found           1   19[BANK0 ] unsigned char 
  tempF           1   16[BANK0 ] char 
  tempC           1   15[BANK0 ] char 
  U               1   14[BANK0 ] char 
 Return value:  Size  Location     Type
		None               void
 Registers used:
		wreg, fsr2l, fsr2h, status,2, status,0, tblptrl, tblptrh, tblptru, prodl, prodh, cstack
 Tracked objects:
		On entry : 
		On exit  : 
		Unchanged: 
 Data sizes:     COMRAM   BANK0   BANK1   BANK2   BANK3   BANK4   BANK5   BANK6   BANK7   BANK8   BANK9  BANK10  BANK11  BANK12  BANK13  BANK14  BANK15
      Params:         0       0       0       0       0       0       0       0       0       0       0       0       0       0       0       0       0
      Locals:         0       6       0       0       0       0       0       0       0       0       0       0       0       0       0       0       0
      Temps:          0       1       0       0       0       0       0       0       0       0       0       0       0       0       0       0       0
      Totals:         0       7       0       0       0       0       0       0       0       0       0       0       0       0       0       0       0
Total ram usage:        7 bytes
 Hardware stack levels required when called:   12
 This function calls:
		_DS1621_Read_Temp
		_DS3231_Read_Time
		_DS3231_Setup_Time
		_Do_Init
		_Do_LED
		_Wait_Half_Second_With_Beep
		___awdiv
		___wmul
		_drawCircle
		_drawtext
		_fillCircle
		_printf
 This function is called by:
		Startup code after reset
 This function uses a non-reentrant model


 *************** function _printf *****************
 Defined at:
		line 464 in file "E:\XC8\sources\common\doprnt.c"
 Parameters:    Size  Location     Type
  f               2   38[COMRAM] PTR const unsigned char 
		 -> STR_4(6), STR_3(22), STR_2(43), STR_1(30), 
 Auto vars:     Size  Location     Type
  idx             1    0[BANK0 ] unsigned char 
  val             4    5[BANK0 ] unsigned long 
  tmpval          4    0        struct .
  cp              3    0        PTR const unsigned char 
  width           2    9[BANK0 ] int 
  ap              2    3[BANK0 ] PTR void [1]
		 -> ?_printf(2), 
  prec            2    1[BANK0 ] int 
  len             2    0        unsigned int 
  c               1   12[BANK0 ] char 
  flag            1   11[BANK0 ] unsigned char 
 Return value:  Size  Location     Type
                  2   38[COMRAM] int 
 Registers used:
		wreg, fsr2l, fsr2h, status,2, status,0, tblptrl, tblptrh, tblptru, prodl, prodh, cstack
 Tracked objects:
		On entry : 
		On exit  : 
		Unchanged: 
 Data sizes:     COMRAM   BANK0   BANK1   BANK2   BANK3   BANK4   BANK5   BANK6   BANK7   BANK8   BANK9  BANK10  BANK11  BANK12  BANK13  BANK14  BANK15
      Params:        14       0       0       0       0       0       0       0       0       0       0       0       0       0       0       0       0
      Locals:         0      13       0       0       0       0       0       0       0       0       0       0       0       0       0       0       0
      Temps:          4       0       0       0       0       0       0       0       0       0       0       0       0       0       0       0       0
      Totals:        18      13       0       0       0       0       0       0       0       0       0       0       0       0       0       0       0
Total ram usage:       31 bytes
 Hardware stack levels used:    1
 Hardware stack levels required when called:    4
 This function calls:
		___lldiv
		___llmod
		___wmul
		_isdigit
		_putch
 This function is called by:
		_main
 This function uses a non-reentrant model


 *************** function _putch *****************
 Defined at:
		line 149 in file "Lab10p4.c"
 Parameters:    Size  Location     Type
  c               1    wreg     unsigned char 
 Auto vars:     Size  Location     Type
  c               1   16[COMRAM] unsigned char 
 Return value:  Size  Location     Type
		None               void
 Registers used:
		wreg
 Tracked objects:
		On entry : 
		On exit  : 
		Unchanged: 
 Data sizes:     COMRAM   BANK0   BANK1   BANK2   BANK3   BANK4   BANK5   BANK6   BANK7   BANK8   BANK9  BANK10  BANK11  BANK12  BANK13  BANK14  BANK15
      Params:         0       0       0       0       0       0       0       0       0       0       0       0       0       0       0       0       0
      Locals:         1       0       0       0       0       0       0       0       0       0       0       0       0       0       0       0       0
      Temps:          0       0       0       0       0       0       0       0       0       0       0       0       0       0       0       0       0
      Totals:         1       0       0       0       0       0       0       0       0       0       0       0       0       0       0       0       0
Total ram usage:        1 bytes
 Hardware stack levels used:    1
 Hardware stack levels required when called:    3
 This function calls:
		Nothing
 This function is called by:
		_printf
 This function uses a non-reentrant model


 *************** function _isdigit *****************
 Defined at:
		line 8 in file "E:\XC8\sources\common\isdigit.c"
 Parameters:    Size  Location     Type
  c               1    wreg     unsigned char 
 Auto vars:     Size  Location     Type
  c               1   18[COMRAM] unsigned char 
 Return value:  Size  Location     Type
		None               void
 Registers used:
		wreg, status,2, status,0
 Tracked objects:
		On entry : 
		On exit  : 
		Unchanged: 
 Data sizes:     COMRAM   BANK0   BANK1   BANK2   BANK3   BANK4   BANK5   BANK6   BANK7   BANK8   BANK9  BANK10  BANK11  BANK12  BANK13  BANK14  BANK15
      Params:         0       0       0       0       0       0       0       0       0       0       0       0       0       0       0       0       0
      Locals:         2       0       0       0       0       0       0       0       0       0       0       0       0       0       0       0       0
      Temps:          1       0       0       0       0       0       0       0       0       0       0       0       0       0       0       0       0
      Totals:         3       0       0       0       0       0       0       0       0       0       0       0       0       0       0       0       0
Total ram usage:        3 bytes
 Hardware stack levels used:    1
 Hardware stack levels required when called:    3
 This function calls:
		Nothing
 This function is called by:
		_printf
 This function uses a non-reentrant model


 *************** function ___llmod *****************
 Defined at:
		line 8 in file "E:\XC8\sources\common\llmod.c"
 Parameters:    Size  Location     Type
  dividend        4   29[COMRAM] unsigned long 
  divisor         4   33[COMRAM] unsigned long 
 Auto vars:     Size  Location     Type
  counter         1   37[COMRAM] unsigned char 
 Return value:  Size  Location     Type
                  4   29[COMRAM] unsigned long 
 Registers used:
		wreg, status,2, status,0
 Tracked objects:
		On entry : 
		On exit  : 
		Unchanged: 
 Data sizes:     COMRAM   BANK0   BANK1   BANK2   BANK3   BANK4   BANK5   BANK6   BANK7   BANK8   BANK9  BANK10  BANK11  BANK12  BANK13  BANK14  BANK15
      Params:         8       0       0       0       0       0       0       0       0       0       0       0       0       0       0       0       0
      Locals:         1       0       0       0       0       0       0       0       0       0       0       0       0       0       0       0       0
      Temps:          0       0       0       0       0       0       0       0       0       0       0       0       0       0       0       0       0
      Totals:         9       0       0       0       0       0       0       0       0       0       0       0       0       0       0       0       0
Total ram usage:        9 bytes
 Hardware stack levels used:    1
 Hardware stack levels required when called:    3
 This function calls:
		Nothing
 This function is called by:
		_printf
 This function uses a non-reentrant model


 *************** function ___lldiv *****************
 Defined at:
		line 8 in file "E:\XC8\sources\common\lldiv.c"
 Parameters:    Size  Location     Type
  dividend        4   16[COMRAM] unsigned long 
  divisor         4   20[COMRAM] unsigned long 
 Auto vars:     Size  Location     Type
  quotient        4   24[COMRAM] unsigned long 
  counter         1   28[COMRAM] unsigned char 
 Return value:  Size  Location     Type
                  4   16[COMRAM] unsigned long 
 Registers used:
		wreg, status,2, status,0
 Tracked objects:
		On entry : 
		On exit  : 
		Unchanged: 
 Data sizes:     COMRAM   BANK0   BANK1   BANK2   BANK3   BANK4   BANK5   BANK6   BANK7   BANK8   BANK9  BANK10  BANK11  BANK12  BANK13  BANK14  BANK15
      Params:         8       0       0       0       0       0       0       0       0       0       0       0       0       0       0       0       0
      Locals:         5       0       0       0       0       0       0       0       0       0       0       0       0       0       0       0       0
      Temps:          0       0       0       0       0       0       0       0       0       0       0       0       0       0       0       0       0
      Totals:        13       0       0       0       0       0       0       0       0       0       0       0       0       0       0       0       0
Total ram usage:       13 bytes
 Hardware stack levels used:    1
 Hardware stack levels required when called:    3
 This function calls:
		Nothing
 This function is called by:
		_printf
 This function uses a non-reentrant model


 *************** function _fillCircle *****************
 Defined at:
		line 614 in file "ST7735_TFT.c"
 Parameters:    Size  Location     Type
  x0              2    0[BANK0 ] int 
  y0              2    2[BANK0 ] int 
  r               2    4[BANK0 ] int 
  color           2    6[BANK0 ] unsigned int 
 Auto vars:     Size  Location     Type
		None
 Return value:  Size  Location     Type
		None               void
 Registers used:
		wreg, status,2, status,0, cstack
 Tracked objects:
		On entry : 
		On exit  : 
		Unchanged: 
 Data sizes:     COMRAM   BANK0   BANK1   BANK2   BANK3   BANK4   BANK5   BANK6   BANK7   BANK8   BANK9  BANK10  BANK11  BANK12  BANK13  BANK14  BANK15
      Params:         0       8       0       0       0       0       0       0       0       0       0       0       0       0       0       0       0
      Locals:         0       0       0       0       0       0       0       0       0       0       0       0       0       0       0       0       0
      Temps:          0       0       0       0       0       0       0       0       0       0       0       0       0       0       0       0       0
      Totals:         0       8       0       0       0       0       0       0       0       0       0       0       0       0       0       0       0
Total ram usage:        8 bytes
 Hardware stack levels used:    1
 Hardware stack levels required when called:    8
 This function calls:
		_drawFastVLine
		_fillCircleHelper
 This function is called by:
		_main
 This function uses a non-reentrant model


 *************** function _fillCircleHelper *****************
 Defined at:
		line 589 in file "ST7735_TFT.c"
 Parameters:    Size  Location     Type
  x0              2   34[COMRAM] int 
  y0              2   36[COMRAM] int 
  r               2   38[COMRAM] int 
  cornername      2   40[COMRAM] unsigned int 
  delta           2   42[COMRAM] int 
  color           2   44[COMRAM] unsigned int 
 Auto vars:     Size  Location     Type
  y               2   56[COMRAM] int 
  x               2   54[COMRAM] int 
  f               2   52[COMRAM] int 
  ddF_y           2   50[COMRAM] int 
  ddF_x           2   48[COMRAM] int 
 Return value:  Size  Location     Type
		None               void
 Registers used:
		wreg, status,2, status,0, cstack
 Tracked objects:
		On entry : 
		On exit  : 
		Unchanged: 
 Data sizes:     COMRAM   BANK0   BANK1   BANK2   BANK3   BANK4   BANK5   BANK6   BANK7   BANK8   BANK9  BANK10  BANK11  BANK12  BANK13  BANK14  BANK15
      Params:        12       0       0       0       0       0       0       0       0       0       0       0       0       0       0       0       0
      Locals:        10       0       0       0       0       0       0       0       0       0       0       0       0       0       0       0       0
      Temps:          2       0       0       0       0       0       0       0       0       0       0       0       0       0       0       0       0
      Totals:        24       0       0       0       0       0       0       0       0       0       0       0       0       0       0       0       0
Total ram usage:       24 bytes
 Hardware stack levels used:    1
 Hardware stack levels required when called:    7
 This function calls:
		_drawFastVLine
 This function is called by:
		_fillCircle
 This function uses a non-reentrant model


 *************** function _drawCircle *****************
 Defined at:
		line 528 in file "ST7735_TFT.c"
 Parameters:    Size  Location     Type
  x0              2   27[COMRAM] int 
  y0              2   29[COMRAM] int 
  r               2   31[COMRAM] int 
  color           2   33[COMRAM] unsigned int 
 Auto vars:     Size  Location     Type
  y               2   45[COMRAM] int 
  x               2   43[COMRAM] int 
  f               2   41[COMRAM] int 
  ddF_y           2   39[COMRAM] int 
  ddF_x           2   37[COMRAM] int 
 Return value:  Size  Location     Type
		None               void
 Registers used:
		wreg, status,2, status,0, cstack
 Tracked objects:
		On entry : 
		On exit  : 
		Unchanged: 
 Data sizes:     COMRAM   BANK0   BANK1   BANK2   BANK3   BANK4   BANK5   BANK6   BANK7   BANK8   BANK9  BANK10  BANK11  BANK12  BANK13  BANK14  BANK15
[...]
Total ram usage:        3 bytes
 Hardware stack levels used:    1
 Hardware stack levels required when called:    5
 This function calls:
		_i2cAck
		_i2cHighScl
		_i2cHighSda
		_i2cLowScl
		_i2cNack
 This function is called by:
		_DS1621_Read_Temp
		_DS3231_Read_Time
		_I2C_Write_Address_Read_One_Byte
		_I2C_Write_Cmd_Read_One_Byte
 This function uses a non-reentrant model


 *************** function _i2cNack *****************
 Defined at:
		line 57 in file "I2C.c"
 Parameters:    Size  Location     Type
		None
 Auto vars:     Size  Location     Type
		None
 Return value:  Size  Location     Type
		None               void
 Registers used:
		wreg, cstack
 Tracked objects:
		On entry : 
		On exit  : 
		Unchanged: 
 Data sizes:     COMRAM   BANK0   BANK1   BANK2   BANK3   BANK4   BANK5   BANK6   BANK7   BANK8   BANK9  BANK10  BANK11  BANK12  BANK13  BANK14  BANK15
      Params:         0       0       0       0       0       0       0       0       0       0       0       0       0       0       0       0       0
      Locals:         0       0       0       0       0       0       0       0       0       0       0       0       0       0       0       0       0
      Temps:          0       0       0       0       0       0       0       0       0       0       0       0       0       0       0       0       0
      Totals:         0       0       0       0       0       0       0       0       0       0       0       0       0       0       0       0       0
Total ram usage:        0 bytes
 Hardware stack levels used:    1
 Hardware stack levels required when called:    4
 This function calls:
		_i2cHighScl
		_i2cLowScl
 This function is called by:
		_I2C_Read
 This function uses a non-reentrant model


 *************** function _i2cAck *****************
 Defined at:
		line 63 in file "I2C.c"
 Parameters:    Size  Location     Type
		None
 Auto vars:     Size  Location     Type
		None
 Return value:  Size  Location     Type
		None               void
 Registers used:
		wreg, cstack
 Tracked objects:
		On entry : 
		On exit  : 
		Unchanged: 
 Data sizes:     COMRAM   BANK0   BANK1   BANK2   BANK3   BANK4   BANK5   BANK6   BANK7   BANK8   BANK9  BANK10  BANK11  BANK12  BANK13  BANK14  BANK15
      Params:         0       0       0       0       0       0       0       0       0       0       0       0       0       0       0       0       0
      Locals:         0       0       0       0       0       0       0       0       0       0       0       0       0       0       0       0       0
      Temps:          0       0       0       0       0       0       0       0       0       0       0       0       0       0       0       0       0
      Totals:         0       0       0       0       0       0       0       0       0       0       0       0       0       0       0       0       0
Total ram usage:        0 bytes
 Hardware stack levels used:    1
 Hardware stack levels required when called:    4
 This function calls:
		_i2cHighScl
		_i2cHighSda
		_i2cLowScl
		_i2cLowSda
 This function is called by:
		_I2C_Read
 This function uses a non-reentrant model


 *************** function _I2C_ReStart *****************
 Defined at:
		line 79 in file "I2C.c"
 Parameters:    Size  Location     Type
		None
 Auto vars:     Size  Location     Type
		None
 Return value:  Size  Location     Type
		None               void
 Registers used:
		wreg, cstack
 Tracked objects:
		On entry : 
		On exit  : 
		Unchanged: 
 Data sizes:     COMRAM   BANK0   BANK1   BANK2   BANK3   BANK4   BANK5   BANK6   BANK7   BANK8   BANK9  BANK10  BANK11  BANK12  BANK13  BANK14  BANK15
      Params:         0       0       0       0       0       0       0       0       0       0       0       0       0       0       0       0       0
      Locals:         0       0       0       0       0       0       0       0       0       0       0       0       0       0       0       0       0
      Temps:          0       0       0       0       0       0       0       0       0       0       0       0       0       0       0       0       0
      Totals:         0       0       0       0       0       0       0       0       0       0       0       0       0       0       0       0       0
Total ram usage:        0 bytes
 Hardware stack levels used:    1
 Hardware stack levels required when called:    4
 This function calls:
		_i2cHighScl
		_i2cHighSda
		_i2cLowScl
		_i2cLowSda
 This function is called by:
		_DS1621_Read_Temp
		_DS3231_Read_Time
		_I2C_Write_Address_Read_One_Byte
		_I2C_Write_Cmd_Read_One_Byte
 This function uses a non-reentrant model


 *************** function _i2cLowSda *****************
 Defined at:
		line 102 in file "I2C.c"
 Parameters:    Size  Location     Type
		None
 Auto vars:     Size  Location     Type
		None
 Return value:  Size  Location     Type
		None               void
 Registers used:
		None
 Tracked objects:
		On entry : 
		On exit  : 
		Unchanged: 
 Data sizes:     COMRAM   BANK0   BANK1   BANK2   BANK3   BANK4   BANK5   BANK6   BANK7   BANK8   BANK9  BANK10  BANK11  BANK12  BANK13  BANK14  BANK15
      Params:         0       0       0       0       0       0       0       0       0       0       0       0       0       0       0       0       0
      Locals:         0       0       0       0       0       0       0       0       0       0       0       0       0       0       0       0       0
      Temps:          0       0       0       0       0       0       0       0       0       0       0       0       0       0       0       0       0
      Totals:         0       0       0       0       0       0       0       0       0       0       0       0       0       0       0       0       0
Total ram usage:        0 bytes
 Hardware stack levels used:    1
 Hardware stack levels required when called:    3
 This function calls:
		Nothing
 This function is called by:
		_I2C_Write
		_i2cAck
		_I2C_Start
		_I2C_ReStart
		_I2C_Stop
 This function uses a non-reentrant model


 *************** function _i2cLowScl *****************
 Defined at:
		line 115 in file "I2C.c"
 Parameters:    Size  Location     Type
		None
 Auto vars:     Size  Location     Type
		None
 Return value:  Size  Location     Type
		None               void
 Registers used:
		None
 Tracked objects:
		On entry : 
		On exit  : 
		Unchanged: 
 Data sizes:     COMRAM   BANK0   BANK1   BANK2   BANK3   BANK4   BANK5   BANK6   BANK7   BANK8   BANK9  BANK10  BANK11  BANK12  BANK13  BANK14  BANK15
      Params:         0       0       0       0       0       0       0       0       0       0       0       0       0       0       0       0       0
      Locals:         0       0       0       0       0       0       0       0       0       0       0       0       0       0       0       0       0
      Temps:          0       0       0       0       0       0       0       0       0       0       0       0       0       0       0       0       0
      Totals:         0       0       0       0       0       0       0       0       0       0       0       0       0       0       0       0       0
Total ram usage:        0 bytes
 Hardware stack levels used:    1
 Hardware stack levels required when called:    3
 This function calls:
		Nothing
 This function is called by:
		_I2C_Read
		_I2C_Write
		_i2cNack
		_i2cAck
		_I2C_Start
		_I2C_ReStart
		_I2C_Stop
 This function uses a non-reentrant model


 *************** function _i2cHighSda *****************
 Defined at:
		line 96 in file "I2C.c"
 Parameters:    Size  Location     Type
		None
 Auto vars:     Size  Location     Type
		None
 Return value:  Size  Location     Type
		None               void
 Registers used:
		None
 Tracked objects:
		On entry : 
		On exit  : 
		Unchanged: 
 Data sizes:     COMRAM   BANK0   BANK1   BANK2   BANK3   BANK4   BANK5   BANK6   BANK7   BANK8   BANK9  BANK10  BANK11  BANK12  BANK13  BANK14  BANK15
      Params:         0       0       0       0       0       0       0       0       0       0       0       0       0       0       0       0       0
      Locals:         0       0       0       0       0       0       0       0       0       0       0       0       0       0       0       0       0
      Temps:          0       0       0       0       0       0       0       0       0       0       0       0       0       0       0       0       0
      Totals:         0       0       0       0       0       0       0       0       0       0       0       0       0       0       0       0       0
Total ram usage:        0 bytes
 Hardware stack levels used:    1
 Hardware stack levels required when called:    3
 This function calls:
		Nothing
 This function is called by:
		_I2C_Init
		_I2C_Read
		_I2C_Write
		_i2cAck
		_I2C_Start
		_I2C_ReStart
		_I2C_Stop
 This function uses a non-reentrant model


 *************** function _i2cHighScl *****************
 Defined at:
		line 109 in file "I2C.c"
 Parameters:    Size  Location     Type
		None
 Auto vars:     Size  Location     Type
		None
 Return value:  Size  Location     Type
		None               void
 Registers used:
		wreg
 Tracked objects:
		On entry : 
		On exit  : 
		Unchanged: 
 Data sizes:     COMRAM   BANK0   BANK1   BANK2   BANK3   BANK4   BANK5   BANK6   BANK7   BANK8   BANK9  BANK10  BANK11  BANK12  BANK13  BANK14  BANK15
      Params:         0       0       0       0       0       0       0       0       0       0       0       0       0       0       0       0       0
      Locals:         0       0       0       0       0       0       0       0       0       0       0       0       0       0       0       0       0
      Temps:          0       0       0       0       0       0       0       0       0       0       0       0       0       0       0       0       0
      Totals:         0       0       0       0       0       0       0       0       0       0       0       0       0       0       0       0       0
Total ram usage:        0 bytes
 Hardware stack levels used:    1
 Hardware stack levels required when called:    3
 This function calls:
		Nothing
 This function is called by:
		_I2C_Init
		_I2C_Read
		_I2C_Write
		_i2cNack
		_i2cAck
		_I2C_Start
		_I2C_ReStart
		_I2C_Stop
 This function uses a non-reentrant model


 *************** function _chkisr *****************
 Defined at:
		line 28 in file "Interrupt.c"
 Parameters:    Size  Location     Type
		None
 Auto vars:     Size  Location     Type
		None
 Return value:  Size  Location     Type
		None               void
 Registers used:
		wreg, status,2, status,0, cstack
 Tracked objects:
		On entry : 
		On exit  : 
		Unchanged: 
 Data sizes:     COMRAM   BANK0   BANK1   BANK2   BANK3   BANK4   BANK5   BANK6   BANK7   BANK8   BANK9  BANK10  BANK11  BANK12  BANK13  BANK14  BANK15
      Params:         0       0       0       0       0       0       0       0       0       0       0       0       0       0       0       0       0
      Locals:         0       0       0       0       0       0       0       0       0       0       0       0       0       0       0       0       0
      Temps:         14       0       0       0       0       0       0       0       0       0       0       0       0       0       0       0       0
      Totals:        14       0       0       0       0       0       0       0       0       0       0       0       0       0       0       0       0
Total ram usage:       14 bytes
 Hardware stack levels used:    1
 Hardware stack levels required when called:    2
 This function calls:
		_INT0_isr
		_TIMER1_isr
 This function is called by:
		Interrupt level 2
 This function uses a non-reentrant model


 *************** function _TIMER1_isr *****************
 Defined at:
		line 34 in file "Interrupt.c"
 Parameters:    Size  Location     Type
		None
 Auto vars:     Size  Location     Type
		None
 Return value:  Size  Location     Type
		None               void
 Registers used:
		wreg, status,2
 Tracked objects:
		On entry : 
		On exit  : 
		Unchanged: 
 Data sizes:     COMRAM   BANK0   BANK1   BANK2   BANK3   BANK4   BANK5   BANK6   BANK7   BANK8   BANK9  BANK10  BANK11  BANK12  BANK13  BANK14  BANK15
      Params:         0       0       0       0       0       0       0       0       0       0       0       0       0       0       0       0       0
      Locals:         0       0       0       0       0       0       0       0       0       0       0       0       0       0       0       0       0
      Temps:          0       0       0       0       0       0       0       0       0       0       0       0       0       0       0       0       0
      Totals:         0       0       0       0       0       0       0       0       0       0       0       0       0       0       0       0       0
Total ram usage:        0 bytes
 Hardware stack levels used:    1
 This function calls:
		Nothing
 This function is called by:
		_chkisr
 This function uses a non-reentrant model


 *************** function _INT0_isr *****************
 Defined at:
		line 48 in file "Interrupt.c"
 Parameters:    Size  Location     Type
		None
 Auto vars:     Size  Location     Type
		None
 Return value:  Size  Location     Type
		None               void
 Registers used:
		wreg, status,2, status,0, cstack
 Tracked objects:
		On entry : 
		On exit  : 
		Unchanged: 
 Data sizes:     COMRAM   BANK0   BANK1   BANK2   BANK3   BANK4   BANK5   BANK6   BANK7   BANK8   BANK9  BANK10  BANK11  BANK12  BANK13  BANK14  BANK15
      Params:         0       0       0       0       0       0       0       0       0       0       0       0       0       0       0       0       0
      Locals:         0       0       0       0       0       0       0       0       0       0       0       0       0       0       0       0       0
      Temps:          2       0       0       0       0       0       0       0       0       0       0       0       0       0       0       0       0
      Totals:         2       0       0       0       0       0       0       0       0       0       0       0       0       0       0       0       0
Total ram usage:        2 bytes
 Hardware stack levels used:    1
 Hardware stack levels required when called:    1
 This function calls:
		_force_nec_state0
 This function is called by:
		_chkisr
 This function uses a non-reentrant model


 *************** function _force_nec_state0 *****************
 Defined at:
		line 42 in file "Interrupt.c"
 Parameters:    Size  Location     Type
		None
 Auto vars:     Size  Location     Type
		None
 Return value:  Size  Location     Type
		None               void
 Registers used:
		wreg, status,2
 Tracked objects:
		On entry : 
		On exit  : 
		Unchanged: 
 Data sizes:     COMRAM   BANK0   BANK1   BANK2   BANK3   BANK4   BANK5   BANK6   BANK7   BANK8   BANK9  BANK10  BANK11  BANK12  BANK13  BANK14  BANK15
      Params:         0       0       0       0       0       0       0       0       0       0       0       0       0       0       0       0       0
      Locals:         0       0       0       0       0       0       0       0       0       0       0       0       0       0       0       0       0
      Temps:          0       0       0       0       0       0       0       0       0       0       0       0       0       0       0       0       0
      Totals:         0       0       0       0       0       0       0       0       0       0       0       0       0       0       0       0       0
Total ram usage:        0 bytes
 Hardware stack levels used:    1
 This function calls:
		Nothing
 This function is called by:
		_INT0_isr
 This function uses a non-reentrant model



MODULE INFORMATION

Module		Function		Class		Link	Load	Size
E:\XC8\sources\common\Umul16.c
		___wmul        		CODE           	19B6	0000	41

E:\XC8\sources\common\Umul16.c estimated size: 41

E:\XC8\sources\pic18\plib\USART\uopen.c
		_OpenUSART     		CODE           	145C	0000	113

E:\XC8\sources\pic18\plib\USART\uopen.c estimated size: 113

I2C.c
		_i2cLowSda     		CODE           	1BA6	0000	11
		_i2cLowScl     		CODE           	1BB8	0000	9
		_I2C_Write_Cmd_		CODE           	1A74	0000	27
		_I2C_Write     		CODE           	1880	0000	63
		_I2C_Write_Cmd_		CODE           	1A00	0000	33
		_I2C_Stop      		CODE           	1B08	0000	19
		_I2C_Read      		CODE           	1778	0000	73
		_i2cNack       		CODE           	1B9C	0000	11
		_I2C_Init      		CODE           	1B92	0000	11
		_i2cHighSda    		CODE           	1BC0	0000	9
		_i2cHighScl    		CODE           	1B7A	0000	13
		_I2C_Start     		CODE           	1B1A	0000	19
		_i2cAck        		CODE           	1B2C	0000	19
		_I2C_ReStart   		CODE           	1AA6	0000	23

I2C.c estimated size: 340

E:\XC8\sources\common\isdigit.c
		_isdigit       		CODE           	19DE	0000	35

E:\XC8\sources\common\isdigit.c estimated size: 35

ST7735_TFT.c
		_drawChar      		CODE           	0A3C	0000	343
		_drawCircle    		CODE           	072E	0000	431
		_fillScreen    		CODE           	1A3E	0000	29
		_Rcmd3         		CODE           	0EF0	0000	243
		_write_data    		CODE           	1B3E	0000	17
		_setAddrWindow 		CODE           	1696	0000	79
		_drawtext      		CODE           	0CCA	0000	279
		_fillRect      		CODE           	16E4	0000	75
		_LCD_Reset     		CODE           	1AF6	0000	19
		_fillCircle    		CODE           	1596	0000	91
		_drawPixel     		CODE           	195C	0000	49
		_fillRectangle 		CODE           	0FE2	0000	221
		_write_command 		CODE           	1B4E	0000	17
		_fillCircleHelp		CODE           	0B92	0000	313
		_drawFastVLine 		CODE           	126E	0000	137
		_Rcmd2red      		CODE           	1842	0000	63
		_TFT_GreenTab_I		CODE           	198C	0000	43
		_delay_ms      		CODE           	1644	0000	83
		_Rcmd1         		CODE           	0DE0	0000	273
		_spiwrite      		CODE           	1AD0	0000	21

ST7735_TFT.c estimated size: 2826

I2C_Support.c
		_DS3231_Read_Ti		CODE           	1532	0000	101
		_DS1621_Init   		CODE           	1A20	0000	31
		_DS3231_Setup_T		CODE           	14CC	0000	103
		_DS1621_Read_Te		CODE           	18BE	0000	61

I2C_Support.c estimated size: 296

E:\XC8\sources\common\llmod.c
		___llmod       		CODE           	13EC	0000	113

E:\XC8\sources\common\llmod.c estimated size: 113

E:\XC8\sources\common\strlen.c
		_strlen        		CODE           	1804	0000	63

E:\XC8\sources\common\strlen.c estimated size: 63

E:\XC8\sources\common\strcpy.c
		_strcpy        		CODE           	18FA	0000	51

E:\XC8\sources\common\strcpy.c estimated size: 51

shared
		_font          		MEDIUMCONST    	FD49	0000	256
		_dpowers       		MEDIUMCONST    	FF24	0000	41
		__initializatio		CODE           	1372	0000	113
		_hexpowers     		MEDIUMCONST    	FF4C	0000	33
		_font2         		MEDIUMCONST    	FE48	0000	221

shared estimated size: 664

Interrupt.c
		_TIMER1_isr    		CODE           	1B86	0000	13
		_init_INTERRUPT		CODE           	192C	0000	49
		_force_nec_stat		CODE           	1BC8	0000	9
		_INT0_isr      		CODE           	08DC	0000	353
		_chkisr        		CODE           	0008	0000	141

Interrupt.c estimated size: 565

E:\XC8\sources\common\awdiv.c
		___awdiv       		CODE           	10BE	0000	151

E:\XC8\sources\common\awdiv.c estimated size: 151

E:\XC8\sources\common\lldiv.c
		___lldiv       		CODE           	11E2	0000	141

E:\XC8\sources\common\lldiv.c estimated size: 141

Lab10p4.c
		_Do_LED        		CODE           	1A8E	0000	25
		_putch         		CODE           	1B5E	0000	15
		_main          		CODE           	04F2	0000	573
		_Deactivate_Buz		CODE           	1BB0	0000	9
		_init_UART     		CODE           	1ABC	0000	21
		_Do_Init       		CODE           	17C0	0000	69
		_Wait_Half_Seco		CODE           	1A5A	0000	27
		_Initialize_Scr		CODE           	1154	0000	143
		_Wait_Half_Seco		CODE           	1B6C	0000	15
		_Activate_Buzze		CODE           	1AE4	0000	19

Lab10p4.c estimated size: 916

E:\XC8\sources\common\doprnt.c
		_printf        		CODE           	001C	0000	1239

E:\XC8\sources\common\doprnt.c estimated size: 1239

