Microchip MPLAB XC8 Compiler V1.34 ()

Linker command line:

-W-3 --edf=E:\XC8\dat\en_msgs.txt -cs \
  -h+dist/default/production\Lab10p1.X.production.sym \
  --cmf=dist/default/production\Lab10p1.X.production.cmf -z -Q18F4620 \
  -oC:\Users\johnn\AppData\Local\Temp\s46s.6 \
  -Mdist/default/production/Lab10p1.X.production.map -E1 -ver=XC8 \
  -ASTACK=09Fh-0f7fh -pstack=STACK -ACODE=00h-0FFFFh -ACONST=00h-0FFFFh \
  -ASMALLCONST=01000h-010FFhx240 -AMEDIUMCONST=01000h-0FFFFh \
  -ACOMRAM=01h-07Fh -AABS1=00h-0F7Fh -ABIGRAM=01h-0F7Fh \
  -ARAM=080h-0FFh,0100h-01FFhx14,0F00h-0F7Fh -ABANK0=080h-0FFh \
  -ABANK1=0100h-01FFh -ABANK2=0200h-02FFh -ABANK3=0300h-03FFh \
  -ABANK4=0400h-04FFh -ABANK5=0500h-05FFh -ABANK6=0600h-06FFh \
  -ABANK7=0700h-07FFh -ABANK8=0800h-08FFh -ABANK9=0900h-09FFh \
  -ABANK10=0A00h-0AFFh -ABANK11=0B00h-0BFFh -ABANK12=0C00h-0CFFh \
  -ABANK13=0D00h-0DFFh -ABANK14=0E00h-0EFFh -ABANK15=0F00h-0F7Fh \
  -ASFR=0F80h-0FFFh \
  -preset_vec=00h,intcode=08h,intcodelo,powerup,init,end_init \
  -pramtop=01000h -psmallconst=SMALLCONST -pmediumconst=MEDIUMCONST \
  -pconst=CONST -AFARRAM=00h-00h -ACONFIG=0300000h-030000Dh -pconfig=CONFIG \
  -AIDLOC=0200000h-0200007h -pidloc=IDLOC -AEEDATA=0F00000h-0F003FFh \
  -peeprom_data=EEDATA \
  -prdata=COMRAM,nvrram=COMRAM,nvbit=COMRAM,rbss=COMRAM,rbit=COMRAM \
  -pfarbss=FARRAM,fardata=FARRAM,nvFARRAM=FARRAM \
  -pintsave_regs=BIGRAM,bigbss=BIGRAM,bigdata=BIGRAM -pbss=RAM \
  -pidata=CODE,irdata=CODE,ibigdata=CODE,ifardata=CODE -prparam=COMRAM \
  C:\Users\johnn\AppData\Local\Temp\s46s.obj \
  dist/default/production\Lab10p1.X.production.obj 

Object code version is 3.11

Machine type is 18F4620

Call graph: (short form)




                Name                               Link     Load   Length Selector   Space Scale
C:\Users\johnn\AppData\Local\Temp\s46s.obj
                end_init                             18       18        4        4       0
                reset_vec                             0        0        4        0       0
                idloc                            200000   200000        8   200000       0
                config                           300000   300000        E   300000       0
dist/default/production\Lab10p1.X.production.obj
                intcode                               8        8       10        4       0
                mediumconst                        FDEE     FDEE      212     7EF7       0
                text32                              826      826        8        4       0
                text31                               1C       1C      160        4       0
                text30                              7EC      7EC        C        4       0
                intcode_body                        350      350       7C        4       0
                text28                              7E0      7E0        C        4       0
                text27                              81E      81E        8        4       0
                text26                              816      816        8        4       0
                text25                              80C      80C        A        4       0
                text24                              758      758       16        4       0
                text23                              7A6      7A6       12        4       0
                text22                              802      802        A        4       0
                text21                              54A      54A       48        4       0
                text20                              794      794       12        4       0
                text19                              782      782       12        4       0
                text18                              614      614       3E        4       0
                text17                              652      652       3C        4       0
                text16                              73E      73E       1A        4       0
                text15                              6E6      6E6       20        4       0
                text14                              706      706       1E        4       0
                text13                              7F8      7F8        A        4       0
                text12                              68E      68E       30        4       0
                text11                              3CC      3CC       70        4       0
                text10                              76E      76E       14        4       0
                text9                               5D4      5D4       40        4       0
                text8                               724      724       1A        4       0
                text7                               7C6      7C6        E        4       0
                text6                               2BA      2BA       96        4       0
                text5                               6BE      6BE       28        4       0
                text4                               4A2      4A2       5C        4       0
                text3                               4FE      4FE       4C        4       0
                text2                               7B8      7B8        E        4       0
                text1                               17C      17C      13E        4       0
                text0                               43C      43C       66        4       0
                cstackCOMRAM                         30       30       2C        1       1
                bssBANK0                             80       80       1F       80       1
                dataCOMRAM                           5C       5C        C        1       1
                bssCOMRAM                             1        1       2F        1       1
                cinit                               592      592       42        4       0
                idataCOMRAM                         7D4      7D4        C        4       0

TOTAL           Name                               Link     Load   Length     Space
        CLASS   STACK          

        CLASS   CODE           
                end_init                             18       18        4         0
                intcode                               8        8       10         0
                reset_vec                             0        0        4         0
                text32                              826      826        8         0
                text31                               1C       1C      160         0
                text30                              7EC      7EC        C         0
                intcode_body                        350      350       7C         0
                text28                              7E0      7E0        C         0
                text27                              81E      81E        8         0
                text26                              816      816        8         0
                text25                              80C      80C        A         0
                text24                              758      758       16         0
                text23                              7A6      7A6       12         0
                text22                              802      802        A         0
                text21                              54A      54A       48         0
                text20                              794      794       12         0
                text19                              782      782       12         0
                text18                              614      614       3E         0
                text17                              652      652       3C         0
                text16                              73E      73E       1A         0
                text15                              6E6      6E6       20         0
                text14                              706      706       1E         0
                text13                              7F8      7F8        A         0
                text12                              68E      68E       30         0
                text11                              3CC      3CC       70         0
                text10                              76E      76E       14         0
                text9                               5D4      5D4       40         0
                text8                               724      724       1A         0
                text7                               7C6      7C6        E         0
                text6                               2BA      2BA       96         0
                text5                               6BE      6BE       28         0
                text4                               4A2      4A2       5C         0
                text3                               4FE      4FE       4C         0
                text2                               7B8      7B8        E         0
                text1                               17C      17C      13E         0
                text0                               43C      43C       66         0
                cinit                               592      592       42         0
                idataCOMRAM                         7D4      7D4        C         0

        CLASS   CONST          

        CLASS   SMALLCONST     

        CLASS   MEDIUMCONST    
                mediumconst                        FDEE     FDEE      212         0

        CLASS   COMRAM         
                cstackCOMRAM                         30       30       2C         1
                dataCOMRAM                           5C       5C        C         1
                bssCOMRAM                             1        1       2F         1

        CLASS   ABS1           

        CLASS   BIGRAM         

        CLASS   RAM            

        CLASS   BANK0          
                bssBANK0                             80       80       1F         1

        CLASS   BANK1          

        CLASS   BANK2          

        CLASS   BANK3          

        CLASS   BANK4          

        CLASS   BANK5          

        CLASS   BANK6          

        CLASS   BANK7          

        CLASS   BANK8          

        CLASS   BANK9          

        CLASS   BANK10         

        CLASS   BANK11         

        CLASS   BANK12         

        CLASS   BANK13         

        CLASS   BANK14         

        CLASS   BANK15         

        CLASS   SFR            

        CLASS   FARRAM         

        CLASS   CONFIG         
                config                           300000   300000        E         0

        CLASS   IDLOC          
                idloc                            200000   200000        8         0

        CLASS   EEDATA         



SEGMENTS        Name                           Load    Length   Top    Selector   Space  Class

                reset_vec                      000000  000004  000004         0       0  CODE    
                bssCOMRAM                      000001  000067  000068         1       1  COMRAM  
                intcode                        000008  000826  00082E         4       0  CODE    
                bssBANK0                       000080  00001F  00009F        80       1  BANK0   
                mediumconst                    00FDEE  000212  010000      7EF7       0  MEDIUMCO
                idloc                          200000  000008  200008    200000       0  IDLOC   
                config                         300000  00000E  30000E    300000       0  CONFIG  


UNUSED ADDRESS RANGES

        Name                Unused          Largest block    Delta
        BANK0            00009F-0000FF               61
        BANK1            000100-0001FF              100
        BANK10           000A00-000AFF              100
        BANK11           000B00-000BFF              100
        BANK12           000C00-000CFF              100
        BANK13           000D00-000DFF              100
        BANK14           000E00-000EFF              100
        BANK15           000F00-000F7F               80
        BANK2            000200-0002FF              100
        BANK3            000300-0003FF              100
        BANK4            000400-0004FF              100
        BANK5            000500-0005FF              100
        BANK6            000600-0006FF              100
        BANK7            000700-0007FF              100
        BANK8            000800-0008FF              100
        BANK9            000900-0009FF              100
        BIGRAM           000068-00007F               18
                         00009F-000F7F              EE1
        CODE             000004-000007                4
                         00082E-00FDED             F5C0
        COMRAM           000068-00007F               18
        CONST            000004-000007                4
                         00082E-00FDED             F5C0
        EEDATA           F00000-F003FF              400
        MEDIUMCONST      001000-00FDED             EDEE
        RAM              00009F-000F7F              100
        SFR              000F80-000FFF               80
        SMALLCONST       001000-00FDED              100
        STACK            00009F-000F7F              EE1

                                  Symbol Table

?_DS1621_Read_Temp                 cstackCOMRAM 000043
?___awdiv                          cstackCOMRAM 000046
?___lwdiv                          cstackCOMRAM 000040
?___lwmod                          cstackCOMRAM 000047
?___wmul                           cstackCOMRAM 000040
?_printf                           cstackCOMRAM 00004C
DS1621_Init@Device                 cstackCOMRAM 000045
DS1621_Read_Temp@Cmd               cstackCOMRAM 000045
DS1621_Read_Temp@Data_Ret          cstackCOMRAM 000046
DS1621_Read_Temp@Device            cstackCOMRAM 000047
I2C_Init@c                         cstackCOMRAM 000040
I2C_Read@ack                       cstackCOMRAM 000040
I2C_Read@inByte                    cstackCOMRAM 000042
I2C_Read@n                         cstackCOMRAM 000041
I2C_Write@n                        cstackCOMRAM 000041
I2C_Write@outByte                  cstackCOMRAM 000040
I2C_Write_Cmd_Only@Cmd             cstackCOMRAM 000042
I2C_Write_Cmd_Only@Device          cstackCOMRAM 000043
I2C_Write_Cmd_Write_Data@Cmd       cstackCOMRAM 000042
I2C_Write_Cmd_Write_Data@Data_Out  cstackCOMRAM 000043
I2C_Write_Cmd_Write_Data@Device    cstackCOMRAM 000044
OpenUSART@config                   cstackCOMRAM 000042
OpenUSART@spbrg                    cstackCOMRAM 000040
_ADCON1                            (abs)        000FC1
_Address                           bssCOMRAM    00000D
_Cmd                               bssCOMRAM    00000E
_DS1621_Init                       text14       000706
_DS1621_Read_Temp                  text17       000652
_Device                            bssCOMRAM    00000F
_Display_D1                        dataCOMRAM   00005C
_Do_Init                           text9        0005D4
_I2C_Init                          text13       0007F8
_I2C_ReStart                       text24       000758
_I2C_Read                          text21       00054A
_I2C_Start                         text20       000794
_I2C_Stop                          text19       000782
_I2C_Write                         text18       000614
_I2C_Write_Cmd_Only                text16       00073E
_I2C_Write_Cmd_Write_Data          text15       0006E6
_INT0_isr                          text31       00001C
_INTCON2bits                       (abs)        000FF1
_INTCONbits                        (abs)        000FF2
_Nec_code                          bssCOMRAM    000001
_Nec_code1                         bssCOMRAM    000010
_Nec_state                         bssCOMRAM    000011
_OSCCON                            (abs)        000FD3
_OpenUSART                         text11       0003CC
_PIE1bits                          (abs)        000F9D
_PIR1bits                          (abs)        000F9E
_PIR2bits                          (abs)        000FA1
_PORTCbits                         (abs)        000F82
_PORTDbits                         (abs)        000F83
_PORTEbits                         (abs)        000F84
_RBPU                              (abs)        007F8F
_RCSTA                             (abs)        000FAB
_RCSTAbits                         (abs)        000FAB
_SPBRG                             (abs)        000FAF
_SPBRGH                            (abs)        000FB0
_SSPBUF                            (abs)        000FC9
_SSPCON1                           (abs)        000FC6
_SSPSTAT                           (abs)        000FC7
_SSPSTATbits                       (abs)        000FC7
_T0CON                             (abs)        000FD5
_T0CONbits                         (abs)        000FD5
_T1CON                             (abs)        000FCD
_T1CONbits                         (abs)        000FCD
_T3CON                             (abs)        000FB1
_T3CONbits                         (abs)        000FB1
_TIMER1_isr                        text30       0007EC
_TMR0H                             (abs)        000FD7
_TMR0L                             (abs)        000FD6
_TMR1H                             (abs)        000FCF
_TMR1L                             (abs)        000FCE
_TMR3H                             (abs)        000FB3
_TMR3L                             (abs)        000FB2
_TRISA                             (abs)        000F92
_TRISB                             (abs)        000F93
_TRISC                             (abs)        000F94
_TRISCbits                         (abs)        000F94
_TRISD                             (abs)        000F95
_TRISE                             (abs)        000F96
_TRMT                              (abs)        007D61
_TXREG                             (abs)        000FAD
_TXSTA                             (abs)        000FAC
_TXSTAbits                         (abs)        000FAC
_TempSecond                        bssCOMRAM    000012
_Time_Elapsed                      bssCOMRAM    000005
_Wait_Half_Second                  text8        000724
_Wait_One_Sec                      text7        0007C6
__CFG_BOREN$OFF                    (abs)        000000
__CFG_CCP2MX$PORTBE                (abs)        000000
__CFG_LVP$OFF                      (abs)        000000
__CFG_OSC$INTIO67                  (abs)        000000
__CFG_WDT$OFF                      (abs)        000000
__HRAM                             (abs)        000000
__Habs1                            abs1         000000
__Hbank0                           bank0        000000
__Hbank1                           bank1        000000
__Hbank10                          bank10       000000
__Hbank11                          bank11       000000
__Hbank12                          bank12       000000
__Hbank13                          bank13       000000
__Hbank14                          bank14       000000
__Hbank15                          bank15       000000
__Hbank2                           bank2        000000
__Hbank3                           bank3        000000
__Hbank4                           bank4        000000
__Hbank5                           bank5        000000
__Hbank6                           bank6        000000
__Hbank7                           bank7        000000
__Hbank8                           bank8        000000
__Hbank9                           bank9        000000
__Hbigbss                          bigbss       000000
__Hbigdata                         bigdata      000000
__Hbigram                          bigram       000000
__Hbss                             bss          000000
__HbssBANK0                        bssBANK0     000000
__HbssCOMRAM                       bssCOMRAM    000000
__Hcinit                           cinit        000000
__Hclrtext                         clrtext      000000
__Hcomram                          comram       000000
__Hconfig                          config       30000E
__Hconst                           const        000000
__HcstackCOMRAM                    cstackCOMRAM 000000
__Hdata                            data         000000
__HdataCOMRAM                      dataCOMRAM   000000
__Heeprom_data                     eeprom_data  000000
__Hend_init                        end_init     00001C
__Hfarbss                          farbss       000000
__Hfardata                         fardata      000000
__Hibigdata                        ibigdata     000000
__Hidata                           idata        000000
__HidataCOMRAM                     idataCOMRAM  000000
__Hidloc                           idloc        200008
__Hifardata                        ifardata     000000
__Hinit                            init         000018
__Hintcode                         intcode      000018
__Hintcode_body                    intcode_body 000000
__Hintcodelo                       intcodelo    000018
__Hintentry                        intentry     000000
__Hintret                          intret       000000
__Hintsave_regs                    intsave_regs 000000
__Hirdata                          irdata       000000
__Hmediumconst                     mediumconst  010000
__HnvFARRAM                        nvFARRAM     000000
__Hnvbit                           nvbit        000000
__Hnvrram                          nvrram       000000
__Hparam                           rparam       000000
__Hpowerup                         powerup      000018
__Hram                             ram          000000
__Hramtop                          ramtop       001000
__Hrbit                            rbit         000000
__Hrbss                            rbss         000000
__Hrdata                           rdata        000000
__Hreset_vec                       reset_vec    000004
__Hrparam                          rparam       000000
__Hsfr                             sfr          000000
__Hsmallconst                      smallconst   000000
__Hspace_0                         (abs)        30000E
__Hspace_1                         (abs)        00009F
__Hspace_2                         (abs)        000000
__Hstack                           stack        000000
__Hstruct                          struct       000000
__Htemp                            temp         000000
__Htext                            text         000000
__Htext0                           text0        000000
__Htext1                           text1        000000
__Htext10                          text10       000000
__Htext11                          text11       000000
__Htext12                          text12       000000
__Htext13                          text13       000000
__Htext14                          text14       000000
__Htext15                          text15       000000
__Htext16                          text16       000000
__Htext17                          text17       000000
__Htext18                          text18       000000
__Htext19                          text19       000000
__Htext2                           text2        000000
__Htext20                          text20       000000
__Htext21                          text21       000000
__Htext22                          text22       000000
__Htext23                          text23       000000
__Htext24                          text24       000000
__Htext25                          text25       000000
__Htext26                          text26       000000
__Htext27                          text27       000000
__Htext28                          text28       000000
__Htext3                           text3        000000
__Htext30                          text30       000000
__Htext31                          text31       000000
__Htext32                          text32       000000
__Htext4                           text4        000000
__Htext5                           text5        000000
__Htext6                           text6        000000
__Htext7                           text7        000000
__Htext8                           text8        000000
__Htext9                           text9        000000
__LRAM                             (abs)        000001
__Labs1                            abs1         000000
__Lbank0                           bank0        000000
__Lbank1                           bank1        000000
__Lbank10                          bank10       000000
__Lbank11                          bank11       000000
__Lbank12                          bank12       000000
__Lbank13                          bank13       000000
__Lbank14                          bank14       000000
__Lbank15                          bank15       000000
__Lbank2                           bank2        000000
__Lbank3                           bank3        000000
__Lbank4                           bank4        000000
__Lbank5                           bank5        000000
__Lbank6                           bank6        000000
__Lbank7                           bank7        000000
__Lbank8                           bank8        000000
__Lbank9                           bank9        000000
__Lbigbss                          bigbss       000000
__Lbigdata                         bigdata      000000
__Lbigram                          bigram       000000
__Lbss                             bss          000000
__LbssBANK0                        bssBANK0     000000
__LbssCOMRAM                       bssCOMRAM    000000
__Lcinit                           cinit        000000
__Lclrtext                         clrtext      000000
__Lcomram                          comram       000000
__Lconfig                          config       300000
__Lconst                           const        000000
__LcstackCOMRAM                    cstackCOMRAM 000000
__Ldata                            data         000000
__LdataCOMRAM                      dataCOMRAM   000000
__Leeprom_data                     eeprom_data  000000
__Lend_init                        end_init     000018
__Lfarbss                          farbss       000000
__Lfardata                         fardata      000000
__Libigdata                        ibigdata     000000
__Lidata                           idata        000000
__LidataCOMRAM                     idataCOMRAM  000000
__Lidloc                           idloc        200000
__Lifardata                        ifardata     000000
__Linit                            init         000018
__Lintcode                         intcode      000008
__Lintcode_body                    intcode_body 000000
__Lintcodelo                       intcodelo    000018
__Lintentry                        intentry     000000
__Lintret                          intret       000000
__Lintsave_regs                    intsave_regs 000000
__Lirdata                          irdata       000000
__Lmediumconst                     mediumconst  00FDEE
__LnvFARRAM                        nvFARRAM     000000
__Lnvbit                           nvbit        000000
__Lnvrram                          nvrram       000000
__Lparam                           rparam       000000
__Lpowerup                         powerup      000018
__Lram                             ram          000000
__Lramtop                          ramtop       001000
__Lrbit                            rbit         000000
__Lrbss                            rbss         000000
__Lrdata                           rdata        000000
__Lreset_vec                       reset_vec    000000
__Lrparam                          rparam       000000
__Lsfr                             sfr          000000
__Lsmallconst                      smallconst   000000
__Lspace_0                         (abs)        000000
__Lspace_1                         (abs)        000000
__Lspace_2                         (abs)        000000
__Lstack                           stack        000000
__Lstruct                          struct       000000
__Ltemp                            temp         000000
__Ltext                            text         000000
__Ltext0                           text0        000000
__Ltext1                           text1        000000
__Ltext10                          text10       000000
__Ltext11                          text11       000000
__Ltext12                          text12       000000
__Ltext13                          text13       000000
__Ltext14                          text14       000000
__Ltext15                          text15       000000
__Ltext16                          text16       000000
__Ltext17                          text17       000000
__Ltext18                          text18       000000
__Ltext19                          text19       000000
__Ltext2                           text2        000000
__Ltext20                          text20       000000
__Ltext21                          text21       000000
__Ltext22                          text22       000000
__Ltext23                          text23       000000
__Ltext24                          text24       000000
__Ltext25                          text25       000000
__Ltext26                          text26       000000
__Ltext27                          text27       000000
__Ltext28                          text28       000000
__Ltext3                           text3        000000
__Ltext30                          text30       000000
__Ltext31                          text31       000000
__Ltext32                          text32       000000
__Ltext4                           text4        000000
__Ltext5                           text5        000000
__Ltext6                           text6        000000
__Ltext7                           text7        000000
__Ltext8                           text8        000000
__Ltext9                           text9        000000
__S0                               (abs)        30000E
__S1                               (abs)        00009F
__S2                               (abs)        000000
___awdiv                           text6        0002BA
___awdiv@counter                   cstackCOMRAM 00004A
___awdiv@dividend                  cstackCOMRAM 000046
___awdiv@divisor                   cstackCOMRAM 000048
___awdiv@quotient                  cstackCOMRAM 00004C
___awdiv@sign                      cstackCOMRAM 00004B
___inthi_sp                        stack        000000
___intlo_sp                        stack        000000
___lwdiv                           text4        0004A2
___lwdiv@counter                   cstackCOMRAM 000046
___lwdiv@dividend                  cstackCOMRAM 000040
___lwdiv@divisor                   cstackCOMRAM 000042
___lwdiv@quotient                  cstackCOMRAM 000044
___lwmod                           text3        0004FE
___lwmod@counter                   cstackCOMRAM 00004B
___lwmod@dividend                  cstackCOMRAM 000047
___lwmod@divisor                   cstackCOMRAM 000049
___param_bank                      (abs)        000010
___rparam_used                     (abs)        000001
___sp                              stack        000000
___wmul                            text5        0006BE
___wmul@multiplicand               cstackCOMRAM 000042
___wmul@multiplier                 cstackCOMRAM 000040
___wmul@product                    cstackCOMRAM 000044
__accesstop                        (abs)        000080
__activetblptr                     (abs)        000002
__end_of_DS1621_Init               text14       000724
__end_of_DS1621_Read_Temp          text17       00068E
__end_of_Do_Init                   text9        000614
__end_of_I2C_Init                  text13       000802
__end_of_I2C_ReStart               text24       00076E
__end_of_I2C_Read                  text21       000592
__end_of_I2C_Start                 text20       0007A6
__end_of_I2C_Stop                  text19       000794
__end_of_I2C_Write                 text18       000652
__end_of_I2C_Write_Cmd_Only        text16       000758
__end_of_I2C_Write_Cmd_Write_Data  text15       000706
__end_of_INT0_isr                  text31       00017C
__end_of_OpenUSART                 text11       00043C
__end_of_TIMER1_isr                text30       0007F8
__end_of_Wait_Half_Second          text8        00073E
__end_of_Wait_One_Sec              text7        0007D4
__end_of___awdiv                   text6        000350
__end_of___lwdiv                   text4        0004FE
__end_of___lwmod                   text3        00054A
__end_of___wmul                    text5        0006E6
__end_of__initialization           cinit        0005CA
__end_of_chkisr                    intcode_body 0003CC
__end_of_dpowers                   mediumconst  00FFD4
__end_of_font                      mediumconst  00FEEE
__end_of_font2                     mediumconst  00FFCA
__end_of_force_nec_state0          text32       00082E
__end_of_i2cAck                    text23       0007B8
__end_of_i2cHighScl                text28       0007EC
__end_of_i2cHighSda                text27       000826
__end_of_i2cLowScl                 text26       00081E
__end_of_i2cLowSda                 text25       000816
__end_of_i2cNack                   text22       00080C
__end_of_init_INTERRUPT            text12       0006BE
__end_of_init_UART                 text10       000782
__end_of_main                      text0        0004A2
__end_of_printf                    text1        0002BA
__end_of_putch                     text2        0007C6
__initialization                   cinit        000592
__mediumconst                      mediumconst  00FDEE
__pbssBANK0                        bssBANK0     000080
__pbssCOMRAM                       bssCOMRAM    000001
__pcinit                           cinit        000592
__pcstackCOMRAM                    cstackCOMRAM 000030
__pdataCOMRAM                      dataCOMRAM   00005C
__pidataCOMRAM                     idataCOMRAM  0007D4
__pintcode                         intcode      000008
__pintcode_body                    intcode_body 000350
__pmediumconst                     mediumconst  00FDEE
__ptext0                           text0        00043C
__ptext1                           text1        00017C
__ptext10                          text10       00076E
__ptext11                          text11       0003CC
__ptext12                          text12       00068E
__ptext13                          text13       0007F8
__ptext14                          text14       000706
__ptext15                          text15       0006E6
__ptext16                          text16       00073E
__ptext17                          text17       000652
__ptext18                          text18       000614
__ptext19                          text19       000782
__ptext2                           text2        0007B8
__ptext20                          text20       000794
__ptext21                          text21       00054A
__ptext22                          text22       000802
__ptext23                          text23       0007A6
__ptext24                          text24       000758
__ptext25                          text25       00080C
__ptext26                          text26       000816
__ptext27                          text27       00081E
__ptext28                          text28       0007E0
__ptext3                           text3        0004FE
__ptext30                          text30       0007EC
__ptext31                          text31       00001C
__ptext32                          text32       000826
__ptext4                           text4        0004A2
__ptext5                           text5        0006BE
__ptext6                           text6        0002BA
__ptext7                           text7        0007C6
__ptext8                           text8        000724
__ptext9                           text9        0005D4
__ramtop                           ramtop       001000
__size_of_DS1621_Init              (abs)        000000
__size_of_DS1621_Read_Temp         (abs)        000000
__size_of_Do_Init                  (abs)        000000
__size_of_I2C_Init                 (abs)        000000
__size_of_I2C_ReStart              (abs)        000000
__size_of_I2C_Read                 (abs)        000000
__size_of_I2C_Start                (abs)        000000
__size_of_I2C_Stop                 (abs)        000000
__size_of_I2C_Write                (abs)        000000
__size_of_I2C_Write_Cmd_Only       (abs)        000000
__size_of_I2C_Write_Cmd_Write_Data (abs)        000000
__size_of_INT0_isr                 (abs)        000000
__size_of_OpenUSART                (abs)        000000
__size_of_TIMER1_isr               (abs)        000000
__size_of_Wait_Half_Second         (abs)        000000
__size_of_Wait_One_Sec             (abs)        000000
__size_of___awdiv                  (abs)        000000
__size_of___lwdiv                  (abs)        000000
__size_of___lwmod                  (abs)        000000
__size_of___wmul                   (abs)        000000
__size_of_chkisr                   (abs)        000000
__size_of_force_nec_state0         (abs)        000000
__size_of_i2cAck                   (abs)        000000
__size_of_i2cHighScl               (abs)        000000
__size_of_i2cHighSda               (abs)        000000
__size_of_i2cLowScl                (abs)        000000
__size_of_i2cLowSda                (abs)        000000
__size_of_i2cNack                  (abs)        000000
__size_of_init_INTERRUPT           (abs)        000000
__size_of_init_UART                (abs)        000000
__size_of_main                     (abs)        000000
__size_of_printf                   (abs)        000000
__size_of_putch                    (abs)        000000
__smallconst                       smallconst   000000
__tft_type                         bssCOMRAM    000013
_alarm_date                        bssCOMRAM    000014
_alarm_hour                        bssCOMRAM    000015
_alarm_minute                      bssCOMRAM    000016
_alarm_second                      bssCOMRAM    000017
_bit_count                         bssCOMRAM    000018
_buffer                            bssBANK0     000080
_chkisr                            intcode      000008
_colstart                          bssCOMRAM    000019
_day                               bssCOMRAM    00001A
_dow                               bssCOMRAM    00001B
_dpowers                           mediumconst  00FFCA
_font                              mediumconst  00FDEF
_font2                             mediumconst  00FEEE
_force_nec_state0                  text32       000826
_found                             bssCOMRAM    00001C
_hour                              bssCOMRAM    00001D
_i                                 bssCOMRAM    00001E
_i2cAck                            text23       0007A6
_i2cHighScl                        text28       0007E0
_i2cHighSda                        text27       00081E
_i2cLowScl                         text26       000816
_i2cLowSda                         text25       00080C
_i2cNack                           text22       000802
_init_INTERRUPT                    text12       00068E
_init_UART                         text10       00076E
_main                              text0        00043C
_minute                            bssCOMRAM    00001F
_month                             bssCOMRAM    000020
_nbr                               bssCOMRAM    000007
_nec_ok                            bssCOMRAM    000009
_prev_second                       bssCOMRAM    000021
_printf                            text1        00017C
_putch                             text2        0007B8
_rowstart                          bssCOMRAM    000022
_second                            bssCOMRAM    000023
_setup_alarm_hour                  bssCOMRAM    000024
_setup_alarm_minute                bssCOMRAM    000025
_setup_alarm_second                bssCOMRAM    000026
_setup_day                         bssCOMRAM    000027
_setup_hour                        bssCOMRAM    000028
_setup_minute                      bssCOMRAM    000029
_setup_month                       bssCOMRAM    00002A
_setup_second                      bssCOMRAM    00002B
_setup_year                        bssCOMRAM    00002C
_tempC                             bssCOMRAM    00002D
_tempF                             bssCOMRAM    00002E
_tempSecond                        dataCOMRAM   000066
_txt                               bssCOMRAM    00000B
_wrap                              dataCOMRAM   000067
_year                              bssCOMRAM    00002F
end_of_initialization              cinit        0005CA
int_func                           intcode_body 000350
intlevel0                          text         000000
intlevel1                          text         000000
intlevel2                          text         000000
intlevel3                          text         000000
main@tempC                         cstackCOMRAM 00005B
main@tempF                         cstackCOMRAM 00005A
printf@ap                          cstackCOMRAM 000053
printf@c                           cstackCOMRAM 000059
printf@f                           cstackCOMRAM 00004C
printf@flag                        cstackCOMRAM 000055
printf@prec                        cstackCOMRAM 000056
printf@val                         cstackCOMRAM 000057
putch@c                            cstackCOMRAM 000040
stackhi                            (abs)        000F7F
stacklo                            (abs)        00009F
start                              init         000018
start_initialization               cinit        000592


FUNCTION INFORMATION:

 *************** function _main *****************
 Defined at:
		line 137 in file "Lab10p1.c"
 Parameters:    Size  Location     Type
		None
 Auto vars:     Size  Location     Type
  tempC           1   43[COMRAM] char 
  tempF           1   42[COMRAM] char 
 Return value:  Size  Location     Type
		None               void
 Registers used:
		wreg, fsr2l, fsr2h, status,2, status,0, tblptrl, tblptrh, tblptru, prodl, prodh, cstack
 Tracked objects:
		On entry : 
		On exit  : 
		Unchanged: 
 Data sizes:     COMRAM   BANK0   BANK1   BANK2   BANK3   BANK4   BANK5   BANK6   BANK7   BANK8   BANK9  BANK10  BANK11  BANK12  BANK13  BANK14  BANK15
      Params:         0       0       0       0       0       0       0       0       0       0       0       0       0       0       0       0       0
      Locals:         2       0       0       0       0       0       0       0       0       0       0       0       0       0       0       0       0
      Temps:          0       0       0       0       0       0       0       0       0       0       0       0       0       0       0       0       0
      Totals:         2       0       0       0       0       0       0       0       0       0       0       0       0       0       0       0       0
Total ram usage:        2 bytes
 Hardware stack levels required when called:    8
 This function calls:
		_DS1621_Read_Temp
		_Do_Init
		_Wait_One_Sec
		___awdiv
		___wmul
		_printf
 This function is called by:
		Startup code after reset
 This function uses a non-reentrant model


 *************** function _printf *****************
 Defined at:
		line 464 in file "E:\XC8\sources\common\doprnt.c"
 Parameters:    Size  Location     Type
  f               2   28[COMRAM] PTR const unsigned char 
		 -> STR_1(43), 
 Auto vars:     Size  Location     Type
  tmpval          4    0        struct .
  cp              3    0        PTR const unsigned char 
  val             2   39[COMRAM] unsigned int 
  ap              2   35[COMRAM] PTR void [1]
		 -> ?_printf(2), 
  len             2    0        unsigned int 
  c               1   41[COMRAM] char 
  prec            1   38[COMRAM] char 
  flag            1   37[COMRAM] unsigned char 
 Return value:  Size  Location     Type
                  2   28[COMRAM] int 
 Registers used:
		wreg, fsr2l, fsr2h, status,2, status,0, tblptrl, tblptrh, tblptru, prodl, prodh, cstack
 Tracked objects:
		On entry : 
		On exit  : 
		Unchanged: 
 Data sizes:     COMRAM   BANK0   BANK1   BANK2   BANK3   BANK4   BANK5   BANK6   BANK7   BANK8   BANK9  BANK10  BANK11  BANK12  BANK13  BANK14  BANK15
      Params:         6       0       0       0       0       0       0       0       0       0       0       0       0       0       0       0       0
      Locals:         7       0       0       0       0       0       0       0       0       0       0       0       0       0       0       0       0
      Temps:          1       0       0       0       0       0       0       0       0       0       0       0       0       0       0       0       0
      Totals:        14       0       0       0       0       0       0       0       0       0       0       0       0       0       0       0       0
Total ram usage:       14 bytes
 Hardware stack levels used:    1
 Hardware stack levels required when called:    4
 This function calls:
		___lwdiv
		___lwmod
		_putch
 This function is called by:
		_main
 This function uses a non-reentrant model


 *************** function _putch *****************
 Defined at:
		line 85 in file "Lab10p1.c"
 Parameters:    Size  Location     Type
  c               1    wreg     unsigned char 
 Auto vars:     Size  Location     Type
  c               1   16[COMRAM] unsigned char 
 Return value:  Size  Location     Type
		None               void
 Registers used:
		wreg
 Tracked objects:
		On entry : 
		On exit  : 
		Unchanged: 
 Data sizes:     COMRAM   BANK0   BANK1   BANK2   BANK3   BANK4   BANK5   BANK6   BANK7   BANK8   BANK9  BANK10  BANK11  BANK12  BANK13  BANK14  BANK15
      Params:         0       0       0       0       0       0       0       0       0       0       0       0       0       0       0       0       0
      Locals:         1       0       0       0       0       0       0       0       0       0       0       0       0       0       0       0       0
      Temps:          0       0       0       0       0       0       0       0       0       0       0       0       0       0       0       0       0
      Totals:         1       0       0       0       0       0       0       0       0       0       0       0       0       0       0       0       0
Total ram usage:        1 bytes
 Hardware stack levels used:    1
 Hardware stack levels required when called:    3
 This function calls:
		Nothing
 This function is called by:
		_printf
 This function uses a non-reentrant model


 *************** function ___lwmod *****************
 Defined at:
		line 8 in file "E:\XC8\sources\common\lwmod.c"
 Parameters:    Size  Location     Type
  dividend        2   23[COMRAM] unsigned int 
  divisor         2   25[COMRAM] unsigned int 
 Auto vars:     Size  Location     Type
  counter         1   27[COMRAM] unsigned char 
 Return value:  Size  Location     Type
                  2   23[COMRAM] unsigned int 
 Registers used:
		wreg, status,2, status,0
 Tracked objects:
		On entry : 
		On exit  : 
		Unchanged: 
 Data sizes:     COMRAM   BANK0   BANK1   BANK2   BANK3   BANK4   BANK5   BANK6   BANK7   BANK8   BANK9  BANK10  BANK11  BANK12  BANK13  BANK14  BANK15
      Params:         4       0       0       0       0       0       0       0       0       0       0       0       0       0       0       0       0
      Locals:         1       0       0       0       0       0       0       0       0       0       0       0       0       0       0       0       0
      Temps:          0       0       0       0       0       0       0       0       0       0       0       0       0       0       0       0       0
      Totals:         5       0       0       0       0       0       0       0       0       0       0       0       0       0       0       0       0
Total ram usage:        5 bytes
 Hardware stack levels used:    1
 Hardware stack levels required when called:    3
 This function calls:
		Nothing
 This function is called by:
		_printf
 This function uses a non-reentrant model


 *************** function ___lwdiv *****************
 Defined at:
		line 8 in file "E:\XC8\sources\common\lwdiv.c"
 Parameters:    Size  Location     Type
  dividend        2   16[COMRAM] unsigned int 
  divisor         2   18[COMRAM] unsigned int 
 Auto vars:     Size  Location     Type
  quotient        2   20[COMRAM] unsigned int 
  counter         1   22[COMRAM] unsigned char 
 Return value:  Size  Location     Type
                  2   16[COMRAM] unsigned int 
 Registers used:
		wreg, status,2, status,0
 Tracked objects:
		On entry : 
		On exit  : 
		Unchanged: 
 Data sizes:     COMRAM   BANK0   BANK1   BANK2   BANK3   BANK4   BANK5   BANK6   BANK7   BANK8   BANK9  BANK10  BANK11  BANK12  BANK13  BANK14  BANK15
      Params:         4       0       0       0       0       0       0       0       0       0       0       0       0       0       0       0       0
      Locals:         3       0       0       0       0       0       0       0       0       0       0       0       0       0       0       0       0
      Temps:          0       0       0       0       0       0       0       0       0       0       0       0       0       0       0       0       0
      Totals:         7       0       0       0       0       0       0       0       0       0       0       0       0       0       0       0       0
Total ram usage:        7 bytes
 Hardware stack levels used:    1
 Hardware stack levels required when called:    3
 This function calls:
		Nothing
 This function is called by:
		_printf
 This function uses a non-reentrant model


 *************** function ___wmul *****************
 Defined at:
		line 15 in file "E:\XC8\sources\common\Umul16.c"
 Parameters:    Size  Location     Type
  multiplier      2   16[COMRAM] unsigned int 
  multiplicand    2   18[COMRAM] unsigned int 
 Auto vars:     Size  Location     Type
  product         2   20[COMRAM] unsigned int 
 Return value:  Size  Location     Type
                  2   16[COMRAM] unsigned int 
 Registers used:
		wreg, status,2, status,0, prodl, prodh
 Tracked objects:
		On entry : 
		On exit  : 
		Unchanged: 
 Data sizes:     COMRAM   BANK0   BANK1   BANK2   BANK3   BANK4   BANK5   BANK6   BANK7   BANK8   BANK9  BANK10  BANK11  BANK12  BANK13  BANK14  BANK15
      Params:         4       0       0       0       0       0       0       0       0       0       0       0       0       0       0       0       0
      Locals:         2       0       0       0       0       0       0       0       0       0       0       0       0       0       0       0       0
      Temps:          0       0       0       0       0       0       0       0       0       0       0       0       0       0       0       0       0
      Totals:         6       0       0       0       0       0       0       0       0       0       0       0       0       0       0       0       0
Total ram usage:        6 bytes
 Hardware stack levels used:    1
 Hardware stack levels required when called:    3
 This function calls:
		Nothing
 This function is called by:
		_main
		_delay_ms
		_drawChar
 This function uses a non-reentrant model


 *************** function ___awdiv *****************
 Defined at:
		line 8 in file "E:\XC8\sources\common\awdiv.c"
 Parameters:    Size  Location     Type
  dividend        2   22[COMRAM] int 
  divisor         2   24[COMRAM] int 
 Auto vars:     Size  Location     Type
  quotient        2   28[COMRAM] int 
  sign            1   27[COMRAM] unsigned char 
  counter         1   26[COMRAM] unsigned char 
 Return value:  Size  Location     Type
                  2   22[COMRAM] int 
 Registers used:
		wreg, status,2, status,0
 Tracked objects:
		On entry : 
		On exit  : 
		Unchanged: 
 Data sizes:     COMRAM   BANK0   BANK1   BANK2   BANK3   BANK4   BANK5   BANK6   BANK7   BANK8   BANK9  BANK10  BANK11  BANK12  BANK13  BANK14  BANK15
      Params:         4       0       0       0       0       0       0       0       0       0       0       0       0       0       0       0       0
      Locals:         4       0       0       0       0       0       0       0       0       0       0       0       0       0       0       0       0
      Temps:          0       0       0       0       0       0       0       0       0       0       0       0       0       0       0       0       0
      Totals:         8       0       0       0       0       0       0       0       0       0       0       0       0       0       0       0       0
Total ram usage:        8 bytes
 Hardware stack levels used:    1
 Hardware stack levels required when called:    3
 This function calls:
		Nothing
 This function is called by:
		_main
 This function uses a non-reentrant model


 *************** function _Wait_One_Sec *****************
 Defined at:
		line 129 in file "Lab10p1.c"
 Parameters:    Size  Location     Type
		None
 Auto vars:     Size  Location     Type
		None
 Return value:  Size  Location     Type
		None               void
 Registers used:
		wreg, status,2, cstack
 Tracked objects:
		On entry : 
		On exit  : 
		Unchanged: 
 Data sizes:     COMRAM   BANK0   BANK1   BANK2   BANK3   BANK4   BANK5   BANK6   BANK7   BANK8   BANK9  BANK10  BANK11  BANK12  BANK13  BANK14  BANK15
      Params:         0       0       0       0       0       0       0       0       0       0       0       0       0       0       0       0       0
      Locals:         0       0       0       0       0       0       0       0       0       0       0       0       0       0       0       0       0
      Temps:          0       0       0       0       0       0       0       0       0       0       0       0       0       0       0       0       0
      Totals:         0       0       0       0       0       0       0       0       0       0       0       0       0       0       0       0       0
Total ram usage:        0 bytes
 Hardware stack levels used:    1
 Hardware stack levels required when called:    4
 This function calls:
		_Wait_Half_Second
 This function is called by:
		_main
 This function uses a non-reentrant model


 *************** function _Wait_Half_Second *****************
 Defined at:
		line 118 in file "Lab10p1.c"
 Parameters:    Size  Location     Type
		None
 Auto vars:     Size  Location     Type
		None
 Return value:  Size  Location     Type
		None               void
 Registers used:
		wreg, status,2
 Tracked objects:
		On entry : 
		On exit  : 
		Unchanged: 
 Data sizes:     COMRAM   BANK0   BANK1   BANK2   BANK3   BANK4   BANK5   BANK6   BANK7   BANK8   BANK9  BANK10  BANK11  BANK12  BANK13  BANK14  BANK15
      Params:         0       0       0       0       0       0       0       0       0       0       0       0       0       0       0       0       0
      Locals:         0       0       0       0       0       0       0       0       0       0       0       0       0       0       0       0       0
      Temps:          0       0       0       0       0       0       0       0       0       0       0       0       0       0       0       0       0
      Totals:         0       0       0       0       0       0       0       0       0       0       0       0       0       0       0       0       0
Total ram usage:        0 bytes
 Hardware stack levels used:    1
 Hardware stack levels required when called:    3
 This function calls:
		Nothing
 This function is called by:
		_Wait_One_Sec
 This function uses a non-reentrant model


 *************** function _Do_Init *****************
 Defined at:
		line 99 in file "Lab10p1.c"
 Parameters:    Size  Location     Type
		None
 Auto vars:     Size  Location     Type
		None
 Return value:  Size  Location     Type
		None               void
 Registers used:
		wreg, status,2, status,0, cstack
 Tracked objects:
		On entry : 
		On exit  : 
		Unchanged: 
 Data sizes:     COMRAM   BANK0   BANK1   BANK2   BANK3   BANK4   BANK5   BANK6   BANK7   BANK8   BANK9  BANK10  BANK11  BANK12  BANK13  BANK14  BANK15
      Params:         0       0       0       0       0       0       0       0       0       0       0       0       0       0       0       0       0
      Locals:         0       0       0       0       0       0       0       0       0       0       0       0       0       0       0       0       0
      Temps:          0       0       0       0       0       0       0       0       0       0       0       0       0       0       0       0       0
      Totals:         0       0       0       0       0       0       0       0       0       0       0       0       0       0       0       0       0
Total ram usage:        0 bytes
 Hardware stack levels used:    1
 Hardware stack levels required when called:    7
 This function calls:
		_DS1621_Init
		_I2C_Init
		_init_INTERRUPT
		_init_UART
 This function is called by:
		_main
 This function uses a non-reentrant model


 *************** function _init_UART *****************
 Defined at:
		line 91 in file "Lab10p1.c"
 Parameters:    Size  Location     Type
		None
 Auto vars:     Size  Location     Type
		None
 Return value:  Size  Location     Type
		None               void
 Registers used:
		wreg, status,2, cstack
 Tracked objects:
		On entry : 
		On exit  : 
		Unchanged: 
 Data sizes:     COMRAM   BANK0   BANK1   BANK2   BANK3   BANK4   BANK5   BANK6   BANK7   BANK8   BANK9  BANK10  BANK11  BANK12  BANK13  BANK14  BANK15
      Params:         0       0       0       0       0       0       0       0       0       0       0       0       0       0       0       0       0
      Locals:         0       0       0       0       0       0       0       0       0       0       0       0       0       0       0       0       0
      Temps:          0       0       0       0       0       0       0       0       0       0       0       0       0       0       0       0       0
      Totals:         0       0       0       0       0       0       0       0       0       0       0       0       0       0       0       0       0
Total ram usage:        0 bytes
 Hardware stack levels used:    1
 Hardware stack levels required when called:    4
 This function calls:
		_OpenUSART
 This function is called by:
		_Do_Init
 This function uses a non-reentrant model


 *************** function _OpenUSART *****************
 Defined at:
		line 73 in file "E:\XC8\sources\pic18\plib\USART\uopen.c"
 Parameters:    Size  Location     Type
  config          1    wreg     unsigned char 
  spbrg           2   16[COMRAM] unsigned int 
 Auto vars:     Size  Location     Type
  config          1   18[COMRAM] unsigned char 
 Return value:  Size  Location     Type
		None               void
 Registers used:
		wreg, status,2
 Tracked objects:
		On entry : 
		On exit  : 
		Unchanged: 
 Data sizes:     COMRAM   BANK0   BANK1   BANK2   BANK3   BANK4   BANK5   BANK6   BANK7   BANK8   BANK9  BANK10  BANK11  BANK12  BANK13  BANK14  BANK15
      Params:         2       0       0       0       0       0       0       0       0       0       0       0       0       0       0       0       0
      Locals:         1       0       0       0       0       0       0       0       0       0       0       0       0       0       0       0       0
      Temps:          0       0       0       0       0       0       0       0       0       0       0       0       0       0       0       0       0
      Totals:         3       0       0       0       0       0       0       0       0       0       0       0       0       0       0       0       0
Total ram usage:        3 bytes
 Hardware stack levels used:    1
 Hardware stack levels required when called:    3
 This function calls:
		Nothing
 This function is called by:
		_init_UART
 This function uses a non-reentrant model


 *************** function _init_INTERRUPT *****************
 Defined at:
		line 13 in file "Interrupt.c"
 Parameters:    Size  Location     Type
		None
 Auto vars:     Size  Location     Type
		None
 Return value:  Size  Location     Type
		None               void
 Registers used:
		wreg, status,2
 Tracked objects:
		On entry : 
		On exit  : 
		Unchanged: 
 Data sizes:     COMRAM   BANK0   BANK1   BANK2   BANK3   BANK4   BANK5   BANK6   BANK7   BANK8   BANK9  BANK10  BANK11  BANK12  BANK13  BANK14  BANK15
      Params:         0       0       0       0       0       0       0       0       0       0       0       0       0       0       0       0       0
      Locals:         0       0       0       0       0       0       0       0       0       0       0       0       0       0       0       0       0
      Temps:          0       0       0       0       0       0       0       0       0       0       0       0       0       0       0       0       0
      Totals:         0       0       0       0       0       0       0       0       0       0       0       0       0       0       0       0       0
Total ram usage:        0 bytes
 Hardware stack levels used:    1
 Hardware stack levels required when called:    3
 This function calls:
		Nothing
 This function is called by:
		_Do_Init
 This function uses a non-reentrant model


 *************** function _I2C_Init *****************
 Defined at:
		line 14 in file "I2C.c"
 Parameters:    Size  Location     Type
  c               4   16[COMRAM] unsigned long 
 Auto vars:     Size  Location     Type
		None
 Return value:  Size  Location     Type
		None               void
 Registers used:
		wreg, cstack
 Tracked objects:
		On entry : 
		On exit  : 
		Unchanged: 
 Data sizes:     COMRAM   BANK0   BANK1   BANK2   BANK3   BANK4   BANK5   BANK6   BANK7   BANK8   BANK9  BANK10  BANK11  BANK12  BANK13  BANK14  BANK15
      Params:         4       0       0       0       0       0       0       0       0       0       0       0       0       0       0       0       0
      Locals:         0       0       0       0       0       0       0       0       0       0       0       0       0       0       0       0       0
      Temps:          0       0       0       0       0       0       0       0       0       0       0       0       0       0       0       0       0
      Totals:         4       0       0       0       0       0       0       0       0       0       0       0       0       0       0       0       0
Total ram usage:        4 bytes
 Hardware stack levels used:    1
 Hardware stack levels required when called:    4
 This function calls:
		_i2cHighScl
		_i2cHighSda
 This function is called by:
		_Do_Init
 This function uses a non-reentrant model


 *************** function _DS1621_Init *****************
 Defined at:
		line 21 in file "I2C_Support.c"
 Parameters:    Size  Location     Type
		None
 Auto vars:     Size  Location     Type
  Device          1   21[COMRAM] unsigned char 
 Return value:  Size  Location     Type
		None               void
 Registers used:
		wreg, status,2, status,0, cstack
 Tracked objects:
		On entry : 
		On exit  : 
		Unchanged: 
 Data sizes:     COMRAM   BANK0   BANK1   BANK2   BANK3   BANK4   BANK5   BANK6   BANK7   BANK8   BANK9  BANK10  BANK11  BANK12  BANK13  BANK14  BANK15
      Params:         0       0       0       0       0       0       0       0       0       0       0       0       0       0       0       0       0
      Locals:         1       0       0       0       0       0       0       0       0       0       0       0       0       0       0       0       0
      Temps:          0       0       0       0       0       0       0       0       0       0       0       0       0       0       0       0       0
      Totals:         1       0       0       0       0       0       0       0       0       0       0       0       0       0       0       0       0
Total ram usage:        1 bytes
 Hardware stack levels used:    1
 Hardware stack levels required when called:    6
 This function calls:
		_I2C_Write_Cmd_Only
		_I2C_Write_Cmd_Write_Data
 This function is called by:
		_Do_Init
 This function uses a non-reentrant model


 *************** function _I2C_Write_Cmd_Write_Data *****************
 Defined at:
		line 152 in file "I2C.c"
 Parameters:    Size  Location     Type
  Device          1    wreg     unsigned char 
  Cmd             1   18[COMRAM] unsigned char 
  Data_Out        1   19[COMRAM] unsigned char 
 Auto vars:     Size  Location     Type
  Device          1   20[COMRAM] unsigned char 
 Return value:  Size  Location     Type
		None               void
 Registers used:
		wreg, status,2, status,0, cstack
 Tracked objects:
		On entry : 
		On exit  : 
		Unchanged: 
 Data sizes:     COMRAM   BANK0   BANK1   BANK2   BANK3   BANK4   BANK5   BANK6   BANK7   BANK8   BANK9  BANK10  BANK11  BANK12  BANK13  BANK14  BANK15
      Params:         2       0       0       0       0       0       0       0       0       0       0       0       0       0       0       0       0
      Locals:         1       0       0       0       0       0       0       0       0       0       0       0       0       0       0       0       0
      Temps:          0       0       0       0       0       0       0       0       0       0       0       0       0       0       0       0       0
      Totals:         3       0       0       0       0       0       0       0       0       0       0       0       0       0       0       0       0
Total ram usage:        3 bytes
 Hardware stack levels used:    1
 Hardware stack levels required when called:    5
 This function calls:
		_I2C_Start
		_I2C_Stop
		_I2C_Write
 This function is called by:
		_DS1621_Init
 This function uses a non-reentrant model


 *************** function _I2C_Write_Cmd_Only *****************
 Defined at:
		line 144 in file "I2C.c"
 Parameters:    Size  Location     Type
  Device          1    wreg     unsigned char 
  Cmd             1   18[COMRAM] unsigned char 
 Auto vars:     Size  Location     Type
  Device          1   19[COMRAM] unsigned char 
 Return value:  Size  Location     Type
		None               void
 Registers used:
		wreg, status,2, status,0, cstack
 Tracked objects:
		On entry : 
		On exit  : 
		Unchanged: 
 Data sizes:     COMRAM   BANK0   BANK1   BANK2   BANK3   BANK4   BANK5   BANK6   BANK7   BANK8   BANK9  BANK10  BANK11  BANK12  BANK13  BANK14  BANK15
      Params:         1       0       0       0       0       0       0       0       0       0       0       0       0       0       0       0       0
      Locals:         1       0       0       0       0       0       0       0       0       0       0       0       0       0       0       0       0
      Temps:          0       0       0       0       0       0       0       0       0       0       0       0       0       0       0       0       0
      Totals:         2       0       0       0       0       0       0       0       0       0       0       0       0       0       0       0       0
Total ram usage:        2 bytes
 Hardware stack levels used:    1
 Hardware stack levels required when called:    5
 This function calls:
		_I2C_Start
		_I2C_Stop
		_I2C_Write
 This function is called by:
		_DS1621_Init
 This function uses a non-reentrant model


 *************** function _DS1621_Read_Temp *****************
 Defined at:
		line 29 in file "I2C_Support.c"
 Parameters:    Size  Location     Type
		None
 Auto vars:     Size  Location     Type
  Device          1   23[COMRAM] unsigned char 
  Data_Ret        1   22[COMRAM] unsigned char 
  Cmd             1   21[COMRAM] unsigned char 
 Return value:  Size  Location     Type
                  2   19[COMRAM] int 
 Registers used:
		wreg, status,2, status,0, cstack
 Tracked objects:
		On entry : 
		On exit  : 
		Unchanged: 
 Data sizes:     COMRAM   BANK0   BANK1   BANK2   BANK3   BANK4   BANK5   BANK6   BANK7   BANK8   BANK9  BANK10  BANK11  BANK12  BANK13  BANK14  BANK15
      Params:         2       0       0       0       0       0       0       0       0       0       0       0       0       0       0       0       0
      Locals:         3       0       0       0       0       0       0       0       0       0       0       0       0       0       0       0       0
      Temps:          0       0       0       0       0       0       0       0       0       0       0       0       0       0       0       0       0
      Totals:         5       0       0       0       0       0       0       0       0       0       0       0       0       0       0       0       0
Total ram usage:        5 bytes
 Hardware stack levels used:    1
 Hardware stack levels required when called:    6
 This function calls:
		_I2C_ReStart
		_I2C_Read
		_I2C_Start
		_I2C_Stop
		_I2C_Write
 This function is called by:
		_main
 This function uses a non-reentrant model


 *************** function _I2C_Write *****************
 Defined at:
		line 41 in file "I2C.c"
 Parameters:    Size  Location     Type
  outByte         1    wreg     unsigned char 
 Auto vars:     Size  Location     Type
  outByte         1   16[COMRAM] unsigned char 
  n               1   17[COMRAM] unsigned char 
 Return value:  Size  Location     Type
		None               void
 Registers used:
		wreg, status,2, status,0, cstack
 Tracked objects:
		On entry : 
		On exit  : 
		Unchanged: 
 Data sizes:     COMRAM   BANK0   BANK1   BANK2   BANK3   BANK4   BANK5   BANK6   BANK7   BANK8   BANK9  BANK10  BANK11  BANK12  BANK13  BANK14  BANK15
      Params:         0       0       0       0       0       0       0       0       0       0       0       0       0       0       0       0       0
      Locals:         2       0       0       0       0       0       0       0       0       0       0       0       0       0       0       0       0
      Temps:          0       0       0       0       0       0       0       0       0       0       0       0       0       0       0       0       0
      Totals:         2       0       0       0       0       0       0       0       0       0       0       0       0       0       0       0       0
Total ram usage:        2 bytes
 Hardware stack levels used:    1
 Hardware stack levels required when called:    4
 This function calls:
		_i2cHighScl
		_i2cHighSda
		_i2cLowScl
		_i2cLowSda
 This function is called by:
		_I2C_Write_Cmd_Only
		_I2C_Write_Cmd_Write_Data
		_DS1621_Read_Temp
		_I2C_Write_Address_Read_One_Byte
		_I2C_Write_Address_Write_One_Byte
		_I2C_Write_Cmd_Read_One_Byte
		_DS3231_Read_Time
		_DS3231_Setup_Time
 This function uses a non-reentrant model


 *************** function _I2C_Stop *****************
 Defined at:
		line 88 in file "I2C.c"
 Parameters:    Size  Location     Type
		None
 Auto vars:     Size  Location     Type
		None
 Return value:  Size  Location     Type
		None               void
 Registers used:
		wreg, cstack
 Tracked objects:
		On entry : 
		On exit  : 
		Unchanged: 
 Data sizes:     COMRAM   BANK0   BANK1   BANK2   BANK3   BANK4   BANK5   BANK6   BANK7   BANK8   BANK9  BANK10  BANK11  BANK12  BANK13  BANK14  BANK15
      Params:         0       0       0       0       0       0       0       0       0       0       0       0       0       0       0       0       0
      Locals:         0       0       0       0       0       0       0       0       0       0       0       0       0       0       0       0       0
      Temps:          0       0       0       0       0       0       0       0       0       0       0       0       0       0       0       0       0
      Totals:         0       0       0       0       0       0       0       0       0       0       0       0       0       0       0       0       0
Total ram usage:        0 bytes
 Hardware stack levels used:    1
 Hardware stack levels required when called:    4
 This function calls:
		_i2cHighScl
		_i2cHighSda
		_i2cLowScl
		_i2cLowSda
 This function is called by:
		_I2C_Write_Cmd_Only
		_I2C_Write_Cmd_Write_Data
		_DS1621_Read_Temp
		_I2C_Write_Address_Read_One_Byte
		_I2C_Write_Address_Write_One_Byte
		_I2C_Write_Cmd_Read_One_Byte
		_DS3231_Read_Time
		_DS3231_Setup_Time
 This function uses a non-reentrant model


 *************** function _I2C_Start *****************
 Defined at:
		line 71 in file "I2C.c"
 Parameters:    Size  Location     Type
		None
 Auto vars:     Size  Location     Type
		None
 Return value:  Size  Location     Type
		None               void
 Registers used:
		wreg, cstack
 Tracked objects:
		On entry : 
		On exit  : 
		Unchanged: 
 Data sizes:     COMRAM   BANK0   BANK1   BANK2   BANK3   BANK4   BANK5   BANK6   BANK7   BANK8   BANK9  BANK10  BANK11  BANK12  BANK13  BANK14  BANK15
      Params:         0       0       0       0       0       0       0       0       0       0       0       0       0       0       0       0       0
      Locals:         0       0       0       0       0       0       0       0       0       0       0       0       0       0       0       0       0
      Temps:          0       0       0       0       0       0       0       0       0       0       0       0       0       0       0       0       0
      Totals:         0       0       0       0       0       0       0       0       0       0       0       0       0       0       0       0       0
Total ram usage:        0 bytes
 Hardware stack levels used:    1
 Hardware stack levels required when called:    4
 This function calls:
		_i2cHighScl
		_i2cHighSda
		_i2cLowScl
		_i2cLowSda
 This function is called by:
		_I2C_Write_Cmd_Only
		_I2C_Write_Cmd_Write_Data
		_DS1621_Read_Temp
		_I2C_Write_Address_Read_One_Byte
		_I2C_Write_Address_Write_One_Byte
		_I2C_Write_Cmd_Read_One_Byte
		_DS3231_Read_Time
		_DS3231_Setup_Time
 This function uses a non-reentrant model


 *************** function _I2C_Read *****************
 Defined at:
		line 20 in file "I2C.c"
 Parameters:    Size  Location     Type
  ack             1    wreg     unsigned char 
 Auto vars:     Size  Location     Type
  ack             1   16[COMRAM] unsigned char 
  inByte          1   18[COMRAM] unsigned char 
  n               1   17[COMRAM] unsigned char 
 Return value:  Size  Location     Type
                  1    wreg      unsigned char 
 Registers used:
		wreg, status,2, status,0, cstack
 Tracked objects:
		On entry : 
		On exit  : 
		Unchanged: 
 Data sizes:     COMRAM   BANK0   BANK1   BANK2   BANK3   BANK4   BANK5   BANK6   BANK7   BANK8   BANK9  BANK10  BANK11  BANK12  BANK13  BANK14  BANK15
      Params:         0       0       0       0       0       0       0       0       0       0       0       0       0       0       0       0       0
      Locals:         3       0       0       0       0       0       0       0       0       0       0       0       0       0       0       0       0
      Temps:          0       0       0       0       0       0       0       0       0       0       0       0       0       0       0       0       0
      Totals:         3       0       0       0       0       0       0       0       0       0       0       0       0       0       0       0       0
Total ram usage:        3 bytes
 Hardware stack levels used:    1
 Hardware stack levels required when called:    5
 This function calls:
		_i2cAck
		_i2cHighScl
		_i2cHighSda
		_i2cLowScl
		_i2cNack
 This function is called by:
		_DS1621_Read_Temp
		_I2C_Write_Address_Read_One_Byte
		_I2C_Write_Cmd_Read_One_Byte
		_DS3231_Read_Time
 This function uses a non-reentrant model


 *************** function _i2cNack *****************
 Defined at:
		line 57 in file "I2C.c"
 Parameters:    Size  Location     Type
		None
 Auto vars:     Size  Location     Type
		None
 Return value:  Size  Location     Type
		None               void
 Registers used:
		wreg, cstack
 Tracked objects:
		On entry : 
		On exit  : 
		Unchanged: 
 Data sizes:     COMRAM   BANK0   BANK1   BANK2   BANK3   BANK4   BANK5   BANK6   BANK7   BANK8   BANK9  BANK10  BANK11  BANK12  BANK13  BANK14  BANK15
      Params:         0       0       0       0       0       0       0       0       0       0       0       0       0       0       0       0       0
      Locals:         0       0       0       0       0       0       0       0       0       0       0       0       0       0       0       0       0
      Temps:          0       0       0       0       0       0       0       0       0       0       0       0       0       0       0       0       0
      Totals:         0       0       0       0       0       0       0       0       0       0       0       0       0       0       0       0       0
Total ram usage:        0 bytes
 Hardware stack levels used:    1
 Hardware stack levels required when called:    4
 This function calls:
		_i2cHighScl
		_i2cLowScl
 This function is called by:
		_I2C_Read
 This function uses a non-reentrant model


 *************** function _i2cAck *****************
 Defined at:
		line 63 in file "I2C.c"
 Parameters:    Size  Location     Type
		None
 Auto vars:     Size  Location     Type
		None
 Return value:  Size  Location     Type
		None               void
 Registers used:
		wreg, cstack
 Tracked objects:
		On entry : 
		On exit  : 
		Unchanged: 
 Data sizes:     COMRAM   BANK0   BANK1   BANK2   BANK3   BANK4   BANK5   BANK6   BANK7   BANK8   BANK9  BANK10  BANK11  BANK12  BANK13  BANK14  BANK15
      Params:         0       0       0       0       0       0       0       0       0       0       0       0       0       0       0       0       0
      Locals:         0       0       0       0       0       0       0       0       0       0       0       0       0       0       0       0       0
      Temps:          0       0       0       0       0       0       0       0       0       0       0       0       0       0       0       0       0
      Totals:         0       0       0       0       0       0       0       0       0       0       0       0       0       0       0       0       0
Total ram usage:        0 bytes
 Hardware stack levels used:    1
 Hardware stack levels required when called:    4
 This function calls:
		_i2cHighScl
		_i2cHighSda
		_i2cLowScl
		_i2cLowSda
 This function is called by:
		_I2C_Read
 This function uses a non-reentrant model


 *************** function _I2C_ReStart *****************
 Defined at:
		line 79 in file "I2C.c"
 Parameters:    Size  Location     Type
		None
 Auto vars:     Size  Location     Type
		None
 Return value:  Size  Location     Type
		None               void
 Registers used:
		wreg, cstack
 Tracked objects:
		On entry : 
		On exit  : 
		Unchanged: 
 Data sizes:     COMRAM   BANK0   BANK1   BANK2   BANK3   BANK4   BANK5   BANK6   BANK7   BANK8   BANK9  BANK10  BANK11  BANK12  BANK13  BANK14  BANK15
      Params:         0       0       0       0       0       0       0       0       0       0       0       0       0       0       0       0       0
      Locals:         0       0       0       0       0       0       0       0       0       0       0       0       0       0       0       0       0
      Temps:          0       0       0       0       0       0       0       0       0       0       0       0       0       0       0       0       0
      Totals:         0       0       0       0       0       0       0       0       0       0       0       0       0       0       0       0       0
Total ram usage:        0 bytes
 Hardware stack levels used:    1
 Hardware stack levels required when called:    4
 This function calls:
		_i2cHighScl
		_i2cHighSda
		_i2cLowScl
		_i2cLowSda
 This function is called by:
		_DS1621_Read_Temp
		_I2C_Write_Address_Read_One_Byte
		_I2C_Write_Cmd_Read_One_Byte
		_DS3231_Read_Time
 This function uses a non-reentrant model


 *************** function _i2cLowSda *****************
 Defined at:
		line 102 in file "I2C.c"
 Parameters:    Size  Location     Type
		None
 Auto vars:     Size  Location     Type
		None
 Return value:  Size  Location     Type
		None               void
 Registers used:
		None
 Tracked objects:
		On entry : 
		On exit  : 
		Unchanged: 
 Data sizes:     COMRAM   BANK0   BANK1   BANK2   BANK3   BANK4   BANK5   BANK6   BANK7   BANK8   BANK9  BANK10  BANK11  BANK12  BANK13  BANK14  BANK15
      Params:         0       0       0       0       0       0       0       0       0       0       0       0       0       0       0       0       0
      Locals:         0       0       0       0       0       0       0       0       0       0       0       0       0       0       0       0       0
      Temps:          0       0       0       0       0       0       0       0       0       0       0       0       0       0       0       0       0
      Totals:         0       0       0       0       0       0       0       0       0       0       0       0       0       0       0       0       0
Total ram usage:        0 bytes
 Hardware stack levels used:    1
 Hardware stack levels required when called:    3
 This function calls:
		Nothing
 This function is called by:
		_I2C_Write
		_i2cAck
		_I2C_Start
		_I2C_ReStart
		_I2C_Stop
 This function uses a non-reentrant model


 *************** function _i2cLowScl *****************
 Defined at:
		line 115 in file "I2C.c"
 Parameters:    Size  Location     Type
		None
 Auto vars:     Size  Location     Type
		None
 Return value:  Size  Location     Type
		None               void
 Registers used:
		None
 Tracked objects:
		On entry : 
		On exit  : 
		Unchanged: 
 Data sizes:     COMRAM   BANK0   BANK1   BANK2   BANK3   BANK4   BANK5   BANK6   BANK7   BANK8   BANK9  BANK10  BANK11  BANK12  BANK13  BANK14  BANK15
      Params:         0       0       0       0       0       0       0       0       0       0       0       0       0       0       0       0       0
      Locals:         0       0       0       0       0       0       0       0       0       0       0       0       0       0       0       0       0
      Temps:          0       0       0       0       0       0       0       0       0       0       0       0       0       0       0       0       0
      Totals:         0       0       0       0       0       0       0       0       0       0       0       0       0       0       0       0       0
Total ram usage:        0 bytes
 Hardware stack levels used:    1
 Hardware stack levels required when called:    3
 This function calls:
		Nothing
 This function is called by:
		_I2C_Read
		_I2C_Write
		_i2cNack
		_i2cAck
		_I2C_Start
		_I2C_ReStart
		_I2C_Stop
 This function uses a non-reentrant model


 *************** function _i2cHighSda *****************
 Defined at:
		line 96 in file "I2C.c"
 Parameters:    Size  Location     Type
		None
 Auto vars:     Size  Location     Type
		None
 Return value:  Size  Location     Type
		None               void
 Registers used:
		None
 Tracked objects:
		On entry : 
		On exit  : 
		Unchanged: 
 Data sizes:     COMRAM   BANK0   BANK1   BANK2   BANK3   BANK4   BANK5   BANK6   BANK7   BANK8   BANK9  BANK10  BANK11  BANK12  BANK13  BANK14  BANK15
      Params:         0       0       0       0       0       0       0       0       0       0       0       0       0       0       0       0       0
      Locals:         0       0       0       0       0       0       0       0       0       0       0       0       0       0       0       0       0
      Temps:          0       0       0       0       0       0       0       0       0       0       0       0       0       0       0       0       0
      Totals:         0       0       0       0       0       0       0       0       0       0       0       0       0       0       0       0       0
Total ram usage:        0 bytes
 Hardware stack levels used:    1
 Hardware stack levels required when called:    3
 This function calls:
		Nothing
 This function is called by:
		_I2C_Init
		_I2C_Read
		_I2C_Write
		_i2cAck
		_I2C_Start
		_I2C_ReStart
		_I2C_Stop
 This function uses a non-reentrant model


 *************** function _i2cHighScl *****************
 Defined at:
		line 109 in file "I2C.c"
 Parameters:    Size  Location     Type
		None
 Auto vars:     Size  Location     Type
		None
 Return value:  Size  Location     Type
		None               void
 Registers used:
		wreg
 Tracked objects:
		On entry : 
		On exit  : 
		Unchanged: 
 Data sizes:     COMRAM   BANK0   BANK1   BANK2   BANK3   BANK4   BANK5   BANK6   BANK7   BANK8   BANK9  BANK10  BANK11  BANK12  BANK13  BANK14  BANK15
      Params:         0       0       0       0       0       0       0       0       0       0       0       0       0       0       0       0       0
      Locals:         0       0       0       0       0       0       0       0       0       0       0       0       0       0       0       0       0
      Temps:          0       0       0       0       0       0       0       0       0       0       0       0       0       0       0       0       0
      Totals:         0       0       0       0       0       0       0       0       0       0       0       0       0       0       0       0       0
Total ram usage:        0 bytes
 Hardware stack levels used:    1
 Hardware stack levels required when called:    3
 This function calls:
		Nothing
 This function is called by:
		_I2C_Init
		_I2C_Read
		_I2C_Write
		_i2cNack
		_i2cAck
		_I2C_Start
		_I2C_ReStart
		_I2C_Stop
 This function uses a non-reentrant model


 *************** function _chkisr *****************
 Defined at:
		line 28 in file "Interrupt.c"
 Parameters:    Size  Location     Type
		None
 Auto vars:     Size  Location     Type
		None
 Return value:  Size  Location     Type
		None               void
 Registers used:
		wreg, status,2, status,0, cstack
 Tracked objects:
		On entry : 
		On exit  : 
		Unchanged: 
 Data sizes:     COMRAM   BANK0   BANK1   BANK2   BANK3   BANK4   BANK5   BANK6   BANK7   BANK8   BANK9  BANK10  BANK11  BANK12  BANK13  BANK14  BANK15
      Params:         0       0       0       0       0       0       0       0       0       0       0       0       0       0       0       0       0
      Locals:         0       0       0       0       0       0       0       0       0       0       0       0       0       0       0       0       0
      Temps:         14       0       0       0       0       0       0       0       0       0       0       0       0       0       0       0       0
      Totals:        14       0       0       0       0       0       0       0       0       0       0       0       0       0       0       0       0
Total ram usage:       14 bytes
 Hardware stack levels used:    1
 Hardware stack levels required when called:    2
 This function calls:
		_INT0_isr
		_TIMER1_isr
 This function is called by:
		Interrupt level 2
 This function uses a non-reentrant model


 *************** function _TIMER1_isr *****************
 Defined at:
		line 34 in file "Interrupt.c"
 Parameters:    Size  Location     Type
		None
 Auto vars:     Size  Location     Type
		None
 Return value:  Size  Location     Type
		None               void
 Registers used:
		wreg, status,2
 Tracked objects:
		On entry : 
		On exit  : 
		Unchanged: 
 Data sizes:     COMRAM   BANK0   BANK1   BANK2   BANK3   BANK4   BANK5   BANK6   BANK7   BANK8   BANK9  BANK10  BANK11  BANK12  BANK13  BANK14  BANK15
      Params:         0       0       0       0       0       0       0       0       0       0       0       0       0       0       0       0       0
      Locals:         0       0       0       0       0       0       0       0       0       0       0       0       0       0       0       0       0
      Temps:          0       0       0       0       0       0       0       0       0       0       0       0       0       0       0       0       0
      Totals:         0       0       0       0       0       0       0       0       0       0       0       0       0       0       0       0       0
Total ram usage:        0 bytes
 Hardware stack levels used:    1
 This function calls:
		Nothing
 This function is called by:
		_chkisr
 This function uses a non-reentrant model


 *************** function _INT0_isr *****************
 Defined at:
		line 48 in file "Interrupt.c"
 Parameters:    Size  Location     Type
		None
 Auto vars:     Size  Location     Type
		None
 Return value:  Size  Location     Type
		None               void
 Registers used:
		wreg, status,2, status,0, cstack
 Tracked objects:
		On entry : 
		On exit  : 
		Unchanged: 
 Data sizes:     COMRAM   BANK0   BANK1   BANK2   BANK3   BANK4   BANK5   BANK6   BANK7   BANK8   BANK9  BANK10  BANK11  BANK12  BANK13  BANK14  BANK15
      Params:         0       0       0       0       0       0       0       0       0       0       0       0       0       0       0       0       0
      Locals:         0       0       0       0       0       0       0       0       0       0       0       0       0       0       0       0       0
      Temps:          2       0       0       0       0       0       0       0       0       0       0       0       0       0       0       0       0
      Totals:         2       0       0       0       0       0       0       0       0       0       0       0       0       0       0       0       0
Total ram usage:        2 bytes
 Hardware stack levels used:    1
 Hardware stack levels required when called:    1
 This function calls:
		_force_nec_state0
 This function is called by:
		_chkisr
 This function uses a non-reentrant model


 *************** function _force_nec_state0 *****************
 Defined at:
		line 42 in file "Interrupt.c"
 Parameters:    Size  Location     Type
		None
 Auto vars:     Size  Location     Type
		None
 Return value:  Size  Location     Type
		None               void
 Registers used:
		wreg, status,2
 Tracked objects:
		On entry : 
		On exit  : 
		Unchanged: 
 Data sizes:     COMRAM   BANK0   BANK1   BANK2   BANK3   BANK4   BANK5   BANK6   BANK7   BANK8   BANK9  BANK10  BANK11  BANK12  BANK13  BANK14  BANK15
      Params:         0       0       0       0       0       0       0       0       0       0       0       0       0       0       0       0       0
      Locals:         0       0       0       0       0       0       0       0       0       0       0       0       0       0       0       0       0
      Temps:          0       0       0       0       0       0       0       0       0       0       0       0       0       0       0       0       0
      Totals:         0       0       0       0       0       0       0       0       0       0       0       0       0       0       0       0       0
Total ram usage:        0 bytes
 Hardware stack levels used:    1
 This function calls:
		Nothing
 This function is called by:
		_INT0_isr
 This function uses a non-reentrant model



MODULE INFORMATION

Module		Function		Class		Link	Load	Size
E:\XC8\sources\common\Umul16.c
		___wmul        		CODE           	06BE	0000	41

E:\XC8\sources\common\Umul16.c estimated size: 41

E:\XC8\sources\pic18\plib\USART\uopen.c
		_OpenUSART     		CODE           	03CC	0000	113

E:\XC8\sources\pic18\plib\USART\uopen.c estimated size: 113

I2C.c
		_i2cLowSda     		CODE           	080C	0000	11
		_i2cLowScl     		CODE           	0816	0000	9
		_I2C_Write_Cmd_		CODE           	073E	0000	27
		_I2C_Write     		CODE           	0614	0000	63
		_I2C_Write_Cmd_		CODE           	06E6	0000	33
		_I2C_Stop      		CODE           	0782	0000	19
		_I2C_Read      		CODE           	054A	0000	73
		_i2cNack       		CODE           	0802	0000	11
		_I2C_Init      		CODE           	07F8	0000	11
		_i2cHighSda    		CODE           	081E	0000	9
		_i2cHighScl    		CODE           	07E0	0000	13
		_I2C_Start     		CODE           	0794	0000	19
		_i2cAck        		CODE           	07A6	0000	19
		_I2C_ReStart   		CODE           	0758	0000	23

I2C.c estimated size: 340

E:\XC8\sources\common\lwmod.c
		___lwmod       		CODE           	04FE	0000	77

E:\XC8\sources\common\lwmod.c estimated size: 77

I2C_Support.c
		_DS1621_Init   		CODE           	0706	0000	31
		_DS1621_Read_Te		CODE           	0652	0000	61

I2C_Support.c estimated size: 92

Lab10p1.c
		_putch         		CODE           	07B8	0000	15
		_main          		CODE           	043C	0000	103
		_init_UART     		CODE           	076E	0000	21
		_Do_Init       		CODE           	05D4	0000	65
		_Wait_Half_Seco		CODE           	0724	0000	27
		_Wait_One_Sec  		CODE           	07C6	0000	15

Lab10p1.c estimated size: 246

shared
		_font          		MEDIUMCONST    	FDEF	0000	256
		_dpowers       		MEDIUMCONST    	FFCA	0000	11
		__initializatio		CODE           	0592	0000	57
		_font2         		MEDIUMCONST    	FEEE	0000	221

shared estimated size: 545

Interrupt.c
		_TIMER1_isr    		CODE           	07EC	0000	13
		_init_INTERRUPT		CODE           	068E	0000	49
		_force_nec_stat		CODE           	0826	0000	9
		_INT0_isr      		CODE           	001C	0000	353
		_chkisr        		CODE           	0008	0000	141

Interrupt.c estimated size: 565

E:\XC8\sources\common\lwdiv.c
		___lwdiv       		CODE           	04A2	0000	93

E:\XC8\sources\common\lwdiv.c estimated size: 93

E:\XC8\sources\common\awdiv.c
		___awdiv       		CODE           	02BA	0000	151

E:\XC8\sources\common\awdiv.c estimated size: 151

E:\XC8\sources\common\doprnt.c
		_printf        		CODE           	017C	0000	319

E:\XC8\sources\common\doprnt.c estimated size: 319

