Microchip MPLAB XC8 Compiler V1.34 ()

Linker command line:

-W-3 --edf=E:\XC8\dat\en_msgs.txt -cs \
  -h+dist/default/production\Lab11pB.X.production.sym \
  --cmf=dist/default/production\Lab11pB.X.production.cmf -z -Q18F4620 \
  -oC:\Users\johnn\AppData\Local\Temp\s17kk.6 \
  -Mdist/default/production/Lab11pB.X.production.map -E1 -ver=XC8 \
  -ASTACK=0121h-0f7fh -pstack=STACK -ACODE=00h-0FFFFh -ACONST=00h-0FFFFh \
  -ASMALLCONST=01000h-010FFhx240 -AMEDIUMCONST=01000h-0FFFFh \
  -ACOMRAM=01h-07Fh -AABS1=00h-0F7Fh -ABIGRAM=01h-0F7Fh \
  -ARAM=080h-0FFh,0100h-01FFhx14,0F00h-0F7Fh -ABANK0=080h-0FFh \
  -ABANK1=0100h-01FFh -ABANK2=0200h-02FFh -ABANK3=0300h-03FFh \
  -ABANK4=0400h-04FFh -ABANK5=0500h-05FFh -ABANK6=0600h-06FFh \
  -ABANK7=0700h-07FFh -ABANK8=0800h-08FFh -ABANK9=0900h-09FFh \
  -ABANK10=0A00h-0AFFh -ABANK11=0B00h-0BFFh -ABANK12=0C00h-0CFFh \
  -ABANK13=0D00h-0DFFh -ABANK14=0E00h-0EFFh -ABANK15=0F00h-0F7Fh \
  -ASFR=0F80h-0FFFh \
  -preset_vec=00h,intcode=08h,intcodelo,powerup,init,end_init \
  -pramtop=01000h -psmallconst=SMALLCONST -pmediumconst=MEDIUMCONST \
  -pconst=CONST -AFARRAM=00h-00h -ACONFIG=0300000h-030000Dh -pconfig=CONFIG \
  -AIDLOC=0200000h-0200007h -pidloc=IDLOC -AEEDATA=0F00000h-0F003FFh \
  -peeprom_data=EEDATA \
  -prdata=COMRAM,nvrram=COMRAM,nvbit=COMRAM,rbss=COMRAM,rbit=COMRAM \
  -pfarbss=FARRAM,fardata=FARRAM,nvFARRAM=FARRAM \
  -pintsave_regs=BIGRAM,bigbss=BIGRAM,bigdata=BIGRAM -pbss=RAM \
  -pidata=CODE,irdata=CODE,ibigdata=CODE,ifardata=CODE -prparam=COMRAM \
  C:\Users\johnn\AppData\Local\Temp\s17kk.obj \
  dist/default/production\Lab11pB.X.production.obj 

Object code version is 3.11

Machine type is 18F4620

Call graph: (short form)




                Name                               Link     Load   Length Selector   Space Scale
C:\Users\johnn\AppData\Local\Temp\s17kk.obj
                end_init                             18       18        4        4       0
                reset_vec                             0        0        4        0       0
                idloc                            200000   200000        8   200000       0
                config                           300000   300000        E   300000       0
dist/default/production\Lab11pB.X.production.obj
                intcode                               8        8       10        4       0
                mediumconst                        FD74     FD74      28C     7EBA       0
                text41                             1166     1166        8      897       0
                text40                              3F6      3F6      160        4       0
                text39                             1116     1116        C      81A       0
                intcode_body                        BCA      BCA       7C        4       0
                text37                             110A     110A        C      81A       0
                text36                             115E     115E        8      897       0
                text35                             1156     1156        8      897       0
                text34                             114C     114C        A      897       0
                text33                             108C     108C       16      81A       0
                text32                             10DA     10DA       12      81A       0
                text31                             1142     1142        A      897       0
                text30                              E72      E72       48      6BF       0
                text29                             10C8     10C8       12      81A       0
                text28                             10B6     10B6       12      81A       0
                text27                              EF8      EF8       3E      6BF       0
                text26                              F36      F36       3C      6BF       0
                text25                              CB6      CB6       64        4       0
                text24                             1072     1072       1A      81A       0
                text23                             1034     1034       20      81A       0
                text22                             1054     1054       1E      81A       0
                text21                             1138     1138        A      897       0
                text20                             112E     112E        A      897       0
                text19                              F72      F72       30      6BF       0
                text18                              C46      C46       70        4       0
                text17                             10A2     10A2       14      81A       0
                text16                              E26      E26       4C      6BF       0
                text15                              9F2      9F2       C6        4       0
                text14                              556      556      10C        4       0
                text13                              662      662       F8        4       0
                text12                              75A      75A       E6        4       0
                text11                              FCA      FCA       26      6BF       0
                text10                              91C      91C       D6        4       0
                text9                              10EC     10EC       10      81A       0
                text8                               AB8      AB8       96        4       0
                text7                               FA2      FA2       28      6BF       0
                text6                               EBA      EBA       3E      6BF       0
                text5                               D7E      D7E       5C      6BF       0
                text4                               DDA      DDA       4C      6BF       0
                text3                               FF0      FF0       22      6BF       0
                text2                              10FC     10FC        E      81A       0
                text1                                1C       1C      3DA        4       0
                text0                               840      840       DC        4       0
                cstackCOMRAM                         32       32       31        1       1
                cstackBANK0                          E3       E3       12       80       1
                dataBANK1                           100      100       21      100       1
                dataBANK0                            80       80       63       80       1
                bssBANK0                             F5       F5        2       80       1
                dataCOMRAM                           63       63        B        1       1
                bssCOMRAM                             1        1       31        1       1
                cinit                               B4E      B4E       7C        4       0
                idataBANK1                         1012     1012       21      6BF       0
                idataBANK0                          D1A      D1A       63        4       0
                idataCOMRAM                        1122     1122        B      81A       0

TOTAL           Name                               Link     Load   Length     Space
        CLASS   STACK          

        CLASS   CODE           
                end_init                             18       18        4         0
                intcode                               8        8       10         0
                reset_vec                             0        0        4         0
                text41                             1166     1166        8         0
                text40                              3F6      3F6      160         0
                text39                             1116     1116        C         0
                intcode_body                        BCA      BCA       7C         0
                text37                             110A     110A        C         0
                text36                             115E     115E        8         0
                text35                             1156     1156        8         0
                text34                             114C     114C        A         0
                text33                             108C     108C       16         0
                text32                             10DA     10DA       12         0
                text31                             1142     1142        A         0
                text30                              E72      E72       48         0
                text29                             10C8     10C8       12         0
                text28                             10B6     10B6       12         0
                text27                              EF8      EF8       3E         0
                text26                              F36      F36       3C         0
                text25                              CB6      CB6       64         0
                text24                             1072     1072       1A         0
                text23                             1034     1034       20         0
                text22                             1054     1054       1E         0
                text21                             1138     1138        A         0
                text20                             112E     112E        A         0
                text19                              F72      F72       30         0
                text18                              C46      C46       70         0
                text17                             10A2     10A2       14         0
                text16                              E26      E26       4C         0
                text15                              9F2      9F2       C6         0
                text14                              556      556      10C         0
                text13                              662      662       F8         0
                text12                              75A      75A       E6         0
                text11                              FCA      FCA       26         0
                text10                              91C      91C       D6         0
                text9                              10EC     10EC       10         0
                text8                               AB8      AB8       96         0
                text7                               FA2      FA2       28         0
                text6                               EBA      EBA       3E         0
                text5                               D7E      D7E       5C         0
                text4                               DDA      DDA       4C         0
                text3                               FF0      FF0       22         0
                text2                              10FC     10FC        E         0
                text1                                1C       1C      3DA         0
                text0                               840      840       DC         0
                cinit                               B4E      B4E       7C         0
                idataBANK1                         1012     1012       21         0
                idataBANK0                          D1A      D1A       63         0
                idataCOMRAM                        1122     1122        B         0

        CLASS   CONST          

        CLASS   SMALLCONST     

        CLASS   MEDIUMCONST    
                mediumconst                        FD74     FD74      28C         0

        CLASS   COMRAM         
                cstackCOMRAM                         32       32       31         1
                dataCOMRAM                           63       63        B         1
                bssCOMRAM                             1        1       31         1

        CLASS   ABS1           

        CLASS   BIGRAM         

        CLASS   RAM            

        CLASS   BANK0          
                cstackBANK0                          E3       E3       12         1
                dataBANK0                            80       80       63         1
                bssBANK0                             F5       F5        2         1

        CLASS   BANK1          
                dataBANK1                           100      100       21         1

        CLASS   BANK2          

        CLASS   BANK3          

        CLASS   BANK4          

        CLASS   BANK5          

        CLASS   BANK6          

        CLASS   BANK7          

        CLASS   BANK8          

        CLASS   BANK9          

        CLASS   BANK10         

        CLASS   BANK11         

        CLASS   BANK12         

        CLASS   BANK13         

        CLASS   BANK14         

        CLASS   BANK15         

        CLASS   SFR            

        CLASS   FARRAM         

        CLASS   CONFIG         
                config                           300000   300000        E         0

        CLASS   IDLOC          
                idloc                            200000   200000        8         0

        CLASS   EEDATA         



SEGMENTS        Name                           Load    Length   Top    Selector   Space  Class

                reset_vec                      000000  000004  000004         0       0  CODE    
                bssCOMRAM                      000001  00006D  00006E         1       1  COMRAM  
                intcode                        000008  000D75  000D7D         4       0  CODE    
                dataBANK0                      000080  000077  0000F7        80       1  BANK0   
                dataBANK1                      000100  000021  000121       100       1  BANK1   
                text5                          000D7E  0002B5  001033       6BF       0  CODE    
                text23                         001034  0000F9  00112D       81A       0  CODE    
                text20                         00112E  000040  00116E       897       0  CODE    
                mediumconst                    00FD74  00028C  010000      7EBA       0  MEDIUMCO
                idloc                          200000  000008  200008    200000       0  IDLOC   
                config                         300000  00000E  30000E    300000       0  CONFIG  


UNUSED ADDRESS RANGES

        Name                Unused          Largest block    Delta
        BANK0            0000F7-0000FF                9
        BANK1            000121-0001FF               DF
        BANK10           000A00-000AFF              100
        BANK11           000B00-000BFF              100
        BANK12           000C00-000CFF              100
        BANK13           000D00-000DFF              100
        BANK14           000E00-000EFF              100
        BANK15           000F00-000F7F               80
        BANK2            000200-0002FF              100
        BANK3            000300-0003FF              100
        BANK4            000400-0004FF              100
        BANK5            000500-0005FF              100
        BANK6            000600-0006FF              100
        BANK7            000700-0007FF              100
        BANK8            000800-0008FF              100
        BANK9            000900-0009FF              100
        BIGRAM           00006E-00007F               12
                         0000F7-0000FF                9
                         000121-000F7F              E5F
        CODE             000004-000007                4
                         000D7D-000D7D                1
                         001033-001033                1
                         00112D-00112D                1
                         00116E-00FD73             EC06
        COMRAM           00006E-00007F               12
        CONST            000004-000007                4
                         000D7D-000D7D                1
                         001033-001033                1
                         00112D-00112D                1
                         00116E-00FD73             EC06
        EEDATA           F00000-F003FF              400
        MEDIUMCONST      001033-001033                1
                         00112D-00112D                1
                         00116E-00FD73             EC06
        RAM              0000F7-0000FF                9
                         000121-000F7F              100
        SFR              000F80-000FFF               80
        SMALLCONST       001033-001033                1
                         00112D-00112D                1
                         00116E-00FD73              100
        STACK            000121-000F7F              E5F

                                  Symbol Table

?_DS1621_Read_Temp                 cstackCOMRAM 000045
?___awdiv                          cstackCOMRAM 000048
?___ftdiv                          cstackCOMRAM 00005D
?___ftmul                          cstackCOMRAM 00004E
?___ftpack                         cstackCOMRAM 000042
?___fttol                          cstackCOMRAM 000042
?___lbtoft                         cstackCOMRAM 00004A
?___lwdiv                          cstackCOMRAM 000042
?___lwmod                          cstackCOMRAM 000049
?___wmul                           cstackCOMRAM 000042
?_get_RPM                          cstackCOMRAM 000050
?_printf                           cstackCOMRAM 00004E
DS1621_Init@Device                 cstackCOMRAM 000047
DS1621_Read_Temp@Cmd               cstackCOMRAM 000047
DS1621_Read_Temp@Data_Ret          cstackCOMRAM 000048
DS1621_Read_Temp@Device            cstackCOMRAM 000049
DS3231_Read_Time@Address           cstackCOMRAM 000045
DS3231_Read_Time@Device            cstackCOMRAM 000046
I2C_Init@c                         cstackCOMRAM 000042
I2C_Read@ack                       cstackCOMRAM 000042
I2C_Read@inByte                    cstackCOMRAM 000044
I2C_Read@n                         cstackCOMRAM 000043
I2C_Write@n                        cstackCOMRAM 000043
I2C_Write@outByte                  cstackCOMRAM 000042
I2C_Write_Cmd_Only@Cmd             cstackCOMRAM 000044
I2C_Write_Cmd_Only@Device          cstackCOMRAM 000045
I2C_Write_Cmd_Write_Data@Cmd       cstackCOMRAM 000044
I2C_Write_Cmd_Write_Data@Data_Out  cstackCOMRAM 000045
I2C_Write_Cmd_Write_Data@Device    cstackCOMRAM 000046
OpenUSART@config                   cstackCOMRAM 000044
OpenUSART@spbrg                    cstackCOMRAM 000042
_ADCON1                            (abs)        000FC1
_ALARMEN                           bssCOMRAM    000005
_Alarm_SW_Txt                      dataBANK0    0000BE
_CCP1CON                           (abs)        000FBD
_CCP2CON                           (abs)        000FBA
_CCPR1L                            (abs)        000FBE
_CCPR2L                            (abs)        000FBB
_DC_Txt                            dataBANK0    0000DB
_DS1621_Init                       text22       001054
_DS1621_Read_Temp                  text26       000F36
_DS1621_tempC                      bssCOMRAM    000007
_DS1621_tempF                      bssCOMRAM    000009
_DS3231_Read_Time                  text25       000CB6
_Do_Init                           text16       000E26
_FAN                               bssCOMRAM    000015
_Fan_SW_Txt                        dataBANK0    0000DF
_I2C_Init                          text21       001138
_I2C_ReStart                       text33       00108C
_I2C_Read                          text30       000E72
_I2C_Start                         text29       0010C8
_I2C_Stop                          text28       0010B6
_I2C_Write                         text27       000EF8
_I2C_Write_Cmd_Only                text24       001072
_I2C_Write_Cmd_Write_Data          text23       001034
_INT0_isr                          text40       0003F6
_INTCON2bits                       (abs)        000FF1
_INTCONbits                        (abs)        000FF2
_Nec_code                          bssCOMRAM    000001
_Nec_code1                         bssCOMRAM    000016
_Nec_state                         bssCOMRAM    000017
_OSCCON                            (abs)        000FD3
_OpenUSART                         text18       000C46
_PIE1bits                          (abs)        000F9D
_PIR1bits                          (abs)        000F9E
_PORTAbits                         (abs)        000F80
_PORTBbits                         (abs)        000F81
_PORTDbits                         (abs)        000F83
_PORTEbits                         (abs)        000F84
_PR2                               (abs)        000FCB
_RBPU                              (abs)        007F8F
_RCSTA                             (abs)        000FAB
_RCSTAbits                         (abs)        000FAB
_RPM_Txt                           dataBANK0    0000D6
_RTC_ALARM_Txt                     dataBANK0    0000C2
_SPBRG                             (abs)        000FAF
_SPBRGH                            (abs)        000FB0
_SSPBUF                            (abs)        000FC9
_SSPCON1                           (abs)        000FC6
_SSPSTAT                           (abs)        000FC7
_SSPSTATbits                       (abs)        000FC7
_T0CON                             (abs)        000FD5
_T0CONbits                         (abs)        000FD5
_T1CON                             (abs)        000FCD
_T1CONbits                         (abs)        000FCD
_T2CON                             (abs)        000FCA
_T3CON                             (abs)        000FB1
_TIMER1_isr                        text39       001116
_TMR0H                             (abs)        000FD7
_TMR0L                             (abs)        000FD6
_TMR1H                             (abs)        000FCF
_TMR1L                             (abs)        000FCE
_TMR3L                             (abs)        000FB2
_TRISA                             (abs)        000F92
_TRISB                             (abs)        000F93
_TRISBbits                         (abs)        000F93
_TRISC                             (abs)        000F94
_TRISCbits                         (abs)        000F94
_TRISD                             (abs)        000F95
_TRMT                              (abs)        007D61
_TXREG                             (abs)        000FAD
_TXSTA                             (abs)        000FAC
_TXSTAbits                         (abs)        000FAC
_Time_Elapsed                      bssCOMRAM    00000B
_Turn_Off_Fan                      text20       00112E
_Turn_On_Fan                       text9        0010EC
__CFG_BOREN$OFF                    (abs)        000000
__CFG_CCP2MX$PORTBE                (abs)        000000
__CFG_LVP$OFF                      (abs)        000000
__CFG_OSC$INTIO67                  (abs)        000000
__CFG_WDT$OFF                      (abs)        000000
__HRAM                             (abs)        000000
__Habs1                            abs1         000000
__Hbank0                           bank0        000000
__Hbank1                           bank1        000000
__Hbank10                          bank10       000000
__Hbank11                          bank11       000000
__Hbank12                          bank12       000000
__Hbank13                          bank13       000000
__Hbank14                          bank14       000000
__Hbank15                          bank15       000000
__Hbank2                           bank2        000000
__Hbank3                           bank3        000000
__Hbank4                           bank4        000000
__Hbank5                           bank5        000000
__Hbank6                           bank6        000000
__Hbank7                           bank7        000000
__Hbank8                           bank8        000000
__Hbank9                           bank9        000000
__Hbigbss                          bigbss       000000
__Hbigdata                         bigdata      000000
__Hbigram                          bigram       000000
__Hbss                             bss          000000
__HbssBANK0                        bssBANK0     000000
__HbssCOMRAM                       bssCOMRAM    000000
__Hcinit                           cinit        000000
__Hclrtext                         clrtext      000000
__Hcomram                          comram       000000
__Hconfig                          config       30000E
__Hconst                           const        000000
__HcstackBANK0                     cstackBANK0  000000
__HcstackCOMRAM                    cstackCOMRAM 000000
__Hdata                            data         000000
__HdataBANK0                       dataBANK0    000000
__HdataBANK1                       dataBANK1    000000
__HdataCOMRAM                      dataCOMRAM   000000
__Heeprom_data                     eeprom_data  000000
__Hend_init                        end_init     00001C
__Hfarbss                          farbss       000000
__Hfardata                         fardata      000000
__Hibigdata                        ibigdata     000000
__Hidata                           idata        000000
__HidataBANK0                      idataBANK0   000000
__HidataBANK1                      idataBANK1   000000
__HidataCOMRAM                     idataCOMRAM  000000
__Hidloc                           idloc        200008
__Hifardata                        ifardata     000000
__Hinit                            init         000018
__Hintcode                         intcode      000018
__Hintcode_body                    intcode_body 000000
__Hintcodelo                       intcodelo    000018
__Hintentry                        intentry     000000
__Hintret                          intret       000000
__Hintsave_regs                    intsave_regs 000000
__Hirdata                          irdata       000000
__Hmediumconst                     mediumconst  010000
__HnvFARRAM                        nvFARRAM     000000
__Hnvbit                           nvbit        000000
__Hnvrram                          nvrram       000000
__Hparam                           rparam       000000
__Hpowerup                         powerup      000018
__Hram                             ram          000000
__Hramtop                          ramtop       001000
__Hrbit                            rbit         000000
__Hrbss                            rbss         000000
__Hrdata                           rdata        000000
__Hreset_vec                       reset_vec    000004
__Hrparam                          rparam       000000
__Hsfr                             sfr          000000
__Hsmallconst                      smallconst   000000
__Hspace_0                         (abs)        30000E
__Hspace_1                         (abs)        000121
__Hspace_2                         (abs)        000000
__Hstack                           stack        000000
__Hstruct                          struct       000000
__Htemp                            temp         000000
__Htext                            text         000000
__Htext0                           text0        000000
__Htext1                           text1        000000
__Htext10                          text10       000000
__Htext11                          text11       000000
__Htext12                          text12       000000
__Htext13                          text13       000000
__Htext14                          text14       000000
__Htext15                          text15       000000
__Htext16                          text16       000000
__Htext17                          text17       000000
__Htext18                          text18       000000
__Htext19                          text19       000000
__Htext2                           text2        000000
__Htext20                          text20       000000
__Htext21                          text21       000000
__Htext22                          text22       000000
__Htext23                          text23       000000
__Htext24                          text24       000000
__Htext25                          text25       000000
__Htext26                          text26       000000
__Htext27                          text27       000000
__Htext28                          text28       000000
__Htext29                          text29       000000
__Htext3                           text3        000000
__Htext30                          text30       000000
__Htext31                          text31       000000
__Htext32                          text32       000000
__Htext33                          text33       000000
__Htext34                          text34       000000
__Htext35                          text35       000000
__Htext36                          text36       000000
__Htext37                          text37       000000
__Htext39                          text39       000000
__Htext4                           text4        000000
__Htext40                          text40       000000
__Htext41                          text41       000000
__Htext5                           text5        000000
__Htext6                           text6        000000
__Htext7                           text7        000000
__Htext8                           text8        000000
__Htext9                           text9        000000
__LRAM                             (abs)        000001
__Labs1                            abs1         000000
__Lbank0                           bank0        000000
__Lbank1                           bank1        000000
__Lbank10                          bank10       000000
__Lbank11                          bank11       000000
__Lbank12                          bank12       000000
__Lbank13                          bank13       000000
__Lbank14                          bank14       000000
__Lbank15                          bank15       000000
__Lbank2                           bank2        000000
__Lbank3                           bank3        000000
__Lbank4                           bank4        000000
__Lbank5                           bank5        000000
__Lbank6                           bank6        000000
__Lbank7                           bank7        000000
__Lbank8                           bank8        000000
__Lbank9                           bank9        000000
__Lbigbss                          bigbss       000000
__Lbigdata                         bigdata      000000
__Lbigram                          bigram       000000
__Lbss                             bss          000000
__LbssBANK0                        bssBANK0     000000
__LbssCOMRAM                       bssCOMRAM    000000
__Lcinit                           cinit        000000
__Lclrtext                         clrtext      000000
__Lcomram                          comram       000000
__Lconfig                          config       300000
__Lconst                           const        000000
__LcstackBANK0                     cstackBANK0  000000
__LcstackCOMRAM                    cstackCOMRAM 000000
__Ldata                            data         000000
__LdataBANK0                       dataBANK0    000000
__LdataBANK1                       dataBANK1    000000
__LdataCOMRAM                      dataCOMRAM   000000
__Leeprom_data                     eeprom_data  000000
__Lend_init                        end_init     000018
__Lfarbss                          farbss       000000
__Lfardata                         fardata      000000
__Libigdata                        ibigdata     000000
__Lidata                           idata        000000
__LidataBANK0                      idataBANK0   000000
__LidataBANK1                      idataBANK1   000000
__LidataCOMRAM                     idataCOMRAM  000000
__Lidloc                           idloc        200000
__Lifardata                        ifardata     000000
__Linit                            init         000018
__Lintcode                         intcode      000008
__Lintcode_body                    intcode_body 000000
__Lintcodelo                       intcodelo    000018
__Lintentry                        intentry     000000
__Lintret                          intret       000000
__Lintsave_regs                    intsave_regs 000000
__Lirdata                          irdata       000000
__Lmediumconst                     mediumconst  00FD74
__LnvFARRAM                        nvFARRAM     000000
__Lnvbit                           nvbit        000000
__Lnvrram                          nvrram       000000
__Lparam                           rparam       000000
__Lpowerup                         powerup      000018
__Lram                             ram          000000
__Lramtop                          ramtop       001000
__Lrbit                            rbit         000000
__Lrbss                            rbss         000000
__Lrdata                           rdata        000000
__Lreset_vec                       reset_vec    000000
__Lrparam                          rparam       000000
__Lsfr                             sfr          000000
__Lsmallconst                      smallconst   000000
__Lspace_0                         (abs)        000000
__Lspace_1                         (abs)        000000
__Lspace_2                         (abs)        000000
__Lstack                           stack        000000
__Lstruct                          struct       000000
__Ltemp                            temp         000000
__Ltext                            text         000000
__Ltext0                           text0        000000
__Ltext1                           text1        000000
__Ltext10                          text10       000000
__Ltext11                          text11       000000
__Ltext12                          text12       000000
__Ltext13                          text13       000000
__Ltext14                          text14       000000
__Ltext15                          text15       000000
__Ltext16                          text16       000000
__Ltext17                          text17       000000
__Ltext18                          text18       000000
__Ltext19                          text19       000000
__Ltext2                           text2        000000
__Ltext20                          text20       000000
__Ltext21                          text21       000000
__Ltext22                          text22       000000
__Ltext23                          text23       000000
__Ltext24                          text24       000000
__Ltext25                          text25       000000
__Ltext26                          text26       000000
__Ltext27                          text27       000000
__Ltext28                          text28       000000
__Ltext29                          text29       000000
__Ltext3                           text3        000000
__Ltext30                          text30       000000
__Ltext31                          text31       000000
__Ltext32                          text32       000000
__Ltext33                          text33       000000
__Ltext34                          text34       000000
__Ltext35                          text35       000000
__Ltext36                          text36       000000
__Ltext37                          text37       000000
__Ltext39                          text39       000000
__Ltext4                           text4        000000
__Ltext40                          text40       000000
__Ltext41                          text41       000000
__Ltext5                           text5        000000
__Ltext6                           text6        000000
__Ltext7                           text7        000000
__Ltext8                           text8        000000
__Ltext9                           text9        000000
__S0                               (abs)        30000E
__S1                               (abs)        000121
__S2                               (abs)        000000
___awdiv                           text8        000AB8
___awdiv@counter                   cstackCOMRAM 00004C
___awdiv@dividend                  cstackCOMRAM 000048
___awdiv@divisor                   cstackCOMRAM 00004A
___awdiv@quotient                  cstackCOMRAM 00004E
___awdiv@sign                      cstackCOMRAM 00004D
___ftdiv                           text14       000556
___ftdiv@cntr                      cstackBANK0  0000E6
___ftdiv@exp                       cstackBANK0  0000EA
___ftdiv@f1                        cstackCOMRAM 00005D
___ftdiv@f2                        cstackCOMRAM 000060
___ftdiv@f3                        cstackBANK0  0000E7
___ftdiv@sign                      cstackBANK0  0000EB
___ftmul                           text13       000662
___ftmul@cntr                      cstackCOMRAM 00005B
___ftmul@exp                       cstackCOMRAM 000057
___ftmul@f1                        cstackCOMRAM 00004E
___ftmul@f2                        cstackCOMRAM 000051
___ftmul@f3_as_product             cstackCOMRAM 000058
___ftmul@sign                      cstackCOMRAM 00005C
___ftpack                          text15       0009F2
___ftpack@arg                      cstackCOMRAM 000042
___ftpack@exp                      cstackCOMRAM 000045
___ftpack@sign                     cstackCOMRAM 000046
___fttol                           text12       00075A
___fttol@exp1                      cstackCOMRAM 000050
___fttol@f1                        cstackCOMRAM 000042
___fttol@lval                      cstackCOMRAM 00004C
___fttol@sign1                     cstackCOMRAM 00004B
___inthi_sp                        stack        000000
___intlo_sp                        stack        000000
___lbtoft                          text11       000FCA
___lbtoft@c                        cstackCOMRAM 00004D
___lwdiv                           text5        000D7E
___lwdiv@counter                   cstackCOMRAM 000046
___lwdiv@dividend                  cstackCOMRAM 000042
___lwdiv@divisor                   cstackCOMRAM 000044
___lwdiv@quotient                  cstackCOMRAM 000047
___lwmod                           text4        000DDA
___lwmod@counter                   cstackCOMRAM 00004D
___lwmod@dividend                  cstackCOMRAM 000049
___lwmod@divisor                   cstackCOMRAM 00004B
___param_bank                      (abs)        000010
___rparam_used                     (abs)        000001
___sp                              stack        000000
___wmul                            text7        000FA2
___wmul@multiplicand               cstackCOMRAM 000044
___wmul@multiplier                 cstackCOMRAM 000042
___wmul@product                    cstackCOMRAM 000046
__accesstop                        (abs)        000080
__activetblptr                     (abs)        000002
__end_of_DS1621_Init               text22       001072
__end_of_DS1621_Read_Temp          text26       000F72
__end_of_DS3231_Read_Time          text25       000D1A
__end_of_Do_Init                   text16       000E72
__end_of_I2C_Init                  text21       001142
__end_of_I2C_ReStart               text33       0010A2
__end_of_I2C_Read                  text30       000EBA
__end_of_I2C_Start                 text29       0010DA
__end_of_I2C_Stop                  text28       0010C8
__end_of_I2C_Write                 text27       000F36
__end_of_I2C_Write_Cmd_Only        text24       00108C
__end_of_I2C_Write_Cmd_Write_Data  text23       001054
__end_of_INT0_isr                  text40       000556
__end_of_OpenUSART                 text18       000CB6
__end_of_TIMER1_isr                text39       001122
__end_of_Turn_Off_Fan              text20       001138
__end_of_Turn_On_Fan               text9        0010FC
__end_of___awdiv                   text8        000B4E
__end_of___ftdiv                   text14       000662
__end_of___ftmul                   text13       00075A
__end_of___ftpack                  text15       000AB8
__end_of___fttol                   text12       000840
__end_of___lbtoft                  text11       000FF0
__end_of___lwdiv                   text5        000DDA
__end_of___lwmod                   text4        000E26
__end_of___wmul                    text7        000FCA
__end_of__initialization           cinit        000BC0
__end_of_chkisr                    intcode_body 000C46
__end_of_do_update_pwm             text10       0009F2
__end_of_dpowers                   mediumconst  00FF5A
__end_of_font                      mediumconst  00FE74
__end_of_font2                     mediumconst  00FF50
__end_of_force_nec_state0          text41       00116E
__end_of_get_RPM                   text6        000EF8
__end_of_hexpowers                 mediumconst  00FF62
__end_of_i2cAck                    text32       0010EC
__end_of_i2cHighScl                text37       001116
__end_of_i2cHighSda                text36       001166
__end_of_i2cLowScl                 text35       00115E
__end_of_i2cLowSda                 text34       001156
__end_of_i2cNack                   text31       00114C
__end_of_init_INTERRUPT            text19       000FA2
__end_of_init_UART                 text17       0010B6
__end_of_isdigit                   text3        001012
__end_of_main                      text0        00091C
__end_of_printf                    text1        0003F6
__end_of_putch                     text2        00110A
__initialization                   cinit        000B4E
__mediumconst                      mediumconst  00FD74
__pbssBANK0                        bssBANK0     0000F5
__pbssCOMRAM                       bssCOMRAM    000001
__pcinit                           cinit        000B4E
__pcstackBANK0                     cstackBANK0  0000E3
__pcstackCOMRAM                    cstackCOMRAM 000032
__pdataBANK0                       dataBANK0    000080
__pdataBANK1                       dataBANK1    000100
__pdataCOMRAM                      dataCOMRAM   000063
__pidataBANK0                      idataBANK0   000D1A
__pidataBANK1                      idataBANK1   001012
__pidataCOMRAM                     idataCOMRAM  001122
__pintcode                         intcode      000008
__pintcode_body                    intcode_body 000BCA
__pmediumconst                     mediumconst  00FD74
__ptext0                           text0        000840
__ptext1                           text1        00001C
__ptext10                          text10       00091C
__ptext11                          text11       000FCA
__ptext12                          text12       00075A
__ptext13                          text13       000662
__ptext14                          text14       000556
__ptext15                          text15       0009F2
__ptext16                          text16       000E26
__ptext17                          text17       0010A2
__ptext18                          text18       000C46
__ptext19                          text19       000F72
__ptext2                           text2        0010FC
__ptext20                          text20       00112E
__ptext21                          text21       001138
__ptext22                          text22       001054
__ptext23                          text23       001034
__ptext24                          text24       001072
__ptext25                          text25       000CB6
__ptext26                          text26       000F36
__ptext27                          text27       000EF8
__ptext28                          text28       0010B6
__ptext29                          text29       0010C8
__ptext3                           text3        000FF0
__ptext30                          text30       000E72
__ptext31                          text31       001142
__ptext32                          text32       0010DA
__ptext33                          text33       00108C
__ptext34                          text34       00114C
__ptext35                          text35       001156
__ptext36                          text36       00115E
__ptext37                          text37       00110A
__ptext39                          text39       001116
__ptext4                           text4        000DDA
__ptext40                          text40       0003F6
__ptext41                          text41       001166
__ptext5                           text5        000D7E
__ptext6                           text6        000EBA
__ptext7                           text7        000FA2
__ptext8                           text8        000AB8
__ptext9                           text9        0010EC
__ramtop                           ramtop       001000
__size_of_DS1621_Init              (abs)        000000
__size_of_DS1621_Read_Temp         (abs)        000000
__size_of_DS3231_Read_Time         (abs)        000000
__size_of_Do_Init                  (abs)        000000
__size_of_I2C_Init                 (abs)        000000
__size_of_I2C_ReStart              (abs)        000000
__size_of_I2C_Read                 (abs)        000000
__size_of_I2C_Start                (abs)        000000
__size_of_I2C_Stop                 (abs)        000000
__size_of_I2C_Write                (abs)        000000
__size_of_I2C_Write_Cmd_Only       (abs)        000000
__size_of_I2C_Write_Cmd_Write_Data (abs)        000000
__size_of_INT0_isr                 (abs)        000000
__size_of_OpenUSART                (abs)        000000
__size_of_TIMER1_isr               (abs)        000000
__size_of_Turn_Off_Fan             (abs)        000000
__size_of_Turn_On_Fan              (abs)        000000
__size_of___awdiv                  (abs)        000000
__size_of___ftdiv                  (abs)        000000
__size_of___ftmul                  (abs)        000000
__size_of___ftpack                 (abs)        000000
__size_of___fttol                  (abs)        000000
__size_of___lbtoft                 (abs)        000000
__size_of___lwdiv                  (abs)        000000
__size_of___lwmod                  (abs)        000000
__size_of___wmul                   (abs)        000000
__size_of_chkisr                   (abs)        000000
__size_of_do_update_pwm            (abs)        000000
__size_of_force_nec_state0         (abs)        000000
__size_of_get_RPM                  (abs)        000000
__size_of_i2cAck                   (abs)        000000
__size_of_i2cHighScl               (abs)        000000
__size_of_i2cHighSda               (abs)        000000
__size_of_i2cLowScl                (abs)        000000
__size_of_i2cLowSda                (abs)        000000
__size_of_i2cNack                  (abs)        000000
__size_of_init_INTERRUPT           (abs)        000000
__size_of_init_UART                (abs)        000000
__size_of_isdigit                  (abs)        000000
__size_of_main                     (abs)        000000
__size_of_printf                   (abs)        000000
__size_of_putch                    (abs)        000000
__smallconst                       smallconst   000000
__tft_type                         bssCOMRAM    000018
_alarm_date                        bssCOMRAM    000019
_alarm_hour                        bssCOMRAM    00001A
_alarm_minute                      bssCOMRAM    00001B
_alarm_second                      bssCOMRAM    00001C
_alarm_time                        dataBANK0    000095
_array1                            dataBANK0    000080
_bit_count                         bssCOMRAM    00001D
_buffer                            dataBANK1    000100
_chkisr                            intcode      000008
_colstart                          bssCOMRAM    00001E
_date                              dataBANK0    0000C4
_day                               bssCOMRAM    00001F
_do_update_pwm                     text10       00091C
_dow                               bssCOMRAM    000020
_dpowers                           mediumconst  00FF50
_duty_cycle                        bssCOMRAM    000021
_font                              mediumconst  00FD75
_font2                             mediumconst  00FE74
_force_nec_state0                  text41       001166
_found                             bssCOMRAM    000022
_get_RPM                           text6        000EBA
_hexpowers                         mediumconst  00FF5A
_hour                              bssCOMRAM    000023
_i2cAck                            text32       0010DA
_i2cHighScl                        text37       00110A
_i2cHighSda                        text36       00115E
_i2cLowScl                         text35       001156
_i2cLowSda                         text34       00114C
_i2cNack                           text31       001142
_init_INTERRUPT                    text19       000F72
_init_UART                         text17       0010A2
_isdigit                           text3        000FF0
_isdigit$2279                      cstackCOMRAM 000043
_main                              text0        000840
_minute                            bssCOMRAM    000024
_month                             bssCOMRAM    000025
_nbr                               bssBANK0     0000F5
_nec_ok                            bssCOMRAM    00000D
_printf                            text1        00001C
_putch                             text2        0010FC
_rowstart                          bssCOMRAM    000026
_rpm                               bssCOMRAM    00000F
_rps                               bssCOMRAM    000011
_second                            bssCOMRAM    000027
_setup_alarm_hour                  bssCOMRAM    000028
_setup_alarm_minute                bssCOMRAM    000029
_setup_alarm_second                bssCOMRAM    00002A
_setup_alarm_time                  dataBANK0    00009E
_setup_date                        dataBANK0    0000A7
_setup_day                         bssCOMRAM    00002B
_setup_fan_temp                    dataCOMRAM   000063
_setup_fan_text                    dataBANK0    0000B9
_setup_hour                        bssCOMRAM    00002C
_setup_minute                      bssCOMRAM    00002D
_setup_month                       bssCOMRAM    00002E
_setup_second                      bssCOMRAM    00002F
_setup_time                        dataBANK0    0000B0
_setup_year                        bssCOMRAM    000030
_tempC                             dataCOMRAM   000066
_tempF                             dataCOMRAM   00006A
_tempSecond                        dataCOMRAM   000064
_time                              dataBANK0    0000CD
_txt                               bssCOMRAM    000013
_wrap                              dataCOMRAM   000065
_year                              bssCOMRAM    000031
do_update_pwm@dc_I                 cstackBANK0  0000F3
do_update_pwm@dc_f                 cstackBANK0  0000EF
do_update_pwm@duty_cycle           cstackBANK0  0000F2
end_of_initialization              cinit        000BC0
get_RPM@RPS                        cstackCOMRAM 000052
int_func                           intcode_body 000BCA
intlevel0                          text         000000
intlevel1                          text         000000
intlevel2                          text         000000
intlevel3                          text         000000
isdigit@c                          cstackCOMRAM 000044
printf@ap                          cstackBANK0  0000E4
printf@c                           cstackBANK0  0000EC
printf@f                           cstackCOMRAM 00004E
printf@flag                        cstackBANK0  0000E9
printf@idx                         cstackBANK0  0000E3
printf@prec                        cstackBANK0  0000E6
printf@val                         cstackBANK0  0000E7
printf@width                       cstackBANK0  0000EA
putch@c                            cstackCOMRAM 000042
stackhi                            (abs)        000F7F
stacklo                            (abs)        000121
start                              init         000018
start_initialization               cinit        000B4E


FUNCTION INFORMATION:

 *************** function _main *****************
 Defined at:
		line 126 in file "Lab11pC.c"
 Parameters:    Size  Location     Type
		None
 Auto vars:     Size  Location     Type
		None
 Return value:  Size  Location     Type
		None               void
 Registers used:
		wreg, fsr2l, fsr2h, status,2, status,0, tblptrl, tblptrh, tblptru, prodl, prodh, cstack
 Tracked objects:
		On entry : 
		On exit  : 
		Unchanged: 
 Data sizes:     COMRAM   BANK0   BANK1   BANK2   BANK3   BANK4   BANK5   BANK6   BANK7   BANK8   BANK9  BANK10  BANK11  BANK12  BANK13  BANK14  BANK15
      Params:         0       0       0       0       0       0       0       0       0       0       0       0       0       0       0       0       0
      Locals:         0       0       0       0       0       0       0       0       0       0       0       0       0       0       0       0       0
      Temps:          0       0       0       0       0       0       0       0       0       0       0       0       0       0       0       0       0
      Totals:         0       0       0       0       0       0       0       0       0       0       0       0       0       0       0       0       0
Total ram usage:        0 bytes
 Hardware stack levels required when called:    8
 This function calls:
		_DS1621_Read_Temp
		_DS3231_Read_Time
		_Do_Init
		_Turn_On_Fan
		___awdiv
		___wmul
		_do_update_pwm
		_get_RPM
		_printf
 This function is called by:
		Startup code after reset
 This function uses a non-reentrant model


 *************** function _printf *****************
 Defined at:
		line 464 in file "E:\XC8\sources\common\doprnt.c"
 Parameters:    Size  Location     Type
  f               2   28[COMRAM] PTR const unsigned char 
		 -> STR_14(20), STR_13(21), STR_12(30), 
 Auto vars:     Size  Location     Type
  idx             1    0[BANK0 ] unsigned char 
  tmpval          4    0        struct .
  cp              3    0        PTR const unsigned char 
  width           2    7[BANK0 ] int 
  val             2    4[BANK0 ] unsigned int 
  ap              2    1[BANK0 ] PTR void [1]
		 -> ?_printf(2), 
  len             2    0        unsigned int 
  c               1    9[BANK0 ] char 
  flag            1    6[BANK0 ] unsigned char 
  prec            1    3[BANK0 ] char 
 Return value:  Size  Location     Type
                  2   28[COMRAM] int 
 Registers used:
		wreg, fsr2l, fsr2h, status,2, status,0, tblptrl, tblptrh, tblptru, prodl, prodh, cstack
 Tracked objects:
		On entry : 
		On exit  : 
		Unchanged: 
 Data sizes:     COMRAM   BANK0   BANK1   BANK2   BANK3   BANK4   BANK5   BANK6   BANK7   BANK8   BANK9  BANK10  BANK11  BANK12  BANK13  BANK14  BANK15
      Params:        14       0       0       0       0       0       0       0       0       0       0       0       0       0       0       0       0
      Locals:         0      10       0       0       0       0       0       0       0       0       0       0       0       0       0       0       0
      Temps:          4       0       0       0       0       0       0       0       0       0       0       0       0       0       0       0       0
      Totals:        18      10       0       0       0       0       0       0       0       0       0       0       0       0       0       0       0
Total ram usage:       28 bytes
 Hardware stack levels used:    1
 Hardware stack levels required when called:    4
 This function calls:
		___lwdiv
		___lwmod
		___wmul
		_isdigit
		_putch
 This function is called by:
		_main
 This function uses a non-reentrant model


 *************** function _putch *****************
 Defined at:
		line 91 in file "Lab11pC.c"
 Parameters:    Size  Location     Type
  c               1    wreg     unsigned char 
 Auto vars:     Size  Location     Type
  c               1   16[COMRAM] unsigned char 
 Return value:  Size  Location     Type
		None               void
 Registers used:
		wreg
 Tracked objects:
		On entry : 
		On exit  : 
		Unchanged: 
 Data sizes:     COMRAM   BANK0   BANK1   BANK2   BANK3   BANK4   BANK5   BANK6   BANK7   BANK8   BANK9  BANK10  BANK11  BANK12  BANK13  BANK14  BANK15
      Params:         0       0       0       0       0       0       0       0       0       0       0       0       0       0       0       0       0
      Locals:         1       0       0       0       0       0       0       0       0       0       0       0       0       0       0       0       0
      Temps:          0       0       0       0       0       0       0       0       0       0       0       0       0       0       0       0       0
      Totals:         1       0       0       0       0       0       0       0       0       0       0       0       0       0       0       0       0
Total ram usage:        1 bytes
 Hardware stack levels used:    1
 Hardware stack levels required when called:    3
 This function calls:
		Nothing
 This function is called by:
		_printf
 This function uses a non-reentrant model


 *************** function _isdigit *****************
 Defined at:
		line 8 in file "E:\XC8\sources\common\isdigit.c"
 Parameters:    Size  Location     Type
  c               1    wreg     unsigned char 
 Auto vars:     Size  Location     Type
  c               1   18[COMRAM] unsigned char 
 Return value:  Size  Location     Type
		None               void
 Registers used:
		wreg, status,2, status,0
 Tracked objects:
		On entry : 
		On exit  : 
		Unchanged: 
 Data sizes:     COMRAM   BANK0   BANK1   BANK2   BANK3   BANK4   BANK5   BANK6   BANK7   BANK8   BANK9  BANK10  BANK11  BANK12  BANK13  BANK14  BANK15
      Params:         0       0       0       0       0       0       0       0       0       0       0       0       0       0       0       0       0
      Locals:         2       0       0       0       0       0       0       0       0       0       0       0       0       0       0       0       0
      Temps:          1       0       0       0       0       0       0       0       0       0       0       0       0       0       0       0       0
      Totals:         3       0       0       0       0       0       0       0       0       0       0       0       0       0       0       0       0
Total ram usage:        3 bytes
 Hardware stack levels used:    1
 Hardware stack levels required when called:    3
 This function calls:
		Nothing
 This function is called by:
		_printf
 This function uses a non-reentrant model


 *************** function ___lwmod *****************
 Defined at:
		line 8 in file "E:\XC8\sources\common\lwmod.c"
 Parameters:    Size  Location     Type
  dividend        2   23[COMRAM] unsigned int 
  divisor         2   25[COMRAM] unsigned int 
 Auto vars:     Size  Location     Type
  counter         1   27[COMRAM] unsigned char 
 Return value:  Size  Location     Type
                  2   23[COMRAM] unsigned int 
 Registers used:
		wreg, status,2, status,0
 Tracked objects:
		On entry : 
		On exit  : 
		Unchanged: 
 Data sizes:     COMRAM   BANK0   BANK1   BANK2   BANK3   BANK4   BANK5   BANK6   BANK7   BANK8   BANK9  BANK10  BANK11  BANK12  BANK13  BANK14  BANK15
      Params:         4       0       0       0       0       0       0       0       0       0       0       0       0       0       0       0       0
      Locals:         1       0       0       0       0       0       0       0       0       0       0       0       0       0       0       0       0
      Temps:          0       0       0       0       0       0       0       0       0       0       0       0       0       0       0       0       0
      Totals:         5       0       0       0       0       0       0       0       0       0       0       0       0       0       0       0       0
Total ram usage:        5 bytes
 Hardware stack levels used:    1
 Hardware stack levels required when called:    3
 This function calls:
		Nothing
 This function is called by:
		_printf
 This function uses a non-reentrant model


 *************** function ___lwdiv *****************
 Defined at:
		line 8 in file "E:\XC8\sources\common\lwdiv.c"
 Parameters:    Size  Location     Type
  dividend        2   16[COMRAM] unsigned int 
  divisor         2   18[COMRAM] unsigned int 
 Auto vars:     Size  Location     Type
  quotient        2   21[COMRAM] unsigned int 
  counter         1   20[COMRAM] unsigned char 
 Return value:  Size  Location     Type
                  2   16[COMRAM] unsigned int 
 Registers used:
		wreg, status,2, status,0
 Tracked objects:
		On entry : 
		On exit  : 
		Unchanged: 
 Data sizes:     COMRAM   BANK0   BANK1   BANK2   BANK3   BANK4   BANK5   BANK6   BANK7   BANK8   BANK9  BANK10  BANK11  BANK12  BANK13  BANK14  BANK15
      Params:         4       0       0       0       0       0       0       0       0       0       0       0       0       0       0       0       0
      Locals:         3       0       0       0       0       0       0       0       0       0       0       0       0       0       0       0       0
      Temps:          0       0       0       0       0       0       0       0       0       0       0       0       0       0       0       0       0
      Totals:         7       0       0       0       0       0       0       0       0       0       0       0       0       0       0       0       0
Total ram usage:        7 bytes
 Hardware stack levels used:    1
 Hardware stack levels required when called:    3
 This function calls:
		Nothing
 This function is called by:
		_printf
 This function uses a non-reentrant model


 *************** function _get_RPM *****************
 Defined at:
		line 18 in file "Fan_Support.c"
 Parameters:    Size  Location     Type
		None
 Auto vars:     Size  Location     Type
  RPS             2   32[COMRAM] int 
 Return value:  Size  Location     Type
                  2   30[COMRAM] int 
 Registers used:
		wreg, status,2, status,0, prodl, prodh, cstack
 Tracked objects:
		On entry : 
		On exit  : 
		Unchanged: 
 Data sizes:     COMRAM   BANK0   BANK1   BANK2   BANK3   BANK4   BANK5   BANK6   BANK7   BANK8   BANK9  BANK10  BANK11  BANK12  BANK13  BANK14  BANK15
      Params:         2       0       0       0       0       0       0       0       0       0       0       0       0       0       0       0       0
      Locals:         2       0       0       0       0       0       0       0       0       0       0       0       0       0       0       0       0
      Temps:          0       0       0       0       0       0       0       0       0       0       0       0       0       0       0       0       0
      Totals:         4       0       0       0       0       0       0       0       0       0       0       0       0       0       0       0       0
Total ram usage:        4 bytes
 Hardware stack levels used:    1
 Hardware stack levels required when called:    4
 This function calls:
		___awdiv
		___wmul
 This function is called by:
		_main
 This function uses a non-reentrant model


 *************** function ___wmul *****************
 Defined at:
		line 15 in file "E:\XC8\sources\common\Umul16.c"
 Parameters:    Size  Location     Type
  multiplier      2   16[COMRAM] unsigned int 
  multiplicand    2   18[COMRAM] unsigned int 
 Auto vars:     Size  Location     Type
  product         2   20[COMRAM] unsigned int 
 Return value:  Size  Location     Type
                  2   16[COMRAM] unsigned int 
 Registers used:
		wreg, status,2, status,0, prodl, prodh
 Tracked objects:
		On entry : 
		On exit  : 
		Unchanged: 
 Data sizes:     COMRAM   BANK0   BANK1   BANK2   BANK3   BANK4   BANK5   BANK6   BANK7   BANK8   BANK9  BANK10  BANK11  BANK12  BANK13  BANK14  BANK15
      Params:         4       0       0       0       0       0       0       0       0       0       0       0       0       0       0       0       0
      Locals:         2       0       0       0       0       0       0       0       0       0       0       0       0       0       0       0       0
      Temps:          0       0       0       0       0       0       0       0       0       0       0       0       0       0       0       0       0
      Totals:         6       0       0       0       0       0       0       0       0       0       0       0       0       0       0       0       0
Total ram usage:        6 bytes
 Hardware stack levels used:    1
 Hardware stack levels required when called:    3
 This function calls:
		Nothing
 This function is called by:
		_get_RPM
		_main
		_printf
		_delay_ms
		_drawChar
 This function uses a non-reentrant model


 *************** function ___awdiv *****************
 Defined at:
		line 8 in file "E:\XC8\sources\common\awdiv.c"
 Parameters:    Size  Location     Type
  dividend        2   22[COMRAM] int 
  divisor         2   24[COMRAM] int 
 Auto vars:     Size  Location     Type
  quotient        2   28[COMRAM] int 
  sign            1   27[COMRAM] unsigned char 
  counter         1   26[COMRAM] unsigned char 
 Return value:  Size  Location     Type
                  2   22[COMRAM] int 
 Registers used:
		wreg, status,2, status,0
 Tracked objects:
		On entry : 
		On exit  : 
		Unchanged: 
 Data sizes:     COMRAM   BANK0   BANK1   BANK2   BANK3   BANK4   BANK5   BANK6   BANK7   BANK8   BANK9  BANK10  BANK11  BANK12  BANK13  BANK14  BANK15
      Params:         4       0       0       0       0       0       0       0       0       0       0       0       0       0       0       0       0
      Locals:         4       0       0       0       0       0       0       0       0       0       0       0       0       0       0       0       0
      Temps:          0       0       0       0       0       0       0       0       0       0       0       0       0       0       0       0       0
      Totals:         8       0       0       0       0       0       0       0       0       0       0       0       0       0       0       0       0
Total ram usage:        8 bytes
 Hardware stack levels used:    1
 Hardware stack levels required when called:    3
 This function calls:
		Nothing
 This function is called by:
		_get_RPM
		_main
		_Update_Screen
 This function uses a non-reentrant model


 *************** function _Turn_On_Fan *****************
 Defined at:
		line 43 in file "Fan_Support.c"
 Parameters:    Size  Location     Type
		None
 Auto vars:     Size  Location     Type
		None
 Return value:  Size  Location     Type
		None               void
 Registers used:
		wreg, status,2, status,0, cstack
 Tracked objects:
		On entry : 
		On exit  : 
		Unchanged: 
 Data sizes:     COMRAM   BANK0   BANK1   BANK2   BANK3   BANK4   BANK5   BANK6   BANK7   BANK8   BANK9  BANK10  BANK11  BANK12  BANK13  BANK14  BANK15
      Params:         0       0       0       0       0       0       0       0       0       0       0       0       0       0       0       0       0
      Locals:         0       0       0       0       0       0       0       0       0       0       0       0       0       0       0       0       0
      Temps:          0       0       0       0       0       0       0       0       0       0       0       0       0       0       0       0       0
      Totals:         0       0       0       0       0       0       0       0       0       0       0       0       0       0       0       0       0
Total ram usage:        0 bytes
 Hardware stack levels used:    1
 Hardware stack levels required when called:    6
 This function calls:
		_do_update_pwm
 This function is called by:
		_main
		_Toggle_Fan
 This function uses a non-reentrant model


 *************** function _do_update_pwm *****************
 Defined at:
		line 84 in file "Fan_Support.c"
 Parameters:    Size  Location     Type
  duty_cycle      1    wreg     unsigned char 
 Auto vars:     Size  Location     Type
  duty_cycle      1   15[BANK0 ] unsigned char 
  dc_f            3   12[BANK0 ] float 
  dc_I            2   16[BANK0 ] int 
 Return value:  Size  Location     Type
		None               void
 Registers used:
		wreg, status,2, status,0, cstack
 Tracked objects:
		On entry : 
		On exit  : 
		Unchanged: 
 Data sizes:     COMRAM   BANK0   BANK1   BANK2   BANK3   BANK4   BANK5   BANK6   BANK7   BANK8   BANK9  BANK10  BANK11  BANK12  BANK13  BANK14  BANK15
      Params:         0       0       0       0       0       0       0       0       0       0       0       0       0       0       0       0       0
      Locals:         0       6       0       0       0       0       0       0       0       0       0       0       0       0       0       0       0
      Temps:          0       3       0       0       0       0       0       0       0       0       0       0       0       0       0       0       0
      Totals:         0       9       0       0       0       0       0       0       0       0       0       0       0       0       0       0       0
Total ram usage:        9 bytes
 Hardware stack levels used:    1
 Hardware stack levels required when called:    5
 This function calls:
		___ftdiv
		___ftmul
		___fttol
		___lbtoft
 This function is called by:
		_Turn_On_Fan
		_main
		_Increase_Speed
		_Decrease_Speed
		_Do_Beep
 This function uses a non-reentrant model


 *************** function ___lbtoft *****************
 Defined at:
		line 27 in file "E:\XC8\sources\common\lbtoft.c"
 Parameters:    Size  Location     Type
  c               1    wreg     unsigned char 
 Auto vars:     Size  Location     Type
  c               1   27[COMRAM] unsigned char 
 Return value:  Size  Location     Type
                  3   24[COMRAM] float 
 Registers used:
		wreg, status,2, status,0, cstack
 Tracked objects:
		On entry : 
		On exit  : 
		Unchanged: 
 Data sizes:     COMRAM   BANK0   BANK1   BANK2   BANK3   BANK4   BANK5   BANK6   BANK7   BANK8   BANK9  BANK10  BANK11  BANK12  BANK13  BANK14  BANK15
      Params:         3       0       0       0       0       0       0       0       0       0       0       0       0       0       0       0       0
      Locals:         1       0       0       0       0       0       0       0       0       0       0       0       0       0       0       0       0
      Temps:          0       0       0       0       0       0       0       0       0       0       0       0       0       0       0       0       0
      Totals:         4       0       0       0       0       0       0       0       0       0       0       0       0       0       0       0       0
Total ram usage:        4 bytes
 Hardware stack levels used:    1
 Hardware stack levels required when called:    4
 This function calls:
		___ftpack
 This function is called by:
		_do_update_pwm
 This function uses a non-reentrant model


 *************** function ___fttol *****************
 Defined at:
		line 44 in file "E:\XC8\sources\common\fttol.c"
 Parameters:    Size  Location     Type
  f1              3   16[COMRAM] float 
 Auto vars:     Size  Location     Type
  lval            4   26[COMRAM] unsigned long 
  exp1            1   30[COMRAM] unsigned char 
  sign1           1   25[COMRAM] unsigned char 
 Return value:  Size  Location     Type
                  4   16[COMRAM] long 
 Registers used:
		wreg, status,2, status,0
 Tracked objects:
		On entry : 
		On exit  : 
		Unchanged: 
 Data sizes:     COMRAM   BANK0   BANK1   BANK2   BANK3   BANK4   BANK5   BANK6   BANK7   BANK8   BANK9  BANK10  BANK11  BANK12  BANK13  BANK14  BANK15
      Params:         4       0       0       0       0       0       0       0       0       0       0       0       0       0       0       0       0
      Locals:         6       0       0       0       0       0       0       0       0       0       0       0       0       0       0       0       0
      Temps:          5       0       0       0       0       0       0       0       0       0       0       0       0       0       0       0       0
      Totals:        15       0       0       0       0       0       0       0       0       0       0       0       0       0       0       0       0
Total ram usage:       15 bytes
 Hardware stack levels used:    1
 Hardware stack levels required when called:    3
 This function calls:
		Nothing
 This function is called by:
		_do_update_pwm
 This function uses a non-reentrant model


 *************** function ___ftmul *****************
 Defined at:
		line 62 in file "E:\XC8\sources\common\ftmul.c"
 Parameters:    Size  Location     Type
  f1              3   28[COMRAM] float 
  f2              3   31[COMRAM] float 
 Auto vars:     Size  Location     Type
  f3_as_produc    3   38[COMRAM] unsigned um
  sign            1   42[COMRAM] unsigned char 
  cntr            1   41[COMRAM] unsigned char 
  exp             1   37[COMRAM] unsigned char 
 Return value:  Size  Location     Type
                  3   28[COMRAM] float 
 Registers used:
		wreg, status,2, status,0, cstack
 Tracked objects:
		On entry : 
		On exit  : 
		Unchanged: 
 Data sizes:     COMRAM   BANK0   BANK1   BANK2   BANK3   BANK4   BANK5   BANK6   BANK7   BANK8   BANK9  BANK10  BANK11  BANK12  BANK13  BANK14  BANK15
      Params:         6       0       0       0       0       0       0       0       0       0       0       0       0       0       0       0       0
      Locals:         6       0       0       0       0       0       0       0       0       0       0       0       0       0       0       0       0
      Temps:          3       0       0       0       0       0       0       0       0       0       0       0       0       0       0       0       0
      Totals:        15       0       0       0       0       0       0       0       0       0       0       0       0       0       0       0       0
Total ram usage:       15 bytes
 Hardware stack levels used:    1
 Hardware stack levels required when called:    4
 This function calls:
		___ftpack
 This function is called by:
		_do_update_pwm
 This function uses a non-reentrant model


 *************** function ___ftdiv *****************
 Defined at:
		line 54 in file "E:\XC8\sources\common\ftdiv.c"
 Parameters:    Size  Location     Type
  f1              3   43[COMRAM] float 
  f2              3   46[COMRAM] float 
 Auto vars:     Size  Location     Type
  f3              3    4[BANK0 ] float 
  sign            1    8[BANK0 ] unsigned char 
  exp             1    7[BANK0 ] unsigned char 
  cntr            1    3[BANK0 ] unsigned char 
 Return value:  Size  Location     Type
                  3   43[COMRAM] float 
 Registers used:
		wreg, status,2, status,0, cstack
 Tracked objects:
		On entry : 
		On exit  : 
		Unchanged: 
 Data sizes:     COMRAM   BANK0   BANK1   BANK2   BANK3   BANK4   BANK5   BANK6   BANK7   BANK8   BANK9  BANK10  BANK11  BANK12  BANK13  BANK14  BANK15
      Params:         6       0       0       0       0       0       0       0       0       0       0       0       0       0       0       0       0
      Locals:         0       6       0       0       0       0       0       0       0       0       0       0       0       0       0       0       0
      Temps:          0       3       0       0       0       0       0       0       0       0       0       0       0       0       0       0       0
      Totals:         6       9       0       0       0       0       0       0       0       0       0       0       0       0       0       0       0
Total ram usage:       15 bytes
 Hardware stack levels used:    1
 Hardware stack levels required when called:    4
 This function calls:
		___ftpack
 This function is called by:
		_do_update_pwm
 This function uses a non-reentrant model


 *************** function ___ftpack *****************
 Defined at:
		line 62 in file "E:\XC8\sources\common\float.c"
 Parameters:    Size  Location     Type
  arg             3   16[COMRAM] unsigned um
  exp             1   19[COMRAM] unsigned char 
  sign            1   20[COMRAM] unsigned char 
 Auto vars:     Size  Location     Type
		None
 Return value:  Size  Location     Type
                  3   16[COMRAM] float 
 Registers used:
		wreg, status,2, status,0
 Tracked objects:
		On entry : 
		On exit  : 
		Unchanged: 
 Data sizes:     COMRAM   BANK0   BANK1   BANK2   BANK3   BANK4   BANK5   BANK6   BANK7   BANK8   BANK9  BANK10  BANK11  BANK12  BANK13  BANK14  BANK15
      Params:         5       0       0       0       0       0       0       0       0       0       0       0       0       0       0       0       0
      Locals:         0       0       0       0       0       0       0       0       0       0       0       0       0       0       0       0       0
      Temps:          3       0       0       0       0       0       0       0       0       0       0       0       0       0       0       0       0
      Totals:         8       0       0       0       0       0       0       0       0       0       0       0       0       0       0       0       0
Total ram usage:        8 bytes
 Hardware stack levels used:    1
 Hardware stack levels required when called:    3
 This function calls:
		Nothing
 This function is called by:
		___ftdiv
		___ftmul
		___lbtoft
 This function uses a non-reentrant model


 *************** function _Do_Init *****************
 Defined at:
		line 104 in file "Lab11pC.c"
 Parameters:    Size  Location     Type
		None
 Auto vars:     Size  Location     Type
		None
 Return value:  Size  Location     Type
		None               void
 Registers used:
		wreg, status,2, status,0, cstack
 Tracked objects:
		On entry : 
		On exit  : 
		Unchanged: 
 Data sizes:     COMRAM   BANK0   BANK1   BANK2   BANK3   BANK4   BANK5   BANK6   BANK7   BANK8   BANK9  BANK10  BANK11  BANK12  BANK13  BANK14  BANK15
      Params:         0       0       0       0       0       0       0       0       0       0       0       0       0       0       0       0       0
      Locals:         0       0       0       0       0       0       0       0       0       0       0       0       0       0       0       0       0
      Temps:          0       0       0       0       0       0       0       0       0       0       0       0       0       0       0       0       0
      Totals:         0       0       0       0       0       0       0       0       0       0       0       0       0       0       0       0       0
Total ram usage:        0 bytes
 Hardware stack levels used:    1
 Hardware stack levels required when called:    7
 This function calls:
		_DS1621_Init
		_I2C_Init
		_Turn_Off_Fan
		_init_INTERRUPT
		_init_UART
 This function is called by:
		_main
 This function uses a non-reentrant model


 *************** function _init_UART *****************
 Defined at:
		line 97 in file "Lab11pC.c"
 Parameters:    Size  Location     Type
		None
 Auto vars:     Size  Location     Type
		None
 Return value:  Size  Location     Type
		None               void
 Registers used:
		wreg, status,2, cstack
 Tracked objects:
		On entry : 
		On exit  : 
		Unchanged: 
 Data sizes:     COMRAM   BANK0   BANK1   BANK2   BANK3   BANK4   BANK5   BANK6   BANK7   BANK8   BANK9  BANK10  BANK11  BANK12  BANK13  BANK14  BANK15
      Params:         0       0       0       0       0       0       0       0       0       0       0       0       0       0       0       0       0
      Locals:         0       0       0       0       0       0       0       0       0       0       0       0       0       0       0       0       0
      Temps:          0       0       0       0       0       0       0       0       0       0       0       0       0       0       0       0       0
      Totals:         0       0       0       0       0       0       0       0       0       0       0       0       0       0       0       0       0
Total ram usage:        0 bytes
 Hardware stack levels used:    1
 Hardware stack levels required when called:    4
 This function calls:
		_OpenUSART
 This function is called by:
		_Do_Init
 This function uses a non-reentrant model


 *************** function _OpenUSART *****************
 Defined at:
		line 73 in file "E:\XC8\sources\pic18\plib\USART\uopen.c"
 Parameters:    Size  Location     Type
  config          1    wreg     unsigned char 
[...]
 Tracked objects:
		On entry : 
		On exit  : 
		Unchanged: 
 Data sizes:     COMRAM   BANK0   BANK1   BANK2   BANK3   BANK4   BANK5   BANK6   BANK7   BANK8   BANK9  BANK10  BANK11  BANK12  BANK13  BANK14  BANK15
      Params:         0       0       0       0       0       0       0       0       0       0       0       0       0       0       0       0       0
      Locals:         3       0       0       0       0       0       0       0       0       0       0       0       0       0       0       0       0
      Temps:          0       0       0       0       0       0       0       0       0       0       0       0       0       0       0       0       0
      Totals:         3       0       0       0       0       0       0       0       0       0       0       0       0       0       0       0       0
Total ram usage:        3 bytes
 Hardware stack levels used:    1
 Hardware stack levels required when called:    5
 This function calls:
		_i2cAck
		_i2cHighScl
		_i2cHighSda
		_i2cLowScl
		_i2cNack
 This function is called by:
		_DS1621_Read_Temp
		_DS3231_Read_Time
		_I2C_Write_Address_Read_One_Byte
		_I2C_Write_Cmd_Read_One_Byte
 This function uses a non-reentrant model


 *************** function _i2cNack *****************
 Defined at:
		line 57 in file "I2C.c"
 Parameters:    Size  Location     Type
		None
 Auto vars:     Size  Location     Type
		None
 Return value:  Size  Location     Type
		None               void
 Registers used:
		wreg, cstack
 Tracked objects:
		On entry : 
		On exit  : 
		Unchanged: 
 Data sizes:     COMRAM   BANK0   BANK1   BANK2   BANK3   BANK4   BANK5   BANK6   BANK7   BANK8   BANK9  BANK10  BANK11  BANK12  BANK13  BANK14  BANK15
      Params:         0       0       0       0       0       0       0       0       0       0       0       0       0       0       0       0       0
      Locals:         0       0       0       0       0       0       0       0       0       0       0       0       0       0       0       0       0
      Temps:          0       0       0       0       0       0       0       0       0       0       0       0       0       0       0       0       0
      Totals:         0       0       0       0       0       0       0       0       0       0       0       0       0       0       0       0       0
Total ram usage:        0 bytes
 Hardware stack levels used:    1
 Hardware stack levels required when called:    4
 This function calls:
		_i2cHighScl
		_i2cLowScl
 This function is called by:
		_I2C_Read
 This function uses a non-reentrant model


 *************** function _i2cAck *****************
 Defined at:
		line 63 in file "I2C.c"
 Parameters:    Size  Location     Type
		None
 Auto vars:     Size  Location     Type
		None
 Return value:  Size  Location     Type
		None               void
 Registers used:
		wreg, cstack
 Tracked objects:
		On entry : 
		On exit  : 
		Unchanged: 
 Data sizes:     COMRAM   BANK0   BANK1   BANK2   BANK3   BANK4   BANK5   BANK6   BANK7   BANK8   BANK9  BANK10  BANK11  BANK12  BANK13  BANK14  BANK15
      Params:         0       0       0       0       0       0       0       0       0       0       0       0       0       0       0       0       0
      Locals:         0       0       0       0       0       0       0       0       0       0       0       0       0       0       0       0       0
      Temps:          0       0       0       0       0       0       0       0       0       0       0       0       0       0       0       0       0
      Totals:         0       0       0       0       0       0       0       0       0       0       0       0       0       0       0       0       0
Total ram usage:        0 bytes
 Hardware stack levels used:    1
 Hardware stack levels required when called:    4
 This function calls:
		_i2cHighScl
		_i2cHighSda
		_i2cLowScl
		_i2cLowSda
 This function is called by:
		_I2C_Read
 This function uses a non-reentrant model


 *************** function _I2C_ReStart *****************
 Defined at:
		line 79 in file "I2C.c"
 Parameters:    Size  Location     Type
		None
 Auto vars:     Size  Location     Type
		None
 Return value:  Size  Location     Type
		None               void
 Registers used:
		wreg, cstack
 Tracked objects:
		On entry : 
		On exit  : 
		Unchanged: 
 Data sizes:     COMRAM   BANK0   BANK1   BANK2   BANK3   BANK4   BANK5   BANK6   BANK7   BANK8   BANK9  BANK10  BANK11  BANK12  BANK13  BANK14  BANK15
      Params:         0       0       0       0       0       0       0       0       0       0       0       0       0       0       0       0       0
      Locals:         0       0       0       0       0       0       0       0       0       0       0       0       0       0       0       0       0
      Temps:          0       0       0       0       0       0       0       0       0       0       0       0       0       0       0       0       0
      Totals:         0       0       0       0       0       0       0       0       0       0       0       0       0       0       0       0       0
Total ram usage:        0 bytes
 Hardware stack levels used:    1
 Hardware stack levels required when called:    4
 This function calls:
		_i2cHighScl
		_i2cHighSda
		_i2cLowScl
		_i2cLowSda
 This function is called by:
		_DS1621_Read_Temp
		_DS3231_Read_Time
		_I2C_Write_Address_Read_One_Byte
		_I2C_Write_Cmd_Read_One_Byte
 This function uses a non-reentrant model


 *************** function _i2cLowSda *****************
 Defined at:
		line 102 in file "I2C.c"
 Parameters:    Size  Location     Type
		None
 Auto vars:     Size  Location     Type
		None
 Return value:  Size  Location     Type
		None               void
 Registers used:
		None
 Tracked objects:
		On entry : 
		On exit  : 
		Unchanged: 
 Data sizes:     COMRAM   BANK0   BANK1   BANK2   BANK3   BANK4   BANK5   BANK6   BANK7   BANK8   BANK9  BANK10  BANK11  BANK12  BANK13  BANK14  BANK15
      Params:         0       0       0       0       0       0       0       0       0       0       0       0       0       0       0       0       0
      Locals:         0       0       0       0       0       0       0       0       0       0       0       0       0       0       0       0       0
      Temps:          0       0       0       0       0       0       0       0       0       0       0       0       0       0       0       0       0
      Totals:         0       0       0       0       0       0       0       0       0       0       0       0       0       0       0       0       0
Total ram usage:        0 bytes
 Hardware stack levels used:    1
 Hardware stack levels required when called:    3
 This function calls:
		Nothing
 This function is called by:
		_I2C_Write
		_i2cAck
		_I2C_Start
		_I2C_ReStart
		_I2C_Stop
 This function uses a non-reentrant model


 *************** function _i2cLowScl *****************
 Defined at:
		line 115 in file "I2C.c"
 Parameters:    Size  Location     Type
		None
 Auto vars:     Size  Location     Type
		None
 Return value:  Size  Location     Type
		None               void
 Registers used:
		None
 Tracked objects:
		On entry : 
		On exit  : 
		Unchanged: 
 Data sizes:     COMRAM   BANK0   BANK1   BANK2   BANK3   BANK4   BANK5   BANK6   BANK7   BANK8   BANK9  BANK10  BANK11  BANK12  BANK13  BANK14  BANK15
      Params:         0       0       0       0       0       0       0       0       0       0       0       0       0       0       0       0       0
      Locals:         0       0       0       0       0       0       0       0       0       0       0       0       0       0       0       0       0
      Temps:          0       0       0       0       0       0       0       0       0       0       0       0       0       0       0       0       0
      Totals:         0       0       0       0       0       0       0       0       0       0       0       0       0       0       0       0       0
Total ram usage:        0 bytes
 Hardware stack levels used:    1
 Hardware stack levels required when called:    3
 This function calls:
		Nothing
 This function is called by:
		_I2C_Read
		_I2C_Write
		_i2cNack
		_i2cAck
		_I2C_Start
		_I2C_ReStart
		_I2C_Stop
 This function uses a non-reentrant model


 *************** function _i2cHighSda *****************
 Defined at:
		line 96 in file "I2C.c"
 Parameters:    Size  Location     Type
		None
 Auto vars:     Size  Location     Type
		None
 Return value:  Size  Location     Type
		None               void
 Registers used:
		None
 Tracked objects:
		On entry : 
		On exit  : 
		Unchanged: 
 Data sizes:     COMRAM   BANK0   BANK1   BANK2   BANK3   BANK4   BANK5   BANK6   BANK7   BANK8   BANK9  BANK10  BANK11  BANK12  BANK13  BANK14  BANK15
      Params:         0       0       0       0       0       0       0       0       0       0       0       0       0       0       0       0       0
      Locals:         0       0       0       0       0       0       0       0       0       0       0       0       0       0       0       0       0
      Temps:          0       0       0       0       0       0       0       0       0       0       0       0       0       0       0       0       0
      Totals:         0       0       0       0       0       0       0       0       0       0       0       0       0       0       0       0       0
Total ram usage:        0 bytes
 Hardware stack levels used:    1
 Hardware stack levels required when called:    3
 This function calls:
		Nothing
 This function is called by:
		_I2C_Init
		_I2C_Read
		_I2C_Write
		_i2cAck
		_I2C_Start
		_I2C_ReStart
		_I2C_Stop
 This function uses a non-reentrant model


 *************** function _i2cHighScl *****************
 Defined at:
		line 109 in file "I2C.c"
 Parameters:    Size  Location     Type
		None
 Auto vars:     Size  Location     Type
		None
 Return value:  Size  Location     Type
		None               void
 Registers used:
		wreg
 Tracked objects:
		On entry : 
		On exit  : 
		Unchanged: 
 Data sizes:     COMRAM   BANK0   BANK1   BANK2   BANK3   BANK4   BANK5   BANK6   BANK7   BANK8   BANK9  BANK10  BANK11  BANK12  BANK13  BANK14  BANK15
      Params:         0       0       0       0       0       0       0       0       0       0       0       0       0       0       0       0       0
      Locals:         0       0       0       0       0       0       0       0       0       0       0       0       0       0       0       0       0
      Temps:          0       0       0       0       0       0       0       0       0       0       0       0       0       0       0       0       0
      Totals:         0       0       0       0       0       0       0       0       0       0       0       0       0       0       0       0       0
Total ram usage:        0 bytes
 Hardware stack levels used:    1
 Hardware stack levels required when called:    3
 This function calls:
		Nothing
 This function is called by:
		_I2C_Init
		_I2C_Read
		_I2C_Write
		_i2cNack
		_i2cAck
		_I2C_Start
		_I2C_ReStart
		_I2C_Stop
 This function uses a non-reentrant model


 *************** function _chkisr *****************
 Defined at:
		line 29 in file "Interrupt.c"
 Parameters:    Size  Location     Type
		None
 Auto vars:     Size  Location     Type
		None
 Return value:  Size  Location     Type
		None               void
 Registers used:
		wreg, status,2, status,0, cstack
 Tracked objects:
		On entry : 
		On exit  : 
		Unchanged: 
 Data sizes:     COMRAM   BANK0   BANK1   BANK2   BANK3   BANK4   BANK5   BANK6   BANK7   BANK8   BANK9  BANK10  BANK11  BANK12  BANK13  BANK14  BANK15
      Params:         0       0       0       0       0       0       0       0       0       0       0       0       0       0       0       0       0
      Locals:         0       0       0       0       0       0       0       0       0       0       0       0       0       0       0       0       0
      Temps:         14       0       0       0       0       0       0       0       0       0       0       0       0       0       0       0       0
      Totals:        14       0       0       0       0       0       0       0       0       0       0       0       0       0       0       0       0
Total ram usage:       14 bytes
 Hardware stack levels used:    1
 Hardware stack levels required when called:    2
 This function calls:
		_INT0_isr
		_TIMER1_isr
 This function is called by:
		Interrupt level 2
 This function uses a non-reentrant model


 *************** function _TIMER1_isr *****************
 Defined at:
		line 35 in file "Interrupt.c"
 Parameters:    Size  Location     Type
		None
 Auto vars:     Size  Location     Type
		None
 Return value:  Size  Location     Type
		None               void
 Registers used:
		wreg, status,2
 Tracked objects:
		On entry : 
		On exit  : 
		Unchanged: 
 Data sizes:     COMRAM   BANK0   BANK1   BANK2   BANK3   BANK4   BANK5   BANK6   BANK7   BANK8   BANK9  BANK10  BANK11  BANK12  BANK13  BANK14  BANK15
      Params:         0       0       0       0       0       0       0       0       0       0       0       0       0       0       0       0       0
      Locals:         0       0       0       0       0       0       0       0       0       0       0       0       0       0       0       0       0
      Temps:          0       0       0       0       0       0       0       0       0       0       0       0       0       0       0       0       0
      Totals:         0       0       0       0       0       0       0       0       0       0       0       0       0       0       0       0       0
Total ram usage:        0 bytes
 Hardware stack levels used:    1
 This function calls:
		Nothing
 This function is called by:
		_chkisr
 This function uses a non-reentrant model


 *************** function _INT0_isr *****************
 Defined at:
		line 49 in file "Interrupt.c"
 Parameters:    Size  Location     Type
		None
 Auto vars:     Size  Location     Type
		None
 Return value:  Size  Location     Type
		None               void
 Registers used:
		wreg, status,2, status,0, cstack
 Tracked objects:
		On entry : 
		On exit  : 
		Unchanged: 
 Data sizes:     COMRAM   BANK0   BANK1   BANK2   BANK3   BANK4   BANK5   BANK6   BANK7   BANK8   BANK9  BANK10  BANK11  BANK12  BANK13  BANK14  BANK15
      Params:         0       0       0       0       0       0       0       0       0       0       0       0       0       0       0       0       0
      Locals:         0       0       0       0       0       0       0       0       0       0       0       0       0       0       0       0       0
      Temps:          2       0       0       0       0       0       0       0       0       0       0       0       0       0       0       0       0
      Totals:         2       0       0       0       0       0       0       0       0       0       0       0       0       0       0       0       0
Total ram usage:        2 bytes
 Hardware stack levels used:    1
 Hardware stack levels required when called:    1
 This function calls:
		_force_nec_state0
 This function is called by:
		_chkisr
 This function uses a non-reentrant model


 *************** function _force_nec_state0 *****************
 Defined at:
		line 43 in file "Interrupt.c"
 Parameters:    Size  Location     Type
		None
 Auto vars:     Size  Location     Type
		None
 Return value:  Size  Location     Type
		None               void
 Registers used:
		wreg, status,2
 Tracked objects:
		On entry : 
		On exit  : 
		Unchanged: 
 Data sizes:     COMRAM   BANK0   BANK1   BANK2   BANK3   BANK4   BANK5   BANK6   BANK7   BANK8   BANK9  BANK10  BANK11  BANK12  BANK13  BANK14  BANK15
      Params:         0       0       0       0       0       0       0       0       0       0       0       0       0       0       0       0       0
      Locals:         0       0       0       0       0       0       0       0       0       0       0       0       0       0       0       0       0
      Temps:          0       0       0       0       0       0       0       0       0       0       0       0       0       0       0       0       0
      Totals:         0       0       0       0       0       0       0       0       0       0       0       0       0       0       0       0       0
Total ram usage:        0 bytes
 Hardware stack levels used:    1
 This function calls:
		Nothing
 This function is called by:
		_INT0_isr
 This function uses a non-reentrant model



MODULE INFORMATION

Module		Function		Class		Link	Load	Size
E:\XC8\sources\common\Umul16.c
		___wmul        		CODE           	0FA2	0000	41

E:\XC8\sources\common\Umul16.c estimated size: 41

E:\XC8\sources\pic18\plib\USART\uopen.c
		_OpenUSART     		CODE           	0C46	0000	113

E:\XC8\sources\pic18\plib\USART\uopen.c estimated size: 113

E:\XC8\sources\common\float.c
		___ftpack      		CODE           	09F2	0000	199

E:\XC8\sources\common\float.c estimated size: 199

Lab11pC.c
		_putch         		CODE           	10FC	0000	15
		_main          		CODE           	0840	0000	221
		_init_UART     		CODE           	10A2	0000	21
		_Do_Init       		CODE           	0E26	0000	77

Lab11pC.c estimated size: 334

I2C.c
		_i2cLowSda     		CODE           	114C	0000	11
		_i2cLowScl     		CODE           	1156	0000	9
		_I2C_Write_Cmd_		CODE           	1072	0000	27
		_I2C_Write     		CODE           	0EF8	0000	63
		_I2C_Write_Cmd_		CODE           	1034	0000	33
		_I2C_Stop      		CODE           	10B6	0000	19
		_I2C_Read      		CODE           	0E72	0000	73
		_i2cNack       		CODE           	1142	0000	11
		_I2C_Init      		CODE           	1138	0000	11
		_i2cHighSda    		CODE           	115E	0000	9
		_i2cHighScl    		CODE           	110A	0000	13
		_I2C_Start     		CODE           	10C8	0000	19
		_i2cAck        		CODE           	10DA	0000	19
		_I2C_ReStart   		CODE           	108C	0000	23

I2C.c estimated size: 340

E:\XC8\sources\common\isdigit.c
		_isdigit       		CODE           	0FF0	0000	35

E:\XC8\sources\common\isdigit.c estimated size: 35

E:\XC8\sources\common\lwmod.c
		___lwmod       		CODE           	0DDA	0000	77

E:\XC8\sources\common\lwmod.c estimated size: 77

Fan_Support.c
		_Turn_On_Fan   		CODE           	10EC	0000	17
		_get_RPM       		CODE           	0EBA	0000	63
		_do_update_pwm 		CODE           	091C	0000	215
		_Turn_Off_Fan  		CODE           	112E	0000	11

Fan_Support.c estimated size: 306

I2C_Support.c
		_DS3231_Read_Ti		CODE           	0CB6	0000	101
		_DS1621_Init   		CODE           	1054	0000	31
		_DS1621_Read_Te		CODE           	0F36	0000	61

I2C_Support.c estimated size: 193

E:\XC8\sources\common\lbtoft.c
		___lbtoft      		CODE           	0FCA	0000	39

E:\XC8\sources\common\lbtoft.c estimated size: 39

E:\XC8\sources\common\ftmul.c
		___ftmul       		CODE           	0662	0000	249

E:\XC8\sources\common\ftmul.c estimated size: 249

shared
		_font          		MEDIUMCONST    	FD75	0000	256
		_dpowers       		MEDIUMCONST    	FF50	0000	11
		__initializatio		CODE           	0B4E	0000	115
		_hexpowers     		MEDIUMCONST    	FF5A	0000	9
		_font2         		MEDIUMCONST    	FE74	0000	221

shared estimated size: 612

Interrupt.c
		_TIMER1_isr    		CODE           	1116	0000	13
		_init_INTERRUPT		CODE           	0F72	0000	49
		_force_nec_stat		CODE           	1166	0000	9
		_INT0_isr      		CODE           	03F6	0000	353
		_chkisr        		CODE           	0008	0000	141

Interrupt.c estimated size: 565

E:\XC8\sources\common\ftdiv.c
		___ftdiv       		CODE           	0556	0000	269

E:\XC8\sources\common\ftdiv.c estimated size: 269

E:\XC8\sources\common\lwdiv.c
		___lwdiv       		CODE           	0D7E	0000	93

E:\XC8\sources\common\lwdiv.c estimated size: 93

E:\XC8\sources\common\awdiv.c
		___awdiv       		CODE           	0AB8	0000	151

E:\XC8\sources\common\awdiv.c estimated size: 151

E:\XC8\sources\common\fttol.c
		___fttol       		CODE           	075A	0000	231

E:\XC8\sources\common\fttol.c estimated size: 231

E:\XC8\sources\common\doprnt.c
		_printf        		CODE           	001C	0000	987

E:\XC8\sources\common\doprnt.c estimated size: 987

